 modified_motor_slrt

 Timestamp is 5e6af432 (Thu Mar 12 22:47:14 2020)

 Preferred load address is 10000000

 Start         Length     Name                   Class
 0001:00000000 0006c1acH .text$mn                CODE
 0001:0006c1ac 0000105aH .text$x                 CODE
 0002:00000000 00000104H .CRT$XCA                DATA
 0002:00000104 00000104H .CRT$XCZ                DATA
 0002:00000208 00000104H .CRT$XIA                DATA
 0002:0000030c 00000110H .CRT$XIC                DATA
 0002:0000041c 00000104H .CRT$XIZ                DATA
 0002:00000520 00000104H .CRT$XPA                DATA
 0002:00000624 0000010cH .CRT$XPX                DATA
 0002:00000730 00000104H .CRT$XPXA               DATA
 0002:00000834 00000104H .CRT$XPZ                DATA
 0002:00000938 00000104H .CRT$XTA                DATA
 0002:00000a3c 00000104H .CRT$XTZ                DATA
 0002:00000b40 0000f924H .rdata                  DATA
 0002:00010464 0000044cH .rdata$r                DATA
 0002:000108b0 00000124H .rdata$sxdata           DATA
 0002:000109d4 000001b8H .rdata$zzzdbg           DATA
 0002:00010b8c 00000104H .rtc$IAA                DATA
 0002:00010c90 00000104H .rtc$IZZ                DATA
 0002:00010d94 00000104H .rtc$TAA                DATA
 0002:00010e98 00000108H .rtc$TZZ                DATA
 0002:00010fa0 00000cd0H .xdata$x                DATA
 0002:00011c70 000001e8H .edata                  DATA
 0003:00000000 000012f0H .data                   DATA
 0003:000012f0 00000250H .data$r                 DATA
 0003:00001540 00015604H .bss                    DATA
 0004:00000000 000001b4H .idata$5                DATA
 0004:000001b4 00000014H .idata$2                DATA
 0004:000001c8 00000014H .idata$3                DATA
 0004:000001dc 000001b4H .idata$4                DATA
 0004:00000390 000007a2H .idata$6                DATA
 0005:00000000 00000311H .gfids$y                DATA
 0006:00000000 00000104H .00cfg                  DATA

  Address         Publics by Value              Rva+Base       Lib:Object

 0000:00000000       ___guard_longjmp_table     00000000     <absolute>
 0000:00000000       __except_list              00000000     <absolute>
 0000:00000000       ___dynamic_value_reloc_table 00000000     <absolute>
 0000:00000000       ___guard_iat_table         00000000     <absolute>
 0000:00000000       ___guard_fids_count        00000000     <absolute>
 0000:00000000       ___guard_iat_count         00000000     <absolute>
 0000:00000000       ___guard_longjmp_count     00000000     <absolute>
 0000:00000000       ___guard_fids_table        00000000     <absolute>
 0000:00000007       ___safe_se_handler_count   00000007     <absolute>
 0000:00000100       ___guard_flags             00000100     <absolute>
 0000:00000000       ___ImageBase               10000000     <linker-defined>
 0001:00006370       _MdlInitialize             10007370 f   modified_motor.obj
 0001:00006380       _MdlInitializeSampleTimes  10007380 f   modified_motor.obj
 0001:00006390       _MdlInitializeSizes        10007390 f   modified_motor.obj
 0001:000063a0       _MdlOutputs                100073a0 f   modified_motor.obj
 0001:000063d0       _MdlStart                  100073d0 f   modified_motor.obj
 0001:000063e0       _MdlTerminate              100073e0 f   modified_motor.obj
 0001:00006410       _MdlUpdate                 10007410 f   modified_motor.obj
 0001:00006440       ___local_stdio_printf_options 10007440 f i modified_motor.obj
 0001:00006450       __vfprintf_l               10007450 f i modified_motor.obj
 0001:00006690       _modified_motor            10007690 f   modified_motor.obj
 0001:00007130       _modified_motor_derivatives 10008130 f   modified_motor.obj
 0001:00007180       _modified_motor_initialize 10008180 f   modified_motor.obj
 0001:00007df0       _modified_motor_output     10008df0 f   modified_motor.obj
 0001:00007e20       _modified_motor_output0    10008e20 f   modified_motor.obj
 0001:00008a10       _modified_motor_output2    10009a10 f   modified_motor.obj
 0001:000095c0       _modified_motor_terminate  1000a5c0 f   modified_motor.obj
 0001:000095f0       _modified_motor_update     1000a5f0 f   modified_motor.obj
 0001:00009620       _modified_motor_update0    1000a620 f   modified_motor.obj
 0001:00009770       _modified_motor_update2    1000a770 f   modified_motor.obj
 0001:00009820       _printf                    1000a820 f i modified_motor.obj
 0001:000098c0       _rt_ODECreateIntegrationData 1000a8c0 f   modified_motor.obj
 0001:000098d0       _rt_ODEDestroyIntegrationData 1000a8d0 f   modified_motor.obj
 0001:000098e0       _rt_ODEUpdateContinuousStates 1000a8e0 f   modified_motor.obj
 0001:000098f0       _rt_SimUpdateDiscreteEvents 1000a8f0 f   modified_motor.obj
 0001:00009d40       _rt_mxCreateCharMatrixFromStrings 1000ad40 f   rt_matrx.obj
 0001:00009ea0       _rt_mxCreateDoubleMatrix   1000aea0 f   rt_matrx.obj
 0001:00009f00       _rt_mxCreateNumericArray   1000af00 f   rt_matrx.obj
 0001:00009f80       _rt_mxCreateString         1000af80 f   rt_matrx.obj
 0001:0000a010       _rt_mxDuplicateArray       1000b010 f   rt_matrx.obj
 0001:0000a070       _rt_mxGetDimensions        1000b070 f   rt_matrx.obj
 0001:0000a0b0       _rt_mxGetEps               1000b0b0 f   rt_matrx.obj
 0001:0000a0c0       _rt_mxGetString            1000b0c0 f   rt_matrx.obj
 0001:0000a140       _rtPrintfNoOp              1000b140 f   rt_printf.obj
 0001:0000a150       _modified_motor_GetCAPIStaticMap 1000b150 f   modified_motor_capi.obj
 0001:0000a160       _modified_motor_InitializeDataMapInfo 1000b160 f   modified_motor_capi.obj
 0001:0000a1f0       _rtGetInf                  1000b1f0 f   rtGetInf.obj
 0001:0000a220       _rtGetInfF                 1000b220 f   rtGetInf.obj
 0001:0000a240       _rtGetMinusInf             1000b240 f   rtGetInf.obj
 0001:0000a270       _rtGetMinusInfF            1000b270 f   rtGetInf.obj
 0001:0000a290       _rtGetNaN                  1000b290 f   rtGetNaN.obj
 0001:0000a2c0       _rtGetNaNF                 1000b2c0 f   rtGetNaN.obj
 0001:0000a2e0       _rtIsInf                   1000b2e0 f   rt_nonfinite.obj
 0001:0000a320       _rtIsInfF                  1000b320 f   rt_nonfinite.obj
 0001:0000a360       _rtIsNaN                   1000b360 f   rt_nonfinite.obj
 0001:0000a380       _rtIsNaNF                  1000b380 f   rt_nonfinite.obj
 0001:0000a3a0       _rt_InitInfAndNaN          1000b3a0 f   rt_nonfinite.obj
 0001:0000a400       _rt_ZCFcn                  1000b400 f   rt_zcfcn.obj
 0001:0000a4c0       _rt_CleanUpForStateLogWithMMI 1000b4c0 f   rt_logging_mmi.obj
 0001:0000a5d0       _rt_FillStateSigInfoFromMMI 1000b5d0 f   rt_logging_mmi.obj
 0001:0000a970       _rtwCAPI_CountSysRan       1000b970 f   rtw_modelmap_utils.obj
 0001:0000aa10       _rtwCAPI_EncodePath        1000ba10 f   rtw_modelmap_utils.obj
 0001:0000ab10       _rtwCAPI_FillSysRan        1000bb10 f   rtw_modelmap_utils.obj
 0001:0000ac00       _rtwCAPI_FreeFullPaths     1000bc00 f   rtw_modelmap_utils.obj
 0001:0000ac90       _rtwCAPI_GetFullStateBlockPath 1000bc90 f   rtw_modelmap_utils.obj
 0001:0000ae40       _rtwCAPI_GetNumContStateRecords 1000be40 f   rtw_modelmap_utils.obj
 0001:0000af00       _rtwCAPI_GetNumSigLogRecords 1000bf00 f   rtw_modelmap_utils.obj
 0001:0000af50       _rtwCAPI_GetNumSigLogRecordsForRTWLogging 1000bf50 f   rtw_modelmap_utils.obj
 0001:0000aff0       _rtwCAPI_GetNumStateRecords 1000bff0 f   rtw_modelmap_utils.obj
 0001:0000b040       _rtwCAPI_GetNumStateRecordsForRTWLogging 1000c040 f   rtw_modelmap_utils.obj
 0001:0000b0e0       _rtwCAPI_GetSigAddrFromMap 1000c0e0 f   rtw_modelmap_utils.obj
 0001:0000b1a0       _rtwCAPI_GetSigLogRecordInfo 1000c1a0 f   rtw_modelmap_utils.obj
 0001:0000b5d0       _rtwCAPI_GetStateRecordInfo 1000c5d0 f   rtw_modelmap_utils.obj
 0001:0000ba80       _rtwCAPI_GetStateWidth     1000ca80 f   rtw_modelmap_utils.obj
 0001:0000bae0       _rtwCAPI_HasStates         1000cae0 f   rtw_modelmap_utils.obj
 0001:0000bb50       _rtwCAPI_UpdateFullPaths   1000cb50 f   rtw_modelmap_utils.obj
 0001:0000bd30       __vsnprintf_l              1000cd30 f i rt_logging.obj
 0001:0000bd70       __vsprintf_l               1000cd70 f i rt_logging.obj
 0001:0000bdb0       _fprintf                   1000cdb0 f i rt_logging.obj
 0001:0000c6c0       _rt_CreateLogVar           1000d6c0 f   rt_logging.obj
 0001:0000c750       _rt_CreateLogVarWithConvert 1000d750 f   rt_logging.obj
 0001:0000d0d0       _rt_CreateStructLogVar     1000e0d0 f   rt_logging.obj
 0001:0000de30       _rt_GetMxIdFromDTypeId     1000ee30 f   rt_logging.obj
 0001:0000de60       _rt_GetMxIdFromDTypeIdForRSim 1000ee60 f   rt_logging.obj
 0001:00010730       _rt_StartDataLogging       10011730 f   rt_logging.obj
 0001:00010bf0       _rt_StartDataLoggingWithStartTime 10011bf0 f   rt_logging.obj
 0001:00011550       _rt_StopDataLogging        10012550 f   rt_logging.obj
 0001:00011570       _rt_StopDataLoggingImpl    10012570 f   rt_logging.obj
 0001:000118a0       _rt_UpdateLogVar           100128a0 f   rt_logging.obj
 0001:000129c0       _rt_UpdateStructLogVar     100139c0 f   rt_logging.obj
 0001:00012a50       _rt_UpdateTXXFYLogVars     10013a50 f   rt_logging.obj
 0001:00012d80       _rt_UpdateTXYLogVars       10013d80 f   rt_logging.obj
 0001:00012fd0       _sprintf                   10013fd0 f i rt_logging.obj
 0001:00013010       _DllMain@12                10014010 f   xpctarget.obj
 0001:00013020       _SLRTSetErrorStatus        10014020 f   xpctarget.obj
 0001:00013040       _changeStepSize            10014040 f   xpctarget.obj
 0001:000130c0       _getDLMVersion             100140c0 f   xpctarget.obj
 0001:000130d0       _getRefMdlPath             100140d0 f   xpctarget.obj
 0001:00013150       _getRefMdlSignalNumber     10014150 f   xpctarget.obj
 0001:00013200       _getrlmdlinfo              10014200 f   xpctarget.obj
 0001:000133e0       _modified_motor_ChangeStepSize 100143e0 f   xpctarget.obj
 0001:00013460       _updateDiscreteEvents      10014460 f   xpctarget.obj
 0001:000134c0       _getNumRef                 100144c0 f   appmappingData.obj
 0001:000134d0       _vprintf                   100144d0 f i legacy_stdio.obj
 0001:00013510       _daquanserq8               10014510 f   daquanserq8.obj
 0001:00013e80       _encquanserq8              10014e80 f   encquanserq8.obj
 0001:000149c0       _GetPCIDeviceFull          100159c0 f   xpcruntime:xpcimports.obj
 0001:00014a00       _ShowPCIDevice             10015a00 f   xpcruntime:xpcimports.obj
 0001:000151c0       _xpcGetPciConfigAtSlot     100161c0 f   xpcruntime:xpcimports.obj
 0001:000154d0       _xpcInitProcs              100164d0 f   xpcruntime:xpcimports.obj
 0001:00016830       _xpceuploadevent           10017830 f   xpcruntime:xpcimports.obj
 0001:00016831       @__security_check_cookie@4 10017831 f   LIBCMT:_secchk_.obj
 0001:00016850       __ftoui3                   10017850 f   LIBCMT:_ftol3_.obj
 0001:0001685f       __ftoul3                   1001785f f   LIBCMT:_ftol3_.obj
 0001:0001686e       __ftol3                    1001786e f   LIBCMT:_ftol3_.obj
 0001:0001687b       __ftol3_NaN                1001787b f   LIBCMT:_ftol3_.obj
 0001:00016893       __ftol3_work               10017893 f   LIBCMT:_ftol3_.obj
 0001:00016919       __ftol3_common             10017919 f   LIBCMT:_ftol3_.obj
 0001:000169db       __ftol3_arg_error          100179db f   LIBCMT:_ftol3_.obj
 0001:000169ed       __ftol3_except             100179ed f   LIBCMT:_ftol3_.obj
 0001:00016a31       __dtoui3                   10017a31 f   LIBCMT:_ftol3_.obj
 0001:00016a40       __dtoul3                   10017a40 f   LIBCMT:_ftol3_.obj
 0001:00016a4f       __dtol3                    10017a4f f   LIBCMT:_ftol3_.obj
 0001:00016a5c       __dtol3_NaN                10017a5c f   LIBCMT:_ftol3_.obj
 0001:00016a79       __dtol3_work               10017a79 f   LIBCMT:_ftol3_.obj
 0001:00016b60       __ultod3                   10017b60 f   LIBCMT:_ftol3_.obj
 0001:00016ba0       __ltod3                    10017ba0 f   LIBCMT:_ftol3_.obj
 0001:00016ca4       ___raise_securityfailure   10017ca4 f   LIBCMT:gs_report.obj
 0001:00016cd6       ___report_gsfailure        10017cd6 f   LIBCMT:gs_report.obj
 0001:00016e0f       ___report_rangecheckfailure 10017e0f f   LIBCMT:gs_report.obj
 0001:00016e1e       ___report_securityfailure  10017e1e f   LIBCMT:gs_report.obj
 0001:00016f22       ___report_securityfailureEx 10017f22 f   LIBCMT:gs_report.obj
 0001:0001707d       ___isa_available_init      1001807d f   LIBCMT:_cpu_disp_.obj
 0001:00017645       __CRT_INIT@12              10018645 f   LIBCMT:dll_dllmain.obj
 0001:00017650       __DllMainCRTStartup@12     10018650 f   LIBCMT:dll_dllmain.obj
 0001:0001767b       ??$__crt_fast_decode_pointer@PAP6AXXZ@@YAPAP6AXXZQAP6AXXZ@Z 1001867b f i LIBCMT:utility.obj
 0001:00017694       ??$__crt_fast_encode_pointer@PAP6AXXZ@@YAPAP6AXXZQAP6AXXZ@Z 10018694 f i LIBCMT:utility.obj
 0001:000176b8       ?__crt_rotate_pointer_value@@YAIIH@Z 100186b8 f i LIBCMT:utility.obj
 0001:000176c8       ?configure_argv@__scrt_narrow_argv_policy@@SAHXZ 100186c8 f i LIBCMT:utility.obj
 0001:0001776c       _NtCurrentTeb              1001876c f i LIBCMT:utility.obj
 0001:00017773       ___scrt_acquire_startup_lock 10018773 f   LIBCMT:utility.obj
 0001:000177b5       ___scrt_dllmain_after_initialize_c 100187b5 f   LIBCMT:utility.obj
 0001:000177ea       ___scrt_dllmain_before_initialize_c 100187ea f   LIBCMT:utility.obj
 0001:000177fb       ___scrt_dllmain_crt_thread_attach 100187fb f   LIBCMT:utility.obj
 0001:00017821       ___scrt_dllmain_crt_thread_detach 10018821 f   LIBCMT:utility.obj
 0001:00017831       ___scrt_dllmain_exception_filter 10018831 f   LIBCMT:utility.obj
 0001:00017870       ___scrt_dllmain_uninitialize_c 10018870 f   LIBCMT:utility.obj
 0001:0001789b       ___scrt_dllmain_uninitialize_critical 1001889b f   LIBCMT:utility.obj
 0001:000178ab       ___scrt_initialize_crt     100188ab f   LIBCMT:utility.obj
 0001:000178f2       ___scrt_initialize_onexit_tables 100188f2 f   LIBCMT:utility.obj
 0001:000179ae       ___scrt_is_nonwritable_in_current_image 100189ae f   LIBCMT:utility.obj
 0001:00017a5a       ___scrt_release_startup_lock 10018a5a f   LIBCMT:utility.obj
 0001:00017a7e       ___scrt_uninitialize_crt   10018a7e f   LIBCMT:utility.obj
 0001:00017ab0       __onexit                   10018ab0 f   LIBCMT:utility.obj
 0001:00017af9       _at_quick_exit             10018af9 f   LIBCMT:utility.obj
 0001:00017b36       _atexit                    10018b36 f   LIBCMT:utility.obj
 0001:00017b50       ___security_init_cookie    10018b50 f   LIBCMT:gs_support.obj
 0001:00017c13       ?__scrt_initialize_type_info@@YAXXZ 10018c13 f   LIBCMT:tncleanup.obj
 0001:00017c22       ?__scrt_uninitialize_type_info@@YAXXZ 10018c22 f   LIBCMT:tncleanup.obj
 0001:00017c31       ___local_stdio_scanf_options 10018c31 f i LIBCMT:default_local_stdio_options.obj
 0001:00017c37       ___scrt_initialize_default_local_stdio_options 10018c37 f   LIBCMT:default_local_stdio_options.obj
 0001:00017c5b       ___scrt_get_dyn_tls_init_callback 10018c5b f   LIBCMT:dyn_tls_init.obj
 0001:00017c61       ___scrt_fastfail           10018c61 f   LIBCMT:utility_desktop.obj
 0001:00017dc2       ___scrt_get_show_window_mode 10018dc2 f   LIBCMT:utility_desktop.obj
 0001:00017e01       ___scrt_initialize_winrt   10018e01 f   LIBCMT:utility_desktop.obj
 0001:00017e04       ___scrt_is_managed_app     10018e04 f   LIBCMT:utility_desktop.obj
 0001:00017e59       ___scrt_set_unhandled_exception_filter 10018e59 f   LIBCMT:utility_desktop.obj
 0001:00017e68       ___scrt_unhandled_exception_filter@4 10018e68 f   LIBCMT:utility_desktop.obj
 0001:00017eb9       __crt_debugger_hook        10018eb9 f   LIBCMT:utility_desktop.obj
 0001:00017ec3       __RTC_Initialize           10018ec3 f   LIBCMT:_initsect_.obj
 0001:00017ef8       __RTC_Terminate            10018ef8 f   LIBCMT:_initsect_.obj
 0001:00017f2d       @_guard_check_icall@4      10018f2d f i LIBCMT:checkcfg.obj
 0001:00017f40       __SEH_prolog4              10018f40 f   LIBCMT:_sehprolg4_.obj
 0001:00017f86       __SEH_epilog4              10018f86 f   LIBCMT:_sehprolg4_.obj
 0001:00017fb1       __get_startup_argv_mode    10018fb1 f   LIBCMT:argv_mode.obj
 0001:00017fb5       ___scrt_is_ucrt_dll_in_use 10018fb5 f   LIBCMT:ucrt_detection.obj
 0001:00017fc4       @_guard_check_icall_nop@4  10018fc4 f i LIBCMT:guard_support.obj
 0001:00017fc5       __guard_icall_checks_enforced 10018fc5 f i LIBCMT:guard_support.obj
 0001:00017fdc       _GetModuleHandleA@4        10018fdc f   kernel32:KERNEL32.dll
 0001:00017fe2       _GetProcAddress@8          10018fe2 f   kernel32:KERNEL32.dll
 0001:00017fe8       _UnhandledExceptionFilter@4 10018fe8 f   kernel32:KERNEL32.dll
 0001:00017fee       _SetUnhandledExceptionFilter@4 10018fee f   kernel32:KERNEL32.dll
 0001:00017ff4       _GetCurrentProcess@0       10018ff4 f   kernel32:KERNEL32.dll
 0001:00017ffa       _TerminateProcess@8        10018ffa f   kernel32:KERNEL32.dll
 0001:00018000       _IsProcessorFeaturePresent@4 10019000 f   kernel32:KERNEL32.dll
 0001:00018006       _QueryPerformanceCounter@4 10019006 f   kernel32:KERNEL32.dll
 0001:0001800c       _GetCurrentProcessId@0     1001900c f   kernel32:KERNEL32.dll
 0001:00018012       _GetCurrentThreadId@0      10019012 f   kernel32:KERNEL32.dll
 0001:00018018       _GetSystemTimeAsFileTime@4 10019018 f   kernel32:KERNEL32.dll
 0001:0001801e       _InitializeSListHead@4     1001901e f   kernel32:KERNEL32.dll
 0001:00018024       _IsDebuggerPresent@0       10019024 f   kernel32:KERNEL32.dll
 0001:0001802a       _GetStartupInfoW@4         1001902a f   kernel32:KERNEL32.dll
 0001:00018030       _GetModuleHandleW@4        10019030 f   kernel32:KERNEL32.dll
 0001:00018040       _memcpy                    10019040 f   libvcruntime:memcpy.obj
 0001:00018720       _memset                    10019720 f   libvcruntime:memset.obj
 0001:000188d0       _memmove                   100198d0 f   libvcruntime:memmove.obj
 0001:00018fb0       _strchr                    10019fb0 f   libvcruntime:strchr.obj
 0001:0001901e       ___from_strstr_to_strchr   1001a01e     libvcruntime:strchr.obj
 0001:00019170       __except_handler4          1001a170 f   libvcruntime:_chandler4_.obj
 0001:0001932f       ___vcrt_initialize         1001a32f f   libvcruntime:initialization.obj
 0001:00019362       ___vcrt_thread_attach      1001a362 f   libvcruntime:initialization.obj
 0001:0001936f       ___vcrt_thread_detach      1001a36f f   libvcruntime:initialization.obj
 0001:0001937c       ___vcrt_uninitialize       1001a37c f   libvcruntime:initialization.obj
 0001:000193a2       ___vcrt_uninitialize_critical 1001a3a2 f   libvcruntime:initialization.obj
 0001:000193bd       ??$?RD@__crt_internal_free_policy@@QBEXQBD@Z 1001a3bd f i libvcruntime:std_type_info.obj
 0001:000193d1       ??$?RX@__crt_internal_free_policy@@QBEXQBX@Z 1001a3d1 f i libvcruntime:std_type_info.obj
 0001:000193e5       ??$__crt_interlocked_compare_exchange_pointer@$$CBD$$T$$T@@YAPBDPDSBD$$T1@Z 1001a3e5 f i libvcruntime:std_type_info.obj
 0001:000193fb       ??$__crt_interlocked_compare_exchange_pointer@$$CBDPAD$$T@@YAPBDPDSBDQAD$$T@Z 1001a3fb f i libvcruntime:std_type_info.obj
 0001:00019411       ??$__crt_interlocked_read_pointer@$$CBD@@YAPBDPDSBD@Z 1001a411 f i libvcruntime:std_type_info.obj
 0001:00019425       ??0?$__crt_unique_heap_ptr@DU__crt_internal_free_policy@@@@QAE@QAD@Z 1001a425 f i libvcruntime:std_type_info.obj
 0001:00019436       ??0?$__crt_unique_heap_ptr@XU__crt_internal_free_policy@@@@QAE@QAX@Z 1001a436 f i libvcruntime:std_type_info.obj
 0001:00019447       ??1?$__crt_unique_heap_ptr@DU__crt_internal_free_policy@@@@QAE@XZ 1001a447 f i libvcruntime:std_type_info.obj
 0001:0001945b       ??1?$__crt_unique_heap_ptr@XU__crt_internal_free_policy@@@@QAE@XZ 1001a45b f i libvcruntime:std_type_info.obj
 0001:0001947b       ??B?$__crt_unique_heap_ptr@DU__crt_internal_free_policy@@@@QBE_NXZ 1001a47b f i libvcruntime:std_type_info.obj
 0001:00019482       ??B?$__crt_unique_heap_ptr@XU__crt_internal_free_policy@@@@QBE_NXZ 1001a482 f i libvcruntime:std_type_info.obj
 0001:000194b1       ?detach@?$__crt_unique_heap_ptr@XU__crt_internal_free_policy@@@@QAEPAXXZ 1001a4b1 f i libvcruntime:std_type_info.obj
 0001:000194b7       ?get@?$__crt_unique_heap_ptr@DU__crt_internal_free_policy@@@@QBEPADXZ 1001a4b7 f i libvcruntime:std_type_info.obj
 0001:000194ba       ?get@?$__crt_unique_heap_ptr@XU__crt_internal_free_policy@@@@QBEPAXXZ 1001a4ba f i libvcruntime:std_type_info.obj
 0001:000194bd       ?is_valid@?$__crt_unique_heap_ptr@DU__crt_internal_free_policy@@@@QBE_NXZ 1001a4bd f i libvcruntime:std_type_info.obj
 0001:000194c4       ?is_valid@?$__crt_unique_heap_ptr@XU__crt_internal_free_policy@@@@QBE_NXZ 1001a4c4 f i libvcruntime:std_type_info.obj
 0001:000194cb       ?release@?$__crt_unique_heap_ptr@DU__crt_internal_free_policy@@@@QAEXXZ 1001a4cb f i libvcruntime:std_type_info.obj
 0001:000194df       ?release@?$__crt_unique_heap_ptr@XU__crt_internal_free_policy@@@@QAEXXZ 1001a4df f i libvcruntime:std_type_info.obj
 0001:000194f3       ___std_type_info_compare   1001a4f3 f   libvcruntime:std_type_info.obj
 0001:0001953e       ___std_type_info_destroy_list 1001a53e f   libvcruntime:std_type_info.obj
 0001:00019569       ___std_type_info_hash      1001a569 f   libvcruntime:std_type_info.obj
 0001:00019598       ___std_type_info_name      1001a598 f   libvcruntime:std_type_info.obj
 0001:000196a0       __local_unwind4            1001a6a0 f   libvcruntime:_exsup4_.obj
 0001:00019776       __seh_longjmp_unwind4@4    1001a776 f   libvcruntime:_exsup4_.obj
 0001:0001979e       @_EH4_CallFilterFunc@8     1001a79e f   libvcruntime:_exsup4_.obj
 0001:000197b5       @_EH4_TransferToHandler@8  1001a7b5 f   libvcruntime:_exsup4_.obj
 0001:000197ce       @_EH4_GlobalUnwind2@8      1001a7ce f   libvcruntime:_exsup4_.obj
 0001:000197e7       @_EH4_LocalUnwind@16       1001a7e7 f   libvcruntime:_exsup4_.obj
 0001:00019855       ___except_validate_context_record 1001a855 f   libvcruntime:jbcxrval.obj
 0001:00019856       ___except_validate_jump_buffer 1001a856 f   libvcruntime:jbcxrval.obj
 0001:00019857       ??$?RU__vcrt_ptd@@@__crt_internal_free_policy@@QBEXQBU__vcrt_ptd@@@Z 1001a857 f i libvcruntime:per_thread_data.obj
 0001:0001986b       ??0?$__crt_unique_heap_ptr@U__vcrt_ptd@@U__crt_internal_free_policy@@@@QAE@QAU__vcrt_ptd@@@Z 1001a86b f i libvcruntime:per_thread_data.obj
 0001:0001988e       ??1?$__crt_unique_heap_ptr@U__vcrt_ptd@@U__crt_internal_free_policy@@@@QAE@XZ 1001a88e f i libvcruntime:per_thread_data.obj
 0001:000198ad       ??B?$__crt_unique_heap_ptr@U__vcrt_ptd@@U__crt_internal_free_policy@@@@QBE_NXZ 1001a8ad f i libvcruntime:per_thread_data.obj
 0001:000198b4       ?detach@?$__crt_unique_heap_ptr@U__vcrt_ptd@@U__crt_internal_free_policy@@@@QAEPAU__vcrt_ptd@@XZ 1001a8b4 f i libvcruntime:per_thread_data.obj
 0001:000198ba       ?get@?$__crt_unique_heap_ptr@U__vcrt_ptd@@U__crt_internal_free_policy@@@@QBEPAU__vcrt_ptd@@XZ 1001a8ba f i libvcruntime:per_thread_data.obj
 0001:000198bd       ?is_valid@?$__crt_unique_heap_ptr@U__vcrt_ptd@@U__crt_internal_free_policy@@@@QBE_NXZ 1001a8bd f i libvcruntime:per_thread_data.obj
 0001:000198c4       ?release@?$__crt_unique_heap_ptr@U__vcrt_ptd@@U__crt_internal_free_policy@@@@QAEXXZ 1001a8c4 f i libvcruntime:per_thread_data.obj
 0001:000198f8       ___vcrt_freefls@4          1001a8f8 f   libvcruntime:per_thread_data.obj
 0001:0001991b       ___vcrt_freeptd            1001a91b f   libvcruntime:per_thread_data.obj
 0001:0001995e       ___vcrt_getptd             1001a95e f   libvcruntime:per_thread_data.obj
 0001:0001996f       ___vcrt_getptd_noexit      1001a96f f   libvcruntime:per_thread_data.obj
 0001:00019a25       ___vcrt_initialize_ptd     1001aa25 f   libvcruntime:per_thread_data.obj
 0001:00019a64       ___vcrt_uninitialize_ptd   1001aa64 f   libvcruntime:per_thread_data.obj
 0001:00019a85       ___vcrt_initialize_locks   1001aa85 f   libvcruntime:locks.obj
 0001:00019ad0       ___vcrt_lock               1001aad0 f   libvcruntime:locks.obj
 0001:00019aea       ___vcrt_uninitialize_locks 1001aaea f   libvcruntime:locks.obj
 0001:00019b24       ___vcrt_unlock             1001ab24 f   libvcruntime:locks.obj
 0001:00019b3e       ??$?BX@__crt_fast_encoded_nullptr_t@@QBEPAXXZ 1001ab3e f i libvcruntime:winapi_downlevel.obj
 0001:00019b5c       ??$__crt_fast_decode_pointer@PAX@@YAPAXQAX@Z 1001ab5c f i libvcruntime:winapi_downlevel.obj
 0001:00019b75       ??$__crt_fast_encode_pointer@PAX@@YAPAXQAX@Z 1001ab75 f i libvcruntime:winapi_downlevel.obj
 0001:00019b99       ??$__crt_interlocked_compare_exchange_pointer@UHINSTANCE__@@$$T$$T@@YAPAUHINSTANCE__@@PDSAU0@$$T1@Z 1001ab99 f i libvcruntime:winapi_downlevel.obj
 0001:00019baf       ??$__crt_interlocked_compare_exchange_pointer@X$$T$$T@@YAPAXPDSAX$$T1@Z 1001abaf f i libvcruntime:winapi_downlevel.obj
 0001:00019bc5       ??$__crt_interlocked_exchange_pointer@UHINSTANCE__@@PAU1@@@YAPAUHINSTANCE__@@PDSAU0@QAU0@@Z 1001abc5 f i libvcruntime:winapi_downlevel.obj
 0001:00019bd5       ??$__crt_interlocked_exchange_pointer@UHINSTANCE__@@PAX@@YAPAUHINSTANCE__@@PDSAU0@QAX@Z 1001abd5 f i libvcruntime:winapi_downlevel.obj
 0001:00019be5       ??$__crt_interlocked_exchange_pointer@XPAX@@YAPAXPDSAXQAX@Z 1001abe5 f i libvcruntime:winapi_downlevel.obj
 0001:00019bf5       ??$__crt_interlocked_read_pointer@UHINSTANCE__@@@@YAPAUHINSTANCE__@@PDSAU0@@Z 1001abf5 f i libvcruntime:winapi_downlevel.obj
 0001:00019c09       ??$__crt_interlocked_read_pointer@X@@YAPAXPDSAX@Z 1001ac09 f i libvcruntime:winapi_downlevel.obj
 0001:00019c1d       ?__crt_fast_encode_pointer@@YA?AU__crt_fast_encoded_nullptr_t@@$$T@Z 1001ac1d f i libvcruntime:winapi_downlevel.obj
 0001:00019f61       ___vcrt_EventRegister      1001af61 f   libvcruntime:winapi_downlevel.obj
 0001:00019fb1       ___vcrt_EventSetInformation 1001afb1 f   libvcruntime:winapi_downlevel.obj
 0001:0001a004       ___vcrt_EventUnregister    1001b004 f   libvcruntime:winapi_downlevel.obj
 0001:0001a04c       ___vcrt_EventWriteTransfer 1001b04c f   libvcruntime:winapi_downlevel.obj
 0001:0001a0a7       ___vcrt_FlsAlloc           1001b0a7 f   libvcruntime:winapi_downlevel.obj
 0001:0001a0ef       ___vcrt_FlsFree            1001b0ef f   libvcruntime:winapi_downlevel.obj
 0001:0001a137       ___vcrt_FlsGetValue        1001b137 f   libvcruntime:winapi_downlevel.obj
 0001:0001a17f       ___vcrt_FlsSetValue        1001b17f f   libvcruntime:winapi_downlevel.obj
 0001:0001a1cb       ___vcrt_InitializeCriticalSectionEx 1001b1cb f   libvcruntime:winapi_downlevel.obj
 0001:0001a222       ___vcrt_initialize_winapi_thunks 1001b222 f   libvcruntime:winapi_downlevel.obj
 0001:0001a26a       ___vcrt_uninitialize_winapi_thunks 1001b26a f   libvcruntime:winapi_downlevel.obj
 0001:0001a2a8       ??$?B$$A6AXXZ@__crt_fast_encoded_nullptr_t@@QBEP6AXXZXZ 1001b2a8 f i libvcruntime:purevirt_data.obj
 0001:0001a2c6       ??$__crt_fast_encode_pointer@P6AXXZ@@YAP6AXXZQ6AXXZ@Z 1001b2c6 f i libvcruntime:purevirt_data.obj
 0001:0001a2ea       ___vcrt_initialize_pure_virtual_call_handler 1001b2ea f   libvcruntime:purevirt_data.obj
 0001:0001a30e       ??$__vcrt_va_start_verify_argument_type@QBD@@YAXXZ 1001b30e f i libvcruntime:undname.obj
 0001:0001a30f       ??0Block@_HeapManager@@QAE@XZ 1001b30f f i libvcruntime:undname.obj
 0001:0001a315       ??0DName@@QAE@AAPBDD@Z     1001b315 f   libvcruntime:undname.obj
 0001:0001a3fc       ??0DName@@QAE@ABV0@@Z      1001b3fc f i libvcruntime:undname.obj
 0001:0001a417       ??0DName@@QAE@D@Z          1001b417 f   libvcruntime:undname.obj
 0001:0001a44e       ??0DName@@QAE@PAV0@@Z      1001b44e f   libvcruntime:undname.obj
 0001:0001a4ae       ??0DName@@QAE@PBD@Z        1001b4ae f   libvcruntime:undname.obj
 0001:0001a4f6       ??0DName@@QAE@W4DNameStatus@@@Z 1001b4f6 f   libvcruntime:undname.obj
 0001:0001a549       ??0DName@@QAE@XZ           1001b549 f i libvcruntime:undname.obj
 0001:0001a55e       ??0DName@@QAE@_J@Z         1001b55e f   libvcruntime:undname.obj
 0001:0001a618       ??0DName@@QAE@_K@Z         1001b618 f   libvcruntime:undname.obj
 0001:0001a6a2       ??0DNameNode@@IAE@XZ       1001b6a2 f   libvcruntime:undname.obj
 0001:0001a6ad       ??0DNameStatusNode@@AAE@W4DNameStatus@@@Z 1001b6ad f   libvcruntime:undname.obj
 0001:0001a6d8       ??0Replicator@@QAE@XZ      1001b6d8 f i libvcruntime:undname.obj
 0001:0001a6de       ??0UnDecorator@@QAE@PADPBDHP6APADJ@ZK@Z 1001b6de f i libvcruntime:undname.obj
 0001:0001a761       ??0charNode@@QAE@D@Z       1001b761 f   libvcruntime:undname.obj
 0001:0001a77b       ??0pDNameNode@@QAE@PAVDName@@@Z 1001b77b f   libvcruntime:undname.obj
 0001:0001a7ad       ??0pairNode@@QAE@PAVDNameNode@@0@Z 1001b7ad f   libvcruntime:undname.obj
 0001:0001a7d3       ??0pcharNode@@QAE@PBDH@Z   1001b7d3 f   libvcruntime:undname.obj
 0001:0001a842       ??2@YAPAXIAAV_HeapManager@@H@Z 1001b842 f i libvcruntime:undname.obj
 0001:0001a85c       ??4DName@@QAEAAV0@ABV0@@Z  1001b85c f   libvcruntime:undname.obj
 0001:0001a877       ??4DName@@QAEAAV0@D@Z      1001b877 f i libvcruntime:undname.obj
 0001:0001a8ae       ??4DName@@QAEAAV0@PAV0@@Z  1001b8ae f   libvcruntime:undname.obj
 0001:0001a909       ??4DName@@QAEAAV0@PBD@Z    1001b909 f   libvcruntime:undname.obj
 0001:0001a947       ??4DName@@QAEAAV0@W4DNameStatus@@@Z 1001b947 f   libvcruntime:undname.obj
 0001:0001a989       ??AReplicator@@QBE?AVDName@@H@Z 1001b989 f   libvcruntime:undname.obj
 0001:0001a9d4       ??BUnDecorator@@QAEPADXZ   1001b9d4 f i libvcruntime:undname.obj
 0001:0001abab       ??H@YA?AVDName@@DABV0@@Z   1001bbab f i libvcruntime:undname.obj
 0001:0001abd8       ??H@YA?AVDName@@PBDABV0@@Z 1001bbd8 f i libvcruntime:undname.obj
 0001:0001ac05       ??H@YA?AVDName@@W4DNameStatus@@ABV0@@Z 1001bc05 f i libvcruntime:undname.obj
 0001:0001ac32       ??HDName@@QBE?AV0@ABV0@@Z  1001bc32 f   libvcruntime:undname.obj
 0001:0001ac5c       ??HDName@@QBE?AV0@D@Z      1001bc5c f   libvcruntime:undname.obj
 0001:0001ac86       ??HDName@@QBE?AV0@PAV0@@Z  1001bc86 f   libvcruntime:undname.obj
 0001:0001acb0       ??HDName@@QBE?AV0@PBD@Z    1001bcb0 f   libvcruntime:undname.obj
 0001:0001acda       ??HDName@@QBE?AV0@W4DNameStatus@@@Z 1001bcda f   libvcruntime:undname.obj
 0001:0001ad04       ??YDName@@QAEAAV0@ABV0@@Z  1001bd04 f   libvcruntime:undname.obj
 0001:0001ad57       ??YDName@@QAEAAV0@D@Z      1001bd57 f   libvcruntime:undname.obj
 0001:0001adbb       ??YDName@@QAEAAV0@PAV0@@Z  1001bdbb f   libvcruntime:undname.obj
 0001:0001ae39       ??YDName@@QAEAAV0@PBD@Z    1001be39 f   libvcruntime:undname.obj
 0001:0001aeb2       ??YDName@@QAEAAV0@W4DNameStatus@@@Z 1001beb2 f   libvcruntime:undname.obj
 0001:0001af02       ??YReplicator@@QAEAAV0@ABVDName@@@Z 1001bf02 f   libvcruntime:undname.obj
 0001:0001af5e       ??_5DName@@QAEAAV0@ABV0@@Z 1001bf5e f   libvcruntime:undname.obj
 0001:0001af81       ?Constructor@_HeapManager@@QAEXP6APAXI@ZP6AXPAX@Z@Z 1001bf81 f i libvcruntime:undname.obj
 0001:0001afa5       ?Destructor@_HeapManager@@QAEXXZ 1001bfa5 f i libvcruntime:undname.obj
 0001:0001afec       ?UScore@UnDecorator@@SAPBDW4Tokens@@@Z 1001bfec f   libvcruntime:undname.obj
 0001:0001b010       ?append@DName@@AAEXPAVDNameNode@@@Z 1001c010 f   libvcruntime:undname.obj
 0001:0001b067       ?composeDeclaration@UnDecorator@@CA?AVDName@@ABV2@@Z 1001c067 f i libvcruntime:undname.obj
 0001:0001c0a2       ?doAccessSpecifiers@UnDecorator@@SAHXZ 1001d0a2 f i libvcruntime:undname.obj
 0001:0001c0b3       ?doAllocationLanguage@UnDecorator@@SAHXZ 1001d0b3 f i libvcruntime:undname.obj
 0001:0001c0c4       ?doAllocationModel@UnDecorator@@SAHXZ 1001d0c4 f i libvcruntime:undname.obj
 0001:0001c0d5       ?doEcsu@UnDecorator@@SAHXZ 1001d0d5 f i libvcruntime:undname.obj
 0001:0001c0e6       ?doEllipsis@UnDecorator@@SAHXZ 1001d0e6 f i libvcruntime:undname.obj
 0001:0001c0f7       ?doFunctionReturns@UnDecorator@@SAHXZ 1001d0f7 f i libvcruntime:undname.obj
 0001:0001c108       ?doMSKeywords@UnDecorator@@SAHXZ 1001d108 f i libvcruntime:undname.obj
 0001:0001c118       ?doMemberTypes@UnDecorator@@SAHXZ 1001d118 f i libvcruntime:undname.obj
 0001:0001c129       ?doNameOnly@UnDecorator@@SAHXZ 1001d129 f i libvcruntime:undname.obj
 0001:0001c136       ?doNoIdentCharCheck@UnDecorator@@SAHXZ 1001d136 f i libvcruntime:undname.obj
 0001:0001c143       ?doPchar@DName@@AAEXPBDH@Z 1001d143 f   libvcruntime:undname.obj
 0001:0001c1ef       ?doPtr64@UnDecorator@@SAHXZ 1001d1ef f i libvcruntime:undname.obj
 0001:0001c200       ?doRestrictionSpec@UnDecorator@@SAHXZ 1001d200 f i libvcruntime:undname.obj
 0001:0001c211       ?doThisTypes@UnDecorator@@SAHXZ 1001d211 f i libvcruntime:undname.obj
 0001:0001c227       ?doThrowTypes@UnDecorator@@SAHXZ 1001d227 f i libvcruntime:undname.obj
 0001:0001c238       ?doTypeOnly@UnDecorator@@SAHXZ 1001d238 f i libvcruntime:undname.obj
 0001:0001c245       ?doUnderScore@UnDecorator@@SAHXZ 1001d245 f i libvcruntime:undname.obj
 0001:0001c252       ?getArgumentList@UnDecorator@@CA?AVDName@@XZ 1001d252 f   libvcruntime:undname.obj
 0001:0001c3a1       ?getArgumentTypes@UnDecorator@@CA?AVDName@@XZ 1001d3a1 f   libvcruntime:undname.obj
 0001:0001c4b9       ?getArrayType@UnDecorator@@CA?AVDName@@ABV2@@Z 1001d4b9 f i libvcruntime:undname.obj
 0001:0001c73b       ?getBasedType@UnDecorator@@CA?AVDName@@XZ 1001d73b f   libvcruntime:undname.obj
 0001:0001c7fa       ?getBasicDataType@UnDecorator@@CA?AVDName@@ABV2@@Z 1001d7fa f   libvcruntime:undname.obj
 0001:0001cce4       ?getCallIndex@UnDecorator@@CA?AVDName@@XZ 1001dce4 f i libvcruntime:undname.obj
 0001:0001ccfd       ?getCallingConvention@UnDecorator@@CA?AVDName@@XZ 1001dcfd f   libvcruntime:undname.obj
 0001:0001cdeb       ?getDataIndirectType@UnDecorator@@CA?AVDName@@ABV2@PBD0H@Z 1001ddeb f   libvcruntime:undname.obj
 0001:0001d596       ?getDataIndirectType@UnDecorator@@CA?AVDName@@XZ 1001e596 f i libvcruntime:undname.obj
 0001:0001d5dd       ?getDataType@UnDecorator@@CA?AVDName@@PAV2@@Z 1001e5dd f   libvcruntime:undname.obj
 0001:0001d6e3       ?getDecoratedName@UnDecorator@@CA?AVDName@@XZ 1001e6e3 f   libvcruntime:undname.obj
 0001:0001d9c2       ?getDimension@UnDecorator@@CA?AVDName@@_N@Z 1001e9c2 f   libvcruntime:undname.obj
 0001:0001db46       ?getDispatchTarget@UnDecorator@@CA?AVDName@@XZ 1001eb46 f   libvcruntime:undname.obj
 0001:0001dbb7       ?getDisplacement@UnDecorator@@CA?AVDName@@XZ 1001ebb7 f i libvcruntime:undname.obj
 0001:0001dbd0       ?getECSUDataType@UnDecorator@@CA?AVDName@@XZ 1001ebd0 f   libvcruntime:undname.obj
 0001:0001dd34       ?getECSUName@UnDecorator@@CA?AVDName@@XZ 1001ed34 f i libvcruntime:undname.obj
 0001:0001dd49       ?getEnumType@UnDecorator@@CA?AVDName@@XZ 1001ed49 f i libvcruntime:undname.obj
 0001:0001de70       ?getExtendedDataIndirectType@UnDecorator@@CA?AVDName@@AAPBDAA_NH@Z 1001ee70 f   libvcruntime:undname.obj
 0001:0001e083       ?getExternalDataType@UnDecorator@@CA?AVDName@@ABV2@@Z 1001f083 f i libvcruntime:undname.obj
 0001:0001e11a       ?getFunctionIndirectType@UnDecorator@@CA?AVDName@@ABV2@@Z 1001f11a f   libvcruntime:undname.obj
 0001:0001e625       ?getGuardNumber@UnDecorator@@CA?AVDName@@XZ 1001f625 f i libvcruntime:undname.obj
 0001:0001e63e       ?getLastChar@DName@@QBEDXZ 1001f63e f i libvcruntime:undname.obj
 0001:0001e664       ?getLastChar@DNameStatusNode@@UBEDXZ 1001f664 f i libvcruntime:undname.obj
 0001:0001e673       ?getLastChar@charNode@@UBEDXZ 1001f673 f i libvcruntime:undname.obj
 0001:0001e677       ?getLastChar@pDNameNode@@UBEDXZ 1001f677 f i libvcruntime:undname.obj
 0001:0001e688       ?getLastChar@pairNode@@UBEDXZ 1001f688 f i libvcruntime:undname.obj
 0001:0001e6c7       ?getLastChar@pcharNode@@UBEDXZ 1001f6c7 f i libvcruntime:undname.obj
 0001:0001e6dd       ?getLexicalFrame@UnDecorator@@CA?AVDName@@XZ 1001f6dd f i libvcruntime:undname.obj
 0001:0001e729       ?getMemory@_HeapManager@@QAEPAXIH@Z 1001f729 f   libvcruntime:undname.obj
 0001:0001e7da       ?getNumberOfDimensions@UnDecorator@@CAHXZ 1001f7da f   libvcruntime:undname.obj
 0001:0001e853       ?getOperatorName@UnDecorator@@CA?AVDName@@_NPA_N@Z 1001f853 f i libvcruntime:undname.obj
 0001:0001f003       ?getPointerType@UnDecorator@@CA?AVDName@@ABV2@0@Z 10020003 f i libvcruntime:undname.obj
 0001:0001f028       ?getPointerTypeArray@UnDecorator@@CA?AVDName@@ABV2@0@Z 10020028 f i libvcruntime:undname.obj
 0001:0001f04d       ?getPrimaryDataType@UnDecorator@@CA?AVDName@@ABV2@@Z 1002004d f   libvcruntime:undname.obj
 0001:0001f2be       ?getPtrRefDataType@UnDecorator@@CA?AVDName@@ABV2@H@Z 100202be f   libvcruntime:undname.obj
 0001:0001f400       ?getPtrRefType@UnDecorator@@CA?AVDName@@ABV2@0PBD@Z 10020400 f   libvcruntime:undname.obj
 0001:0001f53b       ?getReferenceType@UnDecorator@@CA?AVDName@@ABV2@0PBD@Z 1002053b f i libvcruntime:undname.obj
 0001:0001f55e       ?getRestrictionSpec@UnDecorator@@CA?AVDName@@XZ 1002055e f   libvcruntime:undname.obj
 0001:0001f68c       ?getReturnType@UnDecorator@@CA?AVDName@@PAV2@@Z 1002068c f   libvcruntime:undname.obj
 0001:0001f6c6       ?getScope@UnDecorator@@CA?AVDName@@XZ 100206c6 f   libvcruntime:undname.obj
 0001:0001fb9b       ?getScopedName@UnDecorator@@CA?AVDName@@XZ 10020b9b f   libvcruntime:undname.obj
 0001:0001fcd4       ?getSignedDimension@UnDecorator@@CA?AVDName@@XZ 10020cd4 f   libvcruntime:undname.obj
 0001:0001fd3b       ?getStorageConvention@UnDecorator@@CA?AVDName@@XZ 10020d3b f i libvcruntime:undname.obj
 0001:0001fd50       ?getString@DName@@QBEPADPAD0@Z 10020d50 f i libvcruntime:undname.obj
 0001:0001fd87       ?getString@DName@@QBEPADPADH@Z 10020d87 f i libvcruntime:undname.obj
 0001:0001fdf2       ?getString@DNameStatusNode@@UBEPADPAD0@Z 10020df2 f i libvcruntime:undname.obj
 0001:0001fe22       ?getString@charNode@@UBEPADPAD0@Z 10020e22 f i libvcruntime:undname.obj
 0001:0001fe3c       ?getString@pDNameNode@@UBEPADPAD0@Z 10020e3c f i libvcruntime:undname.obj
 0001:0001fe58       ?getString@pairNode@@UBEPADPAD0@Z 10020e58 f i libvcruntime:undname.obj
 0001:0001fead       ?getString@pcharNode@@UBEPADPAD0@Z 10020ead f i libvcruntime:undname.obj
 0001:0001fece       ?getStringEncoding@UnDecorator@@CA?AVDName@@PADH@Z 10020ece f   libvcruntime:undname.obj
 0001:0001ff99       ?getStringHelper@@YAPADPAD00H@Z 10020f99 f i libvcruntime:undname.obj
 0001:0001ffdd       ?getSymbolName@UnDecorator@@CA?AVDName@@XZ 10020fdd f i libvcruntime:undname.obj
 0001:00020037       ?getTemplateArgumentList@UnDecorator@@CA?AVDName@@XZ 10021037 f   libvcruntime:undname.obj
 0001:00020384       ?getTemplateConstant@UnDecorator@@CA?AVDName@@XZ 10021384 f   libvcruntime:undname.obj
 0001:00020799       ?getTemplateName@UnDecorator@@CA?AVDName@@_N@Z 10021799 f   libvcruntime:undname.obj
 0001:00020944       ?getThisType@UnDecorator@@CA?AVDName@@XZ 10021944 f i libvcruntime:undname.obj
 0001:0002098c       ?getThrowTypes@UnDecorator@@CA?AVDName@@XZ 1002198c f   libvcruntime:undname.obj
 0001:00020a38       ?getTypeEncoding@UnDecorator@@CAHXZ 10021a38 f i libvcruntime:undname.obj
 0001:00020e34       ?getVCallThunkType@UnDecorator@@CA?AVDName@@XZ 10021e34 f i libvcruntime:undname.obj
 0001:00020e7d       ?getVbTableType@UnDecorator@@CA?AVDName@@ABV2@@Z 10021e7d f i libvcruntime:undname.obj
 0001:00020e97       ?getVdispMapType@UnDecorator@@CA?AVDName@@ABV2@@Z 10021e97 f i libvcruntime:undname.obj
 0001:00020f02       ?getVfTableType@UnDecorator@@CA?AVDName@@ABV2@@Z 10021f02 f i libvcruntime:undname.obj
 0001:000210c0       ?getZName@UnDecorator@@CA?AVDName@@_N0@Z 100220c0 f   libvcruntime:undname.obj
 0001:00021390       ?haveTemplateParameters@UnDecorator@@SAHXZ 10022390 f i libvcruntime:undname.obj
 0001:0002139d       ?isArray@DName@@QBEHXZ     1002239d f i libvcruntime:undname.obj
 0001:000213a9       ?isComArray@DName@@QBEHXZ  100223a9 f i libvcruntime:undname.obj
 0001:000213b5       ?isEmpty@DName@@QBEHXZ     100223b5 f i libvcruntime:undname.obj
 0001:000213bf       ?isFull@Replicator@@QBEHXZ 100223bf f i libvcruntime:undname.obj
 0001:000213ca       ?isNoTE@DName@@QBEHXZ      100223ca f i libvcruntime:undname.obj
 0001:000213d6       ?isPinPtr@DName@@QBEHXZ    100223d6 f i libvcruntime:undname.obj
 0001:000213e2       ?isPtrRef@DName@@QBEHXZ    100223e2 f i libvcruntime:undname.obj
 0001:000213ee       ?isUDC@DName@@QBEHXZ       100223ee f i libvcruntime:undname.obj
 0001:00021403       ?isUDTThunk@DName@@QBEHXZ  10022403 f i libvcruntime:undname.obj
 0001:00021418       ?isVCallThunk@DName@@QBEHXZ 10022418 f i libvcruntime:undname.obj
 0001:00021424       ?isValid@DName@@QBEHXZ     10022424 f i libvcruntime:undname.obj
 0001:00021430       ?length@DName@@QBEHXZ      10022430 f i libvcruntime:undname.obj
 0001:00021455       ?length@DNameStatusNode@@UBEHXZ 10022455 f i libvcruntime:undname.obj
 0001:00021459       ?length@charNode@@UBEHXZ   10022459 f i libvcruntime:undname.obj
 0001:0002145d       ?length@pDNameNode@@UBEHXZ 1002245d f i libvcruntime:undname.obj
 0001:0002146e       ?length@pairNode@@UBEHXZ   1002246e f i libvcruntime:undname.obj
 0001:000214ca       ?length@pcharNode@@UBEHXZ  100224ca f i libvcruntime:undname.obj
 0001:000214ce       ?make@DNameStatusNode@@SAPAV1@W4DNameStatus@@@Z 100224ce f i libvcruntime:undname.obj
 0001:00021575       ?setIsArray@DName@@QAEXXZ  10022575 f i libvcruntime:undname.obj
 0001:0002157f       ?setIsComArray@DName@@QAEXXZ 1002257f f i libvcruntime:undname.obj
 0001:00021589       ?setIsNoTE@DName@@QAEXXZ   10022589 f i libvcruntime:undname.obj
 0001:00021593       ?setIsPinPtr@DName@@QAEXXZ 10022593 f i libvcruntime:undname.obj
 0001:0002159d       ?setIsUDC@DName@@QAEXXZ    1002259d f i libvcruntime:undname.obj
 0001:000215ad       ?setIsVCallThunk@DName@@QAEXXZ 100225ad f i libvcruntime:undname.obj
 0001:000215b7       ?setPtrRef@DName@@QAEAAV1@XZ 100225b7 f i libvcruntime:undname.obj
 0001:000215c3       ?status@DName@@QBE?AW4DNameStatus@@XZ 100225c3 f i libvcruntime:undname.obj
 0001:00021648       ___unDName                 10022648 f   libvcruntime:undname.obj
 0001:00021702       ___unDNameEx               10022702 f   libvcruntime:undname.obj
 0001:000217bc       __vsprintf_s_l             100227bc f i libvcruntime:undname.obj
 0001:000217f4       _sprintf_s                 100227f4 f i libvcruntime:undname.obj
 0001:00021820       __global_unwind2           10022820 f   libvcruntime:_exsup_.obj
 0001:00021885       __local_unwind2            10022885 f   libvcruntime:_exsup_.obj
 0001:00021909       __abnormal_termination     10022909 f   libvcruntime:_exsup_.obj
 0001:0002192c       __NLG_Notify1              1002292c f   libvcruntime:_exsup_.obj
 0001:00021935       __NLG_Notify               10022935 f   libvcruntime:_exsup_.obj
 0001:0002194c       __NLG_Dispatch2            1002294c     libvcruntime:_exsup_.obj
 0001:0002194c       __NLG_Dispatch             1002294c     libvcruntime:_exsup_.obj
 0001:00021954       __NLG_Call                 10022954 f   libvcruntime:_exsup_.obj
 0001:00021956       __NLG_Return2              10022956     libvcruntime:_exsup_.obj
 0001:000219a4       ??$__crt_fast_decode_pointer@P6AXXZ@@YAP6AXXZQ6AXXZ@Z 100229a4 f i libvcruntime:purevirt.obj
 0001:000219bd       ??$__crt_interlocked_compare_exchange_pointer@$$A6AXXZ$$T$$T@@YAP6AXXZPDS6AXXZ$$T1@Z 100229bd f i libvcruntime:purevirt.obj
 0001:000219d3       ??$__crt_interlocked_exchange_pointer@$$A6AXXZP6AXXZ@@YAP6AXXZPDS6AXXZQ6AXXZ@Z 100229d3 f i libvcruntime:purevirt.obj
 0001:000219e3       ??$__crt_interlocked_read_pointer@$$A6AXXZ@@YAP6AXXZPDS6AXXZ@Z 100229e3 f i libvcruntime:purevirt.obj
 0001:000219f7       __get_purecall_handler     100229f7 f   libvcruntime:purevirt.obj
 0001:00021a1d       __purecall                 10022a1d f   libvcruntime:purevirt.obj
 0001:00021a3e       __set_purecall_handler     10022a3e f   libvcruntime:purevirt.obj
 0001:00021a6c       _malloc                    10022a6c f   libucrt:malloc.obj
 0001:00021a79       ??$?RPAU__crt_stdio_stream_data@@@__crt_internal_free_policy@@QBEXQBQAU__crt_stdio_stream_data@@@Z 10022a79 f i libucrt:_file.obj
 0001:00021a8f       ??0?$__crt_unique_heap_ptr@PAU__crt_stdio_stream_data@@U__crt_internal_free_policy@@@@QAE@QAPAU__crt_stdio_stream_data@@@Z 10022a8f f i libucrt:_file.obj
 0001:00021aa3       ??0__crt_stdio_stream@@QAE@QAU_iobuf@@@Z 10022aa3 f i libucrt:_file.obj
 0001:00021ab7       ??1?$__crt_unique_heap_ptr@PAU__crt_stdio_stream_data@@U__crt_internal_free_policy@@@@QAE@XZ 10022ab7 f i libucrt:_file.obj
 0001:00021acd       ??C__crt_stdio_stream@@QBEPAU__crt_stdio_stream_data@@XZ 10022acd f i libucrt:_file.obj
 0001:00021ad0       ?detach@?$__crt_unique_heap_ptr@PAU__crt_stdio_stream_data@@U__crt_internal_free_policy@@@@QAEPAPAU__crt_stdio_stream_data@@XZ 10022ad0 f i libucrt:_file.obj
 0001:00021ad6       ?release@?$__crt_unique_heap_ptr@PAU__crt_stdio_stream_data@@U__crt_internal_free_policy@@@@QAEXXZ 10022ad6 f i libucrt:_file.obj
 0001:00021aec       ___acrt_initialize_stdio   10022aec f   libucrt:_file.obj
 0001:00021be6       ___acrt_iob_func           10022be6 f   libucrt:_file.obj
 0001:00021bfa       ___acrt_uninitialize_stdio 10022bfa f   libucrt:_file.obj
 0001:00021c59       __get_stream_buffer_pointers 10022c59 f   libucrt:_file.obj
 0001:00021cb0       __lock_file                10022cb0 f   libucrt:_file.obj
 0001:00021cc9       __unlock_file              10022cc9 f   libucrt:_file.obj
 0001:00021ce2       ??$?0ABV?$stream_output_adapter@D@__crt_stdio_output@@AB_KABQBDABQAU__crt_locale_pointers@@ABQAD@?$format_validation_base@DV?$stream_output_adapter@D@__crt_stdio_output@@@__crt_stdio_output@@IAE@ABV?$stream_output_adapter@D@1@AB_KABQBDABQAU__crt_locale_pointers@@ABQAD@Z 10022ce2 f i libucrt:output.obj
 0001:00021d0d       ??$?0ABV?$stream_output_adapter@D@__crt_stdio_output@@AB_KABQBDABQAU__crt_locale_pointers@@ABQAD@?$positional_parameter_base@DV?$stream_output_adapter@D@__crt_stdio_output@@@__crt_stdio_output@@IAE@ABV?$stream_output_adapter@D@1@AB_KABQBDABQAU__crt_locale_pointers@@ABQAD@Z 10022d0d f i libucrt:output.obj
 0001:00021d67       ??$?0ABV?$stream_output_adapter@D@__crt_stdio_output@@AB_KABQBDABQAU__crt_locale_pointers@@ABQAD@?$standard_base@DV?$stream_output_adapter@D@__crt_stdio_output@@@__crt_stdio_output@@IAE@ABV?$stream_output_adapter@D@1@AB_KABQBDABQAU__crt_locale_pointers@@ABQAD@Z 10022d67 f i libucrt:output.obj
 0001:00021da9       ??$?0ABV?$stream_output_adapter@_W@__crt_stdio_output@@AB_KABQB_WABQAU__crt_locale_pointers@@ABQAD@?$format_validation_base@_WV?$stream_output_adapter@_W@__crt_stdio_output@@@__crt_stdio_output@@IAE@ABV?$stream_output_adapter@_W@1@AB_KABQB_WABQAU__crt_locale_pointers@@ABQAD@Z 10022da9 f i libucrt:output.obj
 0001:00021dd4       ??$?0ABV?$stream_output_adapter@_W@__crt_stdio_output@@AB_KABQB_WABQAU__crt_locale_pointers@@ABQAD@?$positional_parameter_base@_WV?$stream_output_adapter@_W@__crt_stdio_output@@@__crt_stdio_output@@IAE@ABV?$stream_output_adapter@_W@1@AB_KABQB_WABQAU__crt_locale_pointers@@ABQAD@Z 10022dd4 f i libucrt:output.obj
 0001:00021e2e       ??$?0ABV?$stream_output_adapter@_W@__crt_stdio_output@@AB_KABQB_WABQAU__crt_locale_pointers@@ABQAD@?$standard_base@_WV?$stream_output_adapter@_W@__crt_stdio_output@@@__crt_stdio_output@@IAE@ABV?$stream_output_adapter@_W@1@AB_KABQB_WABQAU__crt_locale_pointers@@ABQAD@Z 10022e2e f i libucrt:output.obj
 0001:00021e70       ??$?0ABV?$string_output_adapter@D@__crt_stdio_output@@AB_KABQBDABQAU__crt_locale_pointers@@ABQAD@?$format_validation_base@DV?$string_output_adapter@D@__crt_stdio_output@@@__crt_stdio_output@@IAE@ABV?$string_output_adapter@D@1@AB_KABQBDABQAU__crt_locale_pointers@@ABQAD@Z 10022e70 f i libucrt:output.obj
 0001:00021e9b       ??$?0ABV?$string_output_adapter@D@__crt_stdio_output@@AB_KABQBDABQAU__crt_locale_pointers@@ABQAD@?$positional_parameter_base@DV?$string_output_adapter@D@__crt_stdio_output@@@__crt_stdio_output@@IAE@ABV?$string_output_adapter@D@1@AB_KABQBDABQAU__crt_locale_pointers@@ABQAD@Z 10022e9b f i libucrt:output.obj
 0001:00021ef5       ??$?0ABV?$string_output_adapter@D@__crt_stdio_output@@AB_KABQBDABQAU__crt_locale_pointers@@ABQAD@?$standard_base@DV?$string_output_adapter@D@__crt_stdio_output@@@__crt_stdio_output@@IAE@ABV?$string_output_adapter@D@1@AB_KABQBDABQAU__crt_locale_pointers@@ABQAD@Z 10022ef5 f i libucrt:output.obj
 0001:00021f37       ??$?0ABV?$string_output_adapter@_W@__crt_stdio_output@@AB_KABQB_WABQAU__crt_locale_pointers@@ABQAD@?$format_validation_base@_WV?$string_output_adapter@_W@__crt_stdio_output@@@__crt_stdio_output@@IAE@ABV?$string_output_adapter@_W@1@AB_KABQB_WABQAU__crt_locale_pointers@@ABQAD@Z 10022f37 f i libucrt:output.obj
 0001:00021f62       ??$?0ABV?$string_output_adapter@_W@__crt_stdio_output@@AB_KABQB_WABQAU__crt_locale_pointers@@ABQAD@?$positional_parameter_base@_WV?$string_output_adapter@_W@__crt_stdio_output@@@__crt_stdio_output@@IAE@ABV?$string_output_adapter@_W@1@AB_KABQB_WABQAU__crt_locale_pointers@@ABQAD@Z 10022f62 f i libucrt:output.obj
 0001:00021fbc       ??$?0ABV?$string_output_adapter@_W@__crt_stdio_output@@AB_KABQB_WABQAU__crt_locale_pointers@@ABQAD@?$standard_base@_WV?$string_output_adapter@_W@__crt_stdio_output@@@__crt_stdio_output@@IAE@ABV?$string_output_adapter@_W@1@AB_KABQB_WABQAU__crt_locale_pointers@@ABQAD@Z 10022fbc f i libucrt:output.obj
 0001:00022388       ??$__crt_interlocked_read@J@@YAJPDJ@Z 10023388 f i libucrt:output.obj
 0001:000235f1       ??$count@D@formatting_buffer@__crt_stdio_output@@QBEIXZ 100245f1 f i libucrt:output.obj
 0001:0002360f       ??$count@_W@formatting_buffer@__crt_stdio_output@@QBEIXZ 1002460f f i libucrt:output.obj
 0001:0002362e       ??$data@D@formatting_buffer@__crt_stdio_output@@QAEPADXZ 1002462e f i libucrt:output.obj
 0001:0002363e       ??$data@_W@formatting_buffer@__crt_stdio_output@@QAEPA_WXZ 1002463e f i libucrt:output.obj
 0001:0002364e       ??$ensure_buffer_is_big_enough@D@formatting_buffer@__crt_stdio_output@@QAE_NI@Z 1002464e f i libucrt:output.obj
 0001:000236ec       ??$ensure_buffer_is_big_enough@_W@formatting_buffer@__crt_stdio_output@@QAE_NI@Z 100246ec f i libucrt:output.obj
 0001:0002378c       ??$extract_argument_from_va_list@C_J@?$positional_parameter_base@DV?$stream_output_adapter@D@__crt_stdio_output@@@__crt_stdio_output@@IAE_NAA_J@Z 1002478c f i libucrt:output.obj
 0001:00023823       ??$extract_argument_from_va_list@C_J@?$positional_parameter_base@DV?$string_output_adapter@D@__crt_stdio_output@@@__crt_stdio_output@@IAE_NAA_J@Z 10024823 f i libucrt:output.obj
 0001:000238ba       ??$extract_argument_from_va_list@C_J@?$positional_parameter_base@_WV?$stream_output_adapter@_W@__crt_stdio_output@@@__crt_stdio_output@@IAE_NAA_J@Z 100248ba f i libucrt:output.obj
 0001:00023951       ??$extract_argument_from_va_list@C_J@?$positional_parameter_base@_WV?$string_output_adapter@_W@__crt_stdio_output@@@__crt_stdio_output@@IAE_NAA_J@Z 10024951 f i libucrt:output.obj
 0001:000239e8       ??$extract_argument_from_va_list@C_J@?$standard_base@DV?$stream_output_adapter@D@__crt_stdio_output@@@__crt_stdio_output@@IAE_NAA_J@Z 100249e8 f i libucrt:output.obj
 0001:00023a0e       ??$extract_argument_from_va_list@C_J@?$standard_base@DV?$string_output_adapter@D@__crt_stdio_output@@@__crt_stdio_output@@IAE_NAA_J@Z 10024a0e f i libucrt:output.obj
 0001:00023a34       ??$extract_argument_from_va_list@C_J@?$standard_base@_WV?$stream_output_adapter@_W@__crt_stdio_output@@@__crt_stdio_output@@IAE_NAA_J@Z 10024a34 f i libucrt:output.obj
 0001:00023a5a       ??$extract_argument_from_va_list@C_J@?$standard_base@_WV?$string_output_adapter@_W@__crt_stdio_output@@@__crt_stdio_output@@IAE_NAA_J@Z 10024a5a f i libucrt:output.obj
 0001:00023a80       ??$extract_argument_from_va_list@E_J@?$positional_parameter_base@DV?$stream_output_adapter@D@__crt_stdio_output@@@__crt_stdio_output@@IAE_NAA_J@Z 10024a80 f i libucrt:output.obj
 0001:00023b17       ??$extract_argument_from_va_list@E_J@?$positional_parameter_base@DV?$string_output_adapter@D@__crt_stdio_output@@@__crt_stdio_output@@IAE_NAA_J@Z 10024b17 f i libucrt:output.obj
 0001:00023bae       ??$extract_argument_from_va_list@E_J@?$positional_parameter_base@_WV?$stream_output_adapter@_W@__crt_stdio_output@@@__crt_stdio_output@@IAE_NAA_J@Z 10024bae f i libucrt:output.obj
 0001:00023c45       ??$extract_argument_from_va_list@E_J@?$positional_parameter_base@_WV?$string_output_adapter@_W@__crt_stdio_output@@@__crt_stdio_output@@IAE_NAA_J@Z 10024c45 f i libucrt:output.obj
 0001:00023cdc       ??$extract_argument_from_va_list@E_J@?$standard_base@DV?$stream_output_adapter@D@__crt_stdio_output@@@__crt_stdio_output@@IAE_NAA_J@Z 10024cdc f i libucrt:output.obj
 0001:00023d02       ??$extract_argument_from_va_list@E_J@?$standard_base@DV?$string_output_adapter@D@__crt_stdio_output@@@__crt_stdio_output@@IAE_NAA_J@Z 10024d02 f i libucrt:output.obj
 0001:00023d28       ??$extract_argument_from_va_list@E_J@?$standard_base@_WV?$stream_output_adapter@_W@__crt_stdio_output@@@__crt_stdio_output@@IAE_NAA_J@Z 10024d28 f i libucrt:output.obj
 0001:00023d4e       ??$extract_argument_from_va_list@E_J@?$standard_base@_WV?$string_output_adapter@_W@__crt_stdio_output@@@__crt_stdio_output@@IAE_NAA_J@Z 10024d4e f i libucrt:output.obj
 0001:00023d74       ??$extract_argument_from_va_list@F_J@?$positional_parameter_base@DV?$stream_output_adapter@D@__crt_stdio_output@@@__crt_stdio_output@@IAE_NAA_J@Z 10024d74 f i libucrt:output.obj
 0001:00023e0b       ??$extract_argument_from_va_list@F_J@?$positional_parameter_base@DV?$string_output_adapter@D@__crt_stdio_output@@@__crt_stdio_output@@IAE_NAA_J@Z 10024e0b f i libucrt:output.obj
 0001:00023ea2       ??$extract_argument_from_va_list@F_J@?$positional_parameter_base@_WV?$stream_output_adapter@_W@__crt_stdio_output@@@__crt_stdio_output@@IAE_NAA_J@Z 10024ea2 f i libucrt:output.obj
 0001:00023f39       ??$extract_argument_from_va_list@F_J@?$positional_parameter_base@_WV?$string_output_adapter@_W@__crt_stdio_output@@@__crt_stdio_output@@IAE_NAA_J@Z 10024f39 f i libucrt:output.obj
 0001:00023fd0       ??$extract_argument_from_va_list@F_J@?$standard_base@DV?$stream_output_adapter@D@__crt_stdio_output@@@__crt_stdio_output@@IAE_NAA_J@Z 10024fd0 f i libucrt:output.obj
 0001:00023ff6       ??$extract_argument_from_va_list@F_J@?$standard_base@DV?$string_output_adapter@D@__crt_stdio_output@@@__crt_stdio_output@@IAE_NAA_J@Z 10024ff6 f i libucrt:output.obj
 0001:0002401c       ??$extract_argument_from_va_list@F_J@?$standard_base@_WV?$stream_output_adapter@_W@__crt_stdio_output@@@__crt_stdio_output@@IAE_NAA_J@Z 1002501c f i libucrt:output.obj
 0001:00024042       ??$extract_argument_from_va_list@F_J@?$standard_base@_WV?$string_output_adapter@_W@__crt_stdio_output@@@__crt_stdio_output@@IAE_NAA_J@Z 10025042 f i libucrt:output.obj
 0001:00024068       ??$extract_argument_from_va_list@GD@?$positional_parameter_base@DV?$stream_output_adapter@D@__crt_stdio_output@@@__crt_stdio_output@@IAE_NAAD@Z 10025068 f i libucrt:output.obj
 0001:000240fe       ??$extract_argument_from_va_list@GD@?$positional_parameter_base@DV?$string_output_adapter@D@__crt_stdio_output@@@__crt_stdio_output@@IAE_NAAD@Z 100250fe f i libucrt:output.obj
 0001:00024194       ??$extract_argument_from_va_list@GD@?$standard_base@DV?$stream_output_adapter@D@__crt_stdio_output@@@__crt_stdio_output@@IAE_NAAD@Z 10025194 f i libucrt:output.obj
 0001:000241b4       ??$extract_argument_from_va_list@GD@?$standard_base@DV?$string_output_adapter@D@__crt_stdio_output@@@__crt_stdio_output@@IAE_NAAD@Z 100251b4 f i libucrt:output.obj
 0001:000241d4       ??$extract_argument_from_va_list@G_J@?$positional_parameter_base@DV?$stream_output_adapter@D@__crt_stdio_output@@@__crt_stdio_output@@IAE_NAA_J@Z 100251d4 f i libucrt:output.obj
 0001:0002426b       ??$extract_argument_from_va_list@G_J@?$positional_parameter_base@DV?$string_output_adapter@D@__crt_stdio_output@@@__crt_stdio_output@@IAE_NAA_J@Z 1002526b f i libucrt:output.obj
 0001:00024302       ??$extract_argument_from_va_list@G_J@?$positional_parameter_base@_WV?$stream_output_adapter@_W@__crt_stdio_output@@@__crt_stdio_output@@IAE_NAA_J@Z 10025302 f i libucrt:output.obj
 0001:00024399       ??$extract_argument_from_va_list@G_J@?$positional_parameter_base@_WV?$string_output_adapter@_W@__crt_stdio_output@@@__crt_stdio_output@@IAE_NAA_J@Z 10025399 f i libucrt:output.obj
 0001:00024430       ??$extract_argument_from_va_list@G_J@?$standard_base@DV?$stream_output_adapter@D@__crt_stdio_output@@@__crt_stdio_output@@IAE_NAA_J@Z 10025430 f i libucrt:output.obj
 0001:00024456       ??$extract_argument_from_va_list@G_J@?$standard_base@DV?$string_output_adapter@D@__crt_stdio_output@@@__crt_stdio_output@@IAE_NAA_J@Z 10025456 f i libucrt:output.obj
 0001:0002447c       ??$extract_argument_from_va_list@G_J@?$standard_base@_WV?$stream_output_adapter@_W@__crt_stdio_output@@@__crt_stdio_output@@IAE_NAA_J@Z 1002547c f i libucrt:output.obj
 0001:000244a2       ??$extract_argument_from_va_list@G_J@?$standard_base@_WV?$string_output_adapter@_W@__crt_stdio_output@@@__crt_stdio_output@@IAE_NAA_J@Z 100254a2 f i libucrt:output.obj
 0001:000244c8       ??$extract_argument_from_va_list@H_J@?$positional_parameter_base@DV?$stream_output_adapter@D@__crt_stdio_output@@@__crt_stdio_output@@IAE_NAA_J@Z 100254c8 f i libucrt:output.obj
 0001:0002455c       ??$extract_argument_from_va_list@H_J@?$positional_parameter_base@DV?$string_output_adapter@D@__crt_stdio_output@@@__crt_stdio_output@@IAE_NAA_J@Z 1002555c f i libucrt:output.obj
 0001:000245f0       ??$extract_argument_from_va_list@H_J@?$positional_parameter_base@_WV?$stream_output_adapter@_W@__crt_stdio_output@@@__crt_stdio_output@@IAE_NAA_J@Z 100255f0 f i libucrt:output.obj
 0001:00024684       ??$extract_argument_from_va_list@H_J@?$positional_parameter_base@_WV?$string_output_adapter@_W@__crt_stdio_output@@@__crt_stdio_output@@IAE_NAA_J@Z 10025684 f i libucrt:output.obj
 0001:00024718       ??$extract_argument_from_va_list@H_J@?$standard_base@DV?$stream_output_adapter@D@__crt_stdio_output@@@__crt_stdio_output@@IAE_NAA_J@Z 10025718 f i libucrt:output.obj
 0001:0002473d       ??$extract_argument_from_va_list@H_J@?$standard_base@DV?$string_output_adapter@D@__crt_stdio_output@@@__crt_stdio_output@@IAE_NAA_J@Z 1002573d f i libucrt:output.obj
 0001:00024762       ??$extract_argument_from_va_list@H_J@?$standard_base@_WV?$stream_output_adapter@_W@__crt_stdio_output@@@__crt_stdio_output@@IAE_NAA_J@Z 10025762 f i libucrt:output.obj
 0001:00024787       ??$extract_argument_from_va_list@H_J@?$standard_base@_WV?$string_output_adapter@_W@__crt_stdio_output@@@__crt_stdio_output@@IAE_NAA_J@Z 10025787 f i libucrt:output.obj
 0001:000247ac       ??$extract_argument_from_va_list@I_J@?$positional_parameter_base@DV?$stream_output_adapter@D@__crt_stdio_output@@@__crt_stdio_output@@IAE_NAA_J@Z 100257ac f i libucrt:output.obj
 0001:0002484c       ??$extract_argument_from_va_list@I_J@?$positional_parameter_base@DV?$string_output_adapter@D@__crt_stdio_output@@@__crt_stdio_output@@IAE_NAA_J@Z 1002584c f i libucrt:output.obj
 0001:000248ec       ??$extract_argument_from_va_list@I_J@?$positional_parameter_base@_WV?$stream_output_adapter@_W@__crt_stdio_output@@@__crt_stdio_output@@IAE_NAA_J@Z 100258ec f i libucrt:output.obj
 0001:0002498c       ??$extract_argument_from_va_list@I_J@?$positional_parameter_base@_WV?$string_output_adapter@_W@__crt_stdio_output@@@__crt_stdio_output@@IAE_NAA_J@Z 1002598c f i libucrt:output.obj
 0001:00024a2c       ??$extract_argument_from_va_list@I_J@?$standard_base@DV?$stream_output_adapter@D@__crt_stdio_output@@@__crt_stdio_output@@IAE_NAA_J@Z 10025a2c f i libucrt:output.obj
 0001:00024a51       ??$extract_argument_from_va_list@I_J@?$standard_base@DV?$string_output_adapter@D@__crt_stdio_output@@@__crt_stdio_output@@IAE_NAA_J@Z 10025a51 f i libucrt:output.obj
 0001:00024a76       ??$extract_argument_from_va_list@I_J@?$standard_base@_WV?$stream_output_adapter@_W@__crt_stdio_output@@@__crt_stdio_output@@IAE_NAA_J@Z 10025a76 f i libucrt:output.obj
 0001:00024a9b       ??$extract_argument_from_va_list@I_J@?$standard_base@_WV?$string_output_adapter@_W@__crt_stdio_output@@@__crt_stdio_output@@IAE_NAA_J@Z 10025a9b f i libucrt:output.obj
 0001:00024ac0       ??$extract_argument_from_va_list@PADPAD@?$positional_parameter_base@DV?$stream_output_adapter@D@__crt_stdio_output@@@__crt_stdio_output@@IAE_NAAPAD@Z 10025ac0 f i libucrt:output.obj
 0001:00024b56       ??$extract_argument_from_va_list@PADPAD@?$positional_parameter_base@DV?$string_output_adapter@D@__crt_stdio_output@@@__crt_stdio_output@@IAE_NAAPAD@Z 10025b56 f i libucrt:output.obj
 0001:00024bec       ??$extract_argument_from_va_list@PADPAD@?$positional_parameter_base@_WV?$stream_output_adapter@_W@__crt_stdio_output@@@__crt_stdio_output@@IAE_NAAPAD@Z 10025bec f i libucrt:output.obj
 0001:00024c82       ??$extract_argument_from_va_list@PADPAD@?$positional_parameter_base@_WV?$string_output_adapter@_W@__crt_stdio_output@@@__crt_stdio_output@@IAE_NAAPAD@Z 10025c82 f i libucrt:output.obj
 0001:00024d18       ??$extract_argument_from_va_list@PADPAD@?$standard_base@DV?$stream_output_adapter@D@__crt_stdio_output@@@__crt_stdio_output@@IAE_NAAPAD@Z 10025d18 f i libucrt:output.obj
 0001:00024d38       ??$extract_argument_from_va_list@PADPAD@?$standard_base@DV?$string_output_adapter@D@__crt_stdio_output@@@__crt_stdio_output@@IAE_NAAPAD@Z 10025d38 f i libucrt:output.obj
 0001:00024d58       ??$extract_argument_from_va_list@PADPAD@?$standard_base@_WV?$stream_output_adapter@_W@__crt_stdio_output@@@__crt_stdio_output@@IAE_NAAPAD@Z 10025d58 f i libucrt:output.obj
 0001:00024d78       ??$extract_argument_from_va_list@PADPAD@?$standard_base@_WV?$string_output_adapter@_W@__crt_stdio_output@@@__crt_stdio_output@@IAE_NAAPAD@Z 10025d78 f i libucrt:output.obj
 0001:00025170       ??$extract_argument_from_va_list@PAXPAX@?$positional_parameter_base@DV?$stream_output_adapter@D@__crt_stdio_output@@@__crt_stdio_output@@IAE_NAAPAX@Z 10026170 f i libucrt:output.obj
 0001:00025206       ??$extract_argument_from_va_list@PAXPAX@?$positional_parameter_base@DV?$string_output_adapter@D@__crt_stdio_output@@@__crt_stdio_output@@IAE_NAAPAX@Z 10026206 f i libucrt:output.obj
 0001:0002529c       ??$extract_argument_from_va_list@PAXPAX@?$positional_parameter_base@_WV?$stream_output_adapter@_W@__crt_stdio_output@@@__crt_stdio_output@@IAE_NAAPAX@Z 1002629c f i libucrt:output.obj
 0001:00025332       ??$extract_argument_from_va_list@PAXPAX@?$positional_parameter_base@_WV?$string_output_adapter@_W@__crt_stdio_output@@@__crt_stdio_output@@IAE_NAAPAX@Z 10026332 f i libucrt:output.obj
 0001:000253c8       ??$extract_argument_from_va_list@PAXPAX@?$standard_base@DV?$stream_output_adapter@D@__crt_stdio_output@@@__crt_stdio_output@@IAE_NAAPAX@Z 100263c8 f i libucrt:output.obj
 0001:000253e8       ??$extract_argument_from_va_list@PAXPAX@?$standard_base@DV?$string_output_adapter@D@__crt_stdio_output@@@__crt_stdio_output@@IAE_NAAPAX@Z 100263e8 f i libucrt:output.obj
 0001:00025408       ??$extract_argument_from_va_list@PAXPAX@?$standard_base@_WV?$stream_output_adapter@_W@__crt_stdio_output@@@__crt_stdio_output@@IAE_NAAPAX@Z 10026408 f i libucrt:output.obj
 0001:00025428       ??$extract_argument_from_va_list@PAXPAX@?$standard_base@_WV?$string_output_adapter@_W@__crt_stdio_output@@@__crt_stdio_output@@IAE_NAAPAX@Z 10026428 f i libucrt:output.obj
 0001:00025448       ??$extract_argument_from_va_list@U_CRT_DOUBLE@@U1@@?$positional_parameter_base@DV?$stream_output_adapter@D@__crt_stdio_output@@@__crt_stdio_output@@IAE_NAAU_CRT_DOUBLE@@@Z 10026448 f i libucrt:output.obj
 0001:000254ef       ??$extract_argument_from_va_list@U_CRT_DOUBLE@@U1@@?$positional_parameter_base@DV?$string_output_adapter@D@__crt_stdio_output@@@__crt_stdio_output@@IAE_NAAU_CRT_DOUBLE@@@Z 100264ef f i libucrt:output.obj
 0001:00025596       ??$extract_argument_from_va_list@U_CRT_DOUBLE@@U1@@?$positional_parameter_base@_WV?$stream_output_adapter@_W@__crt_stdio_output@@@__crt_stdio_output@@IAE_NAAU_CRT_DOUBLE@@@Z 10026596 f i libucrt:output.obj
 0001:0002563d       ??$extract_argument_from_va_list@U_CRT_DOUBLE@@U1@@?$positional_parameter_base@_WV?$string_output_adapter@_W@__crt_stdio_output@@@__crt_stdio_output@@IAE_NAAU_CRT_DOUBLE@@@Z 1002663d f i libucrt:output.obj
 0001:000256e4       ??$extract_argument_from_va_list@U_CRT_DOUBLE@@U1@@?$standard_base@DV?$stream_output_adapter@D@__crt_stdio_output@@@__crt_stdio_output@@IAE_NAAU_CRT_DOUBLE@@@Z 100266e4 f i libucrt:output.obj
 0001:0002570c       ??$extract_argument_from_va_list@U_CRT_DOUBLE@@U1@@?$standard_base@DV?$string_output_adapter@D@__crt_stdio_output@@@__crt_stdio_output@@IAE_NAAU_CRT_DOUBLE@@@Z 1002670c f i libucrt:output.obj
 0001:00025734       ??$extract_argument_from_va_list@U_CRT_DOUBLE@@U1@@?$standard_base@_WV?$stream_output_adapter@_W@__crt_stdio_output@@@__crt_stdio_output@@IAE_NAAU_CRT_DOUBLE@@@Z 10026734 f i libucrt:output.obj
 0001:0002575c       ??$extract_argument_from_va_list@U_CRT_DOUBLE@@U1@@?$standard_base@_WV?$string_output_adapter@_W@__crt_stdio_output@@@__crt_stdio_output@@IAE_NAAU_CRT_DOUBLE@@@Z 1002675c f i libucrt:output.obj
 0001:00025784       ??$extract_argument_from_va_list@_J_J@?$positional_parameter_base@DV?$stream_output_adapter@D@__crt_stdio_output@@@__crt_stdio_output@@IAE_NAA_J@Z 10026784 f i libucrt:output.obj
 0001:0002582b       ??$extract_argument_from_va_list@_J_J@?$positional_parameter_base@DV?$string_output_adapter@D@__crt_stdio_output@@@__crt_stdio_output@@IAE_NAA_J@Z 1002682b f i libucrt:output.obj
 0001:000258d2       ??$extract_argument_from_va_list@_J_J@?$positional_parameter_base@_WV?$stream_output_adapter@_W@__crt_stdio_output@@@__crt_stdio_output@@IAE_NAA_J@Z 100268d2 f i libucrt:output.obj
 0001:00025979       ??$extract_argument_from_va_list@_J_J@?$positional_parameter_base@_WV?$string_output_adapter@_W@__crt_stdio_output@@@__crt_stdio_output@@IAE_NAA_J@Z 10026979 f i libucrt:output.obj
 0001:00025a20       ??$extract_argument_from_va_list@_J_J@?$standard_base@DV?$stream_output_adapter@D@__crt_stdio_output@@@__crt_stdio_output@@IAE_NAA_J@Z 10026a20 f i libucrt:output.obj
 0001:00025a48       ??$extract_argument_from_va_list@_J_J@?$standard_base@DV?$string_output_adapter@D@__crt_stdio_output@@@__crt_stdio_output@@IAE_NAA_J@Z 10026a48 f i libucrt:output.obj
 0001:00025a70       ??$extract_argument_from_va_list@_J_J@?$standard_base@_WV?$stream_output_adapter@_W@__crt_stdio_output@@@__crt_stdio_output@@IAE_NAA_J@Z 10026a70 f i libucrt:output.obj
 0001:00025a98       ??$extract_argument_from_va_list@_J_J@?$standard_base@_WV?$string_output_adapter@_W@__crt_stdio_output@@@__crt_stdio_output@@IAE_NAA_J@Z 10026a98 f i libucrt:output.obj
 0001:00025ac0       ??$extract_argument_from_va_list@_K_J@?$positional_parameter_base@DV?$stream_output_adapter@D@__crt_stdio_output@@@__crt_stdio_output@@IAE_NAA_J@Z 10026ac0 f i libucrt:output.obj
 0001:00025b67       ??$extract_argument_from_va_list@_K_J@?$positional_parameter_base@DV?$string_output_adapter@D@__crt_stdio_output@@@__crt_stdio_output@@IAE_NAA_J@Z 10026b67 f i libucrt:output.obj
 0001:00025c0e       ??$extract_argument_from_va_list@_K_J@?$positional_parameter_base@_WV?$stream_output_adapter@_W@__crt_stdio_output@@@__crt_stdio_output@@IAE_NAA_J@Z 10026c0e f i libucrt:output.obj
 0001:00025cb5       ??$extract_argument_from_va_list@_K_J@?$positional_parameter_base@_WV?$string_output_adapter@_W@__crt_stdio_output@@@__crt_stdio_output@@IAE_NAA_J@Z 10026cb5 f i libucrt:output.obj
 0001:00025d5c       ??$extract_argument_from_va_list@_K_J@?$standard_base@DV?$stream_output_adapter@D@__crt_stdio_output@@@__crt_stdio_output@@IAE_NAA_J@Z 10026d5c f i libucrt:output.obj
 0001:00025d84       ??$extract_argument_from_va_list@_K_J@?$standard_base@DV?$string_output_adapter@D@__crt_stdio_output@@@__crt_stdio_output@@IAE_NAA_J@Z 10026d84 f i libucrt:output.obj
 0001:00025dac       ??$extract_argument_from_va_list@_K_J@?$standard_base@_WV?$stream_output_adapter@_W@__crt_stdio_output@@@__crt_stdio_output@@IAE_NAA_J@Z 10026dac f i libucrt:output.obj
 0001:00025dd4       ??$extract_argument_from_va_list@_K_J@?$standard_base@_WV?$string_output_adapter@_W@__crt_stdio_output@@@__crt_stdio_output@@IAE_NAA_J@Z 10026dd4 f i libucrt:output.obj
 0001:00025dfc       ??$extract_argument_from_va_list@_W_W@?$positional_parameter_base@DV?$stream_output_adapter@D@__crt_stdio_output@@@__crt_stdio_output@@IAE_NAA_W@Z 10026dfc f i libucrt:output.obj
 0001:00025e97       ??$extract_argument_from_va_list@_W_W@?$positional_parameter_base@DV?$string_output_adapter@D@__crt_stdio_output@@@__crt_stdio_output@@IAE_NAA_W@Z 10026e97 f i libucrt:output.obj
 0001:00025f32       ??$extract_argument_from_va_list@_W_W@?$positional_parameter_base@_WV?$stream_output_adapter@_W@__crt_stdio_output@@@__crt_stdio_output@@IAE_NAA_W@Z 10026f32 f i libucrt:output.obj
 0001:00025fcd       ??$extract_argument_from_va_list@_W_W@?$positional_parameter_base@_WV?$string_output_adapter@_W@__crt_stdio_output@@@__crt_stdio_output@@IAE_NAA_W@Z 10026fcd f i libucrt:output.obj
 0001:00026068       ??$extract_argument_from_va_list@_W_W@?$standard_base@DV?$stream_output_adapter@D@__crt_stdio_output@@@__crt_stdio_output@@IAE_NAA_W@Z 10027068 f i libucrt:output.obj
 0001:0002608b       ??$extract_argument_from_va_list@_W_W@?$standard_base@DV?$string_output_adapter@D@__crt_stdio_output@@@__crt_stdio_output@@IAE_NAA_W@Z 1002708b f i libucrt:output.obj
 0001:000260ae       ??$extract_argument_from_va_list@_W_W@?$standard_base@_WV?$stream_output_adapter@_W@__crt_stdio_output@@@__crt_stdio_output@@IAE_NAA_W@Z 100270ae f i libucrt:output.obj
 0001:000260d1       ??$extract_argument_from_va_list@_W_W@?$standard_base@_WV?$string_output_adapter@_W@__crt_stdio_output@@@__crt_stdio_output@@IAE_NAA_W@Z 100270d1 f i libucrt:output.obj
 0001:000260f4       ??$get_parameter_type@D@?$positional_parameter_base@DV?$stream_output_adapter@D@__crt_stdio_output@@@__crt_stdio_output@@CA?AW4parameter_type@01@PAD@Z 100270f4 f i libucrt:output.obj
 0001:000260f8       ??$get_parameter_type@D@?$positional_parameter_base@DV?$string_output_adapter@D@__crt_stdio_output@@@__crt_stdio_output@@CA?AW4parameter_type@01@PAD@Z 100270f8 f i libucrt:output.obj
 0001:000260fc       ??$get_parameter_type@D@?$positional_parameter_base@_WV?$stream_output_adapter@_W@__crt_stdio_output@@@__crt_stdio_output@@CA?AW4parameter_type@01@PAD@Z 100270fc f i libucrt:output.obj
 0001:00026100       ??$get_parameter_type@D@?$positional_parameter_base@_WV?$string_output_adapter@_W@__crt_stdio_output@@@__crt_stdio_output@@CA?AW4parameter_type@01@PAD@Z 10027100 f i libucrt:output.obj
 0001:00026114       ??$get_parameter_type@X@?$positional_parameter_base@DV?$stream_output_adapter@D@__crt_stdio_output@@@__crt_stdio_output@@CA?AW4parameter_type@01@PAX@Z 10027114 f i libucrt:output.obj
 0001:00026118       ??$get_parameter_type@X@?$positional_parameter_base@DV?$string_output_adapter@D@__crt_stdio_output@@@__crt_stdio_output@@CA?AW4parameter_type@01@PAX@Z 10027118 f i libucrt:output.obj
 0001:0002611c       ??$get_parameter_type@X@?$positional_parameter_base@_WV?$stream_output_adapter@_W@__crt_stdio_output@@@__crt_stdio_output@@CA?AW4parameter_type@01@PAX@Z 1002711c f i libucrt:output.obj
 0001:00026120       ??$get_parameter_type@X@?$positional_parameter_base@_WV?$string_output_adapter@_W@__crt_stdio_output@@@__crt_stdio_output@@CA?AW4parameter_type@01@PAX@Z 10027120 f i libucrt:output.obj
 0001:00026124       ??$is_character_specifier@D@?$positional_parameter_base@DV?$stream_output_adapter@D@__crt_stdio_output@@@__crt_stdio_output@@CA_ND@Z 10027124 f i libucrt:output.obj
 0001:00026142       ??$is_character_specifier@D@?$positional_parameter_base@DV?$string_output_adapter@D@__crt_stdio_output@@@__crt_stdio_output@@CA_ND@Z 10027142 f i libucrt:output.obj
 0001:00026160       ??$is_character_specifier@_W@?$positional_parameter_base@_WV?$stream_output_adapter@_W@__crt_stdio_output@@@__crt_stdio_output@@CA_N_W@Z 10027160 f i libucrt:output.obj
 0001:00026181       ??$is_character_specifier@_W@?$positional_parameter_base@_WV?$string_output_adapter@_W@__crt_stdio_output@@@__crt_stdio_output@@CA_N_W@Z 10027181 f i libucrt:output.obj
 0001:000261a2       ??$is_integral_specifier@D@?$positional_parameter_base@DV?$stream_output_adapter@D@__crt_stdio_output@@@__crt_stdio_output@@CA_ND@Z 100271a2 f i libucrt:output.obj
 0001:000261d9       ??$is_integral_specifier@D@?$positional_parameter_base@DV?$string_output_adapter@D@__crt_stdio_output@@@__crt_stdio_output@@CA_ND@Z 100271d9 f i libucrt:output.obj
 0001:00026210       ??$is_integral_specifier@_W@?$positional_parameter_base@_WV?$stream_output_adapter@_W@__crt_stdio_output@@@__crt_stdio_output@@CA_N_W@Z 10027210 f i libucrt:output.obj
 0001:00026259       ??$is_integral_specifier@_W@?$positional_parameter_base@_WV?$string_output_adapter@_W@__crt_stdio_output@@@__crt_stdio_output@@CA_N_W@Z 10027259 f i libucrt:output.obj
 0001:000262a2       ??$is_pointer_specifier@D@?$positional_parameter_base@DV?$stream_output_adapter@D@__crt_stdio_output@@@__crt_stdio_output@@CA_ND@Z 100272a2 f i libucrt:output.obj
 0001:000262b3       ??$is_pointer_specifier@D@?$positional_parameter_base@DV?$string_output_adapter@D@__crt_stdio_output@@@__crt_stdio_output@@CA_ND@Z 100272b3 f i libucrt:output.obj
 0001:000262c4       ??$is_pointer_specifier@_W@?$positional_parameter_base@_WV?$stream_output_adapter@_W@__crt_stdio_output@@@__crt_stdio_output@@CA_N_W@Z 100272c4 f i libucrt:output.obj
 0001:000262d6       ??$is_pointer_specifier@_W@?$positional_parameter_base@_WV?$string_output_adapter@_W@__crt_stdio_output@@@__crt_stdio_output@@CA_N_W@Z 100272d6 f i libucrt:output.obj
 0001:000262e8       ??$is_string_specifier@D@?$positional_parameter_base@DV?$stream_output_adapter@D@__crt_stdio_output@@@__crt_stdio_output@@CA_ND@Z 100272e8 f i libucrt:output.obj
 0001:00026306       ??$is_string_specifier@D@?$positional_parameter_base@DV?$string_output_adapter@D@__crt_stdio_output@@@__crt_stdio_output@@CA_ND@Z 10027306 f i libucrt:output.obj
 0001:00026324       ??$is_string_specifier@_W@?$positional_parameter_base@_WV?$stream_output_adapter@_W@__crt_stdio_output@@@__crt_stdio_output@@CA_N_W@Z 10027324 f i libucrt:output.obj
 0001:00026345       ??$is_string_specifier@_W@?$positional_parameter_base@_WV?$string_output_adapter@_W@__crt_stdio_output@@@__crt_stdio_output@@CA_N_W@Z 10027345 f i libucrt:output.obj
 0001:00026366       ??$is_wide_character_specifier@D@__crt_stdio_output@@YA_N_KDW4length_modifier@0@@Z 10027366 f i libucrt:output.obj
 0001:000263a3       ??$is_wide_character_specifier@_W@__crt_stdio_output@@YA_N_K_WW4length_modifier@0@@Z 100273a3 f i libucrt:output.obj
 0001:00026404       ??$peek_va_arg@C@__crt_stdio_output@@YACPAD@Z 10027404 f i libucrt:output.obj
 0001:00026413       ??$peek_va_arg@E@__crt_stdio_output@@YAEPAD@Z 10027413 f i libucrt:output.obj
 0001:00026422       ??$peek_va_arg@F@__crt_stdio_output@@YAFPAD@Z 10027422 f i libucrt:output.obj
 0001:00026432       ??$peek_va_arg@G@__crt_stdio_output@@YAGPAD@Z 10027432 f i libucrt:output.obj
 0001:00026442       ??$peek_va_arg@H@__crt_stdio_output@@YAHPAD@Z 10027442 f i libucrt:output.obj
 0001:00026451       ??$peek_va_arg@I@__crt_stdio_output@@YAIPAD@Z 10027451 f i libucrt:output.obj
 0001:00026460       ??$peek_va_arg@PAD@__crt_stdio_output@@YAPADPAD@Z 10027460 f i libucrt:output.obj
 0001:000264ab       ??$peek_va_arg@PAX@__crt_stdio_output@@YAPAXPAD@Z 100274ab f i libucrt:output.obj
 0001:000264ba       ??$peek_va_arg@U_CRT_DOUBLE@@@__crt_stdio_output@@YA?AU_CRT_DOUBLE@@PAD@Z 100274ba f i libucrt:output.obj
 0001:000264cc       ??$peek_va_arg@_J@__crt_stdio_output@@YA_JPAD@Z 100274cc f i libucrt:output.obj
 0001:000264de       ??$peek_va_arg@_K@__crt_stdio_output@@YA_KPAD@Z 100274de f i libucrt:output.obj
 0001:000264f0       ??$peek_va_arg@_W@__crt_stdio_output@@YA_WPAD@Z 100274f0 f i libucrt:output.obj
 0001:00026500       ??$puttc_nolock@ABDPAU_iobuf@@@?$__crt_char_traits@D@@SAHABD$$QAPAU_iobuf@@@Z 10027500 f i libucrt:output.obj
 0001:00026520       ??$puttc_nolock@AB_WPAU_iobuf@@@?$__crt_char_traits@_W@@SAGAB_W$$QAPAU_iobuf@@@Z 10027520 f i libucrt:output.obj
 0001:00026540       ??$read_va_arg@C@__crt_stdio_output@@YACAAPAD@Z 10027540 f i libucrt:output.obj
 0001:00026556       ??$read_va_arg@E@__crt_stdio_output@@YAEAAPAD@Z 10027556 f i libucrt:output.obj
 0001:0002656c       ??$read_va_arg@F@__crt_stdio_output@@YAFAAPAD@Z 1002756c f i libucrt:output.obj
 0001:00026583       ??$read_va_arg@G@__crt_stdio_output@@YAGAAPAD@Z 10027583 f i libucrt:output.obj
 0001:0002659a       ??$read_va_arg@H@__crt_stdio_output@@YAHAAPAD@Z 1002759a f i libucrt:output.obj
 0001:000265b0       ??$read_va_arg@I@__crt_stdio_output@@YAIAAPAD@Z 100275b0 f i libucrt:output.obj
 0001:000265c6       ??$read_va_arg@PAD@__crt_stdio_output@@YAPADAAPAD@Z 100275c6 f i libucrt:output.obj
 0001:000266e4       ??$read_va_arg@PAX@__crt_stdio_output@@YAPAXAAPAD@Z 100276e4 f i libucrt:output.obj
 0001:000266fa       ??$read_va_arg@U_CRT_DOUBLE@@@__crt_stdio_output@@YA?AU_CRT_DOUBLE@@AAPAD@Z 100276fa f i libucrt:output.obj
 0001:00026715       ??$read_va_arg@_J@__crt_stdio_output@@YA_JAAPAD@Z 10027715 f i libucrt:output.obj
 0001:0002672f       ??$read_va_arg@_K@__crt_stdio_output@@YA_KAAPAD@Z 1002772f f i libucrt:output.obj
 0001:00026749       ??$read_va_arg@_W@__crt_stdio_output@@YA_WAAPAD@Z 10027749 f i libucrt:output.obj
 0001:00026760       ??$scratch_count@D@formatting_buffer@__crt_stdio_output@@QBEIXZ 10027760 f i libucrt:output.obj
 0001:00026765       ??$scratch_data@D@formatting_buffer@__crt_stdio_output@@QAEPADXZ 10027765 f i libucrt:output.obj
 0001:0002678a       ??$tcstol@AAPBDPAPADH@?$__crt_char_traits@D@@SAJAAPBD$$QAPAPAD$$QAH@Z 1002778a f i libucrt:output.obj
 0001:000267af       ??$tcstol@AAPB_WPAPA_WH@?$__crt_char_traits@_W@@SAJAAPB_W$$QAPAPA_W$$QAH@Z 100277af f i libucrt:output.obj
 0001:000267d4       ??$tcstol@PBDPAPADH@?$__crt_char_traits@D@@SAJ$$QAPBD$$QAPAPAD$$QAH@Z 100277d4 f i libucrt:output.obj
 0001:000267f9       ??$tcstol@PB_WPAPA_WH@?$__crt_char_traits@_W@@SAJ$$QAPB_W$$QAPAPA_W$$QAH@Z 100277f9 f i libucrt:output.obj
 0001:0002681e       ??$type_case_integer_parse_into_buffer@I@?$output_processor@DV?$stream_output_adapter@D@__crt_stdio_output@@V?$format_validation_base@DV?$stream_output_adapter@D@__crt_stdio_output@@@2@@__crt_stdio_output@@AAEXII_N@Z 1002781e f i libucrt:output.obj
 0001:000268ad       ??$type_case_integer_parse_into_buffer@I@?$output_processor@DV?$stream_output_adapter@D@__crt_stdio_output@@V?$positional_parameter_base@DV?$stream_output_adapter@D@__crt_stdio_output@@@2@@__crt_stdio_output@@AAEXII_N@Z 100278ad f i libucrt:output.obj
 0001:0002693c       ??$type_case_integer_parse_into_buffer@I@?$output_processor@DV?$stream_output_adapter@D@__crt_stdio_output@@V?$standard_base@DV?$stream_output_adapter@D@__crt_stdio_output@@@2@@__crt_stdio_output@@AAEXII_N@Z 1002793c f i libucrt:output.obj
 0001:000269cb       ??$type_case_integer_parse_into_buffer@I@?$output_processor@DV?$string_output_adapter@D@__crt_stdio_output@@V?$format_validation_base@DV?$string_output_adapter@D@__crt_stdio_output@@@2@@__crt_stdio_output@@AAEXII_N@Z 100279cb f i libucrt:output.obj
 0001:00026a5a       ??$type_case_integer_parse_into_buffer@I@?$output_processor@DV?$string_output_adapter@D@__crt_stdio_output@@V?$positional_parameter_base@DV?$string_output_adapter@D@__crt_stdio_output@@@2@@__crt_stdio_output@@AAEXII_N@Z 10027a5a f i libucrt:output.obj
 0001:00026ae9       ??$type_case_integer_parse_into_buffer@I@?$output_processor@DV?$string_output_adapter@D@__crt_stdio_output@@V?$standard_base@DV?$string_output_adapter@D@__crt_stdio_output@@@2@@__crt_stdio_output@@AAEXII_N@Z 10027ae9 f i libucrt:output.obj
[...]
 0003:00006020       _CANAC2_2_sendindex_mb3    10087020     <common>
 0003:00006340       _CANAC2_2_sendmaxindex_mb3 10087340     <common>
 0003:00006360       _CANAC2_1_receiveindex_mb3 10087360     <common>
 0003:00006680       _CANAC2_1_receivemaxindex_mb3 10087680     <common>
 0003:000066a0       _CANAC2_1_sendindex_mb3    100876a0     <common>
 0003:000069c0       _CANAC2_1_sendmaxindex_mb3 100879c0     <common>
 0003:000069e0       _CANAC2_2_receive_mb3      100879e0     <common>
 0003:00006d00       _CANAC2_2_send_mb3         10087d00     <common>
 0003:00007020       _CANAC2_1_receive_mb3      10088020     <common>
 0003:00007340       _CANAC2_1_send_mb3         10088340     <common>
 0003:00007660       _CANAC2_2_receiveindex_mb2 10088660     <common>
 0003:00007980       _CANAC2_2_receivemaxindex_mb2 10088980     <common>
 0003:000079a0       _CANAC2_2_sendindex_mb2    100889a0     <common>
 0003:00007cc0       _CANAC2_2_sendmaxindex_mb2 10088cc0     <common>
 0003:00007ce0       _CANAC2_1_receiveindex_mb2 10088ce0     <common>
 0003:00008000       _CANAC2_1_receivemaxindex_mb2 10089000     <common>
 0003:00008020       _CANAC2_1_sendindex_mb2    10089020     <common>
 0003:00008340       _CANAC2_1_sendmaxindex_mb2 10089340     <common>
 0003:00008360       _CANAC2_2_receive_mb2      10089360     <common>
 0003:00008680       _CANAC2_2_send_mb2         10089680     <common>
 0003:000089a0       _CANAC2_1_receive_mb2      100899a0     <common>
 0003:00008cc0       _CANAC2_1_send_mb2         10089cc0     <common>
 0003:00008fe0       _CANAC2_2_receiveindex_mb1 10089fe0     <common>
 0003:00009300       _CANAC2_2_receivemaxindex_mb1 1008a300     <common>
 0003:00009320       _CANAC2_2_sendindex_mb1    1008a320     <common>
 0003:00009640       _CANAC2_2_sendmaxindex_mb1 1008a640     <common>
 0003:00009660       _CANAC2_1_receiveindex_mb1 1008a660     <common>
 0003:00009980       _CANAC2_1_receivemaxindex_mb1 1008a980     <common>
 0003:000099a0       _CANAC2_1_sendindex_mb1    1008a9a0     <common>
 0003:00009cc0       _CANAC2_1_sendmaxindex_mb1 1008acc0     <common>
 0003:00009ce0       _CANAC2_2_receive_mb1      1008ace0     <common>
 0003:0000a000       _CANAC2_2_send_mb1         1008b000     <common>
 0003:0000a320       _CANAC2_1_receive_mb1      1008b320     <common>
 0003:0000a640       _CANAC2_1_send_mb1         1008b640     <common>
 0003:0000a960       _CANAC2_2_receiveindex     1008b960     <common>
 0003:0000ac80       _CANAC2_2_receivemaxindex  1008bc80     <common>
 0003:0000aca0       _CANAC2_2_sendindex        1008bca0     <common>
 0003:0000afc0       _CANAC2_2_sendmaxindex     1008bfc0     <common>
 0003:0000afe0       _CANAC2_1_receiveindex     1008bfe0     <common>
 0003:0000b300       _CANAC2_1_receivemaxindex  1008c300     <common>
 0003:0000b320       _CANAC2_1_sendindex        1008c320     <common>
 0003:0000b640       _CANAC2_1_sendmaxindex     1008c640     <common>
 0003:0000b660       _CANAC2_2_receive          1008c660     <common>
 0003:0000b980       _CANAC2_2_send             1008c980     <common>
 0003:0000bca0       _CANAC2_1_receive          1008cca0     <common>
 0003:0000bfc0       _CANAC2_1_send             1008cfc0     <common>
 0003:0000c2e0       _siepowercan_can_object_buffer_port2 1008d2e0     <common>
 0003:00010300       _siepowercan_can_object_buffer_port1 10091300     <common>
 0003:00014300       _rtNaNF                    10095300     <common>
 0003:00014314       _rtMinusInfF               10095314     <common>
 0003:00014318       _rtInfF                    10095318     <common>
 0003:00014320       _rtNaN                     10095320     <common>
 0003:00014328       _rtMinusInf                10095328     <common>
 0003:00014330       _rtInf                     10095330     <common>
 0003:00014338       ?_OptionsStorage@?1??__local_stdio_printf_options@@9@9 10095338     <common>
 0003:000149a0       _modified_motor_M_         100959a0     <common>
 0003:000156b0       _modified_motor_PrevZCX    100966b0     <common>
 0003:000156c0       _modified_motor_DW         100966c0     <common>
 0003:000157e0       _modified_motor_X          100967e0     <common>
 0003:00015800       _modified_motor_B          10096800     <common>
 0003:000168e0       _CloseClientSocket         100978e0     <common>
 0003:00016948       _ConnectClientSocket       10097948     <common>
 0003:0001694c       _BindClientSocket          1009794c     <common>
 0003:00016950       _CreateClientSocket        10097950     <common>
 0003:00016954       _CloseServerSocket         10097954     <common>
 0003:00016958       _ConnectServerSocket       10097958     <common>
 0003:0001695c       _OpenServerListen          1009795c     <common>
 0003:00016960       _CreateServerSocket        10097960     <common>
 0003:00016964       _SocketReceive             10097964     <common>
 0003:00016968       _SocketSend                10097968     <common>
 0003:0001696c       _GetSocketState            1009796c     <common>
 0003:00016970       _GetSocket                 10097970     <common>
 0003:00016974       _socket                    10097974     <common>
 0003:00016978       _inet_addr                 10097978     <common>
 0003:0001697c       _sendto                    1009797c     <common>
 0003:00016980       _recvfrom                  10097980     <common>
 0003:00016984       _listen                    10097984     <common>
 0003:00016988       _ioctlsocket               10097988     <common>
 0003:0001698c       _connect                   1009798c     <common>
 0003:00016990       _closesocket               10097990     <common>
 0003:00016994       _setsockopt                10097994     <common>
 0003:00016998       _bind                      10097998     <common>
 0003:0001699c       _accept                    1009799c     <common>
 0003:000169a0       _GetHostTarIPAdd           100979a0     <common>
 0003:000169a4       _GetDCUUsage               100979a4     <common>
 0003:000169a8       _DeleteRoute               100979a8     <common>
 0003:000169ac       _AddGatewayRoute           100979ac     <common>
 0003:000169b0       _SetIP                     100979b0     <common>
 0003:000169b4       _CloseInterface            100979b4     <common>
 0003:000169b8       _OpenInterface             100979b8     <common>
 0003:000169bc       _SetIPTASKPriority         100979bc     <common>
 0003:000169c0       _isUsedByRTIP              100979c0     <common>
 0003:000169c4       _slrtWarning               100979c4     <common>
 0003:000169c8       _slrtGetCPUTCelsius        100979c8     <common>
 0003:000169cc       _geterrorstring            100979cc     <common>
 0003:000169d0       _getlasterror              100979d0     <common>
 0003:000169d4       _slrtLogEvent              100979d4     <common>
 0003:000169d8       _slrtGetDefaultDrive       100979d8     <common>
 0003:000169dc       _slrtfsFread               100979dc     <common>
 0003:000169e0       _slrtfsGetFileStatus       100979e0     <common>
 0003:000169e4       _slrtfsOpenFileAsync       100979e4     <common>
 0003:000169e8       _slrtfsCloseFileAsync      100979e8     <common>
 0003:000169ec       _slrtfsGetFileErrorMessage 100979ec     <common>
 0003:000169f0       _slrtfsGetFileError        100979f0     <common>
 0003:000169f4       _slrtfsWriteToFile         100979f4     <common>
 0003:000169f8       _slrtfsCloseFile           100979f8     <common>
 0003:000169fc       _slrtfsOpenFile            100979fc     <common>
 0003:00016a00       _slrtGetSgCRBSpace         10097a00     <common>
 0003:00016a04       _slrtGetCRBScratchSpace    10097a04     <common>
 0003:00016a08       _slrteSetupMSI             10097a08     <common>
 0003:00016a0c       _slTestRegAssessment       10097a0c     <common>
 0003:00016a10       _slTestTerminate           10097a10     <common>
 0003:00016a14       _slTestEvalOnFail          10097a14     <common>
 0003:00016a18       _slTestLogAssessments      10097a18     <common>
 0003:00016a1c       _slTestInitialize          10097a1c     <common>
 0003:00016a20       _unRegisterPTPTimeRead     10097a20     <common>
 0003:00016a24       _registerPTPTimeRead       10097a24     <common>
 0003:00016a28       _slrteGetCurrentStepSize   10097a28     <common>
 0003:00016a2c       _slrteSetStepSizeDelta     10097a2c     <common>
 0003:00016a30       _xpceGetIntTimerGranularityNS 10097a30     <common>
 0003:00016a34       _xpceDAQUpdateTimeStamp    10097a34     <common>
 0003:00016a38       _xpceDAQPostEvent          10097a38     <common>
 0003:00016a3c       _StreamVideo               10097a3c     <common>
 0003:00016a40       _StopVideoDisplay          10097a40     <common>
 0003:00016a44       _StartVideoDisplay         10097a44     <common>
 0003:00016a48       _DestroyVideoDisplay       10097a48     <common>
 0003:00016a4c       _CreateVideoDisplay        10097a4c     <common>
 0003:00016a50       _ConvertUImage             10097a50     <common>
 0003:00016a54       _StopVideo                 10097a54     <common>
 0003:00016a58       _ReadFrameBuffer           10097a58     <common>
 0003:00016a5c       _StartVideo                10097a5c     <common>
 0003:00016a60       _GetVideoConfigs           10097a60     <common>
 0003:00016a64       _FindUsbVideoDevice        10097a64     <common>
 0003:00016a68       _xpceDeleteSemaphore       10097a68     <common>
 0003:00016a6c       _xpceSignalSemaphore       10097a6c     <common>
 0003:00016a70       _xpceWaitSemaphore         10097a70     <common>
 0003:00016a74       _xpceCreateSemaphore       10097a74     <common>
 0003:00016a78       _TBGiveSpinFast            10097a78     <common>
 0003:00016a7c       _TBTakeSpinFast            10097a7c     <common>
 0003:00016a80       _TBDeleteSpin              10097a80     <common>
 0003:00016a84       _TBCreateSpin              10097a84     <common>
 0003:00016a88       _xpceScopeAcqOK            10097a88     <common>
 0003:00016a8c       _rl32eRestartAcquisition   10097a8c     <common>
 0003:00016a90       _rl32eSetTargetScopeSigFt  10097a90     <common>
 0003:00016a94       _rl32eSetTargetScope       10097a94     <common>
 0003:00016a98       _xpceFSScopeSet            10097a98     <common>
 0003:00016a9c       _rl32eSetScope             10097a9c     <common>
 0003:00016aa0       _rl32eAddSignal            10097aa0     <common>
 0003:00016aa4       _rl32eGetSignalNo          10097aa4     <common>
 0003:00016aa8       _rl32eDefScope             10097aa8     <common>
 0003:00016aac       _rl32eScopeExists          10097aac     <common>
 0003:00016ab0       _xpceGetParamDims          10097ab0     <common>
 0003:00016ab4       _xpceGetParameter          10097ab4     <common>
 0003:00016ab8       _xpceSetParameter          10097ab8     <common>
 0003:00016abc       _xpceGetSignalValue        10097abc     <common>
 0003:00016ac0       _xpceAssignPCIInterrupt    10097ac0     <common>
 0003:00016ac4       _rl32eGetPCIInfoAtSlot     10097ac4     <common>
 0003:00016ac8       _rl32eGetPCIInfo           10097ac8     <common>
 0003:00016acc       _rl32eShowPCIInfo          10097acc     <common>
 0003:00016ad0       _rl32eShowPCIDev           10097ad0     <common>
 0003:00016ad4       _xpceGetTET                10097ad4     <common>
 0003:00016ad8       _xpceaddEvent              10097ad8     <common>
 0003:00016adc       _xpceDeRegisterISR         10097adc     <common>
 0003:00016ae0       _xpceRegisterISR           10097ae0     <common>
 0003:00016ae4       _xpcIsModelInit            10097ae4     <common>
 0003:00016ae8       _xpcGetElapsedTime         10097ae8     <common>
 0003:00016aec       _xpcBusyWait               10097aec     <common>
 0003:00016af0       _xpcFreePhysicalMemory     10097af0     <common>
 0003:00016af4       _xpcAllocPhysicalMemory    10097af4     <common>
 0003:00016af8       _xpcReserveMemoryRegion    10097af8     <common>
 0003:00016afc       _xpcOutpB                  10097afc     <common>
 0003:00016b00       _xpcOutpW                  10097b00     <common>
 0003:00016b04       _xpcOutpDW                 10097b04     <common>
 0003:00016b08       _xpcInpB                   10097b08     <common>
 0003:00016b0c       _xpcInpW                   10097b0c     <common>
 0003:00016b10       _xpcInpDW                  10097b10     <common>
 0003:00016b14       ___scrt_ucrt_dll_is_in_use 10097b14     <common>
 0003:00016b20       ___dyn_tls_init_callback   10097b20     <common>
 0003:00016b2c       __pmatherr                 10097b2c     <common>
 0003:00016b38       ___use_sse2_mathfcns       10097b38     <common>
 0004:00000000       __imp__GetModuleHandleA@4  10098000     kernel32:KERNEL32.dll
 0004:00000004       __imp__GetProcAddress@8    10098004     kernel32:KERNEL32.dll
 0004:00000008       __imp__UnhandledExceptionFilter@4 10098008     kernel32:KERNEL32.dll
 0004:0000000c       __imp__SetUnhandledExceptionFilter@4 1009800c     kernel32:KERNEL32.dll
 0004:00000010       __imp__GetCurrentProcess@0 10098010     kernel32:KERNEL32.dll
 0004:00000014       __imp__TerminateProcess@8  10098014     kernel32:KERNEL32.dll
 0004:00000018       __imp__IsProcessorFeaturePresent@4 10098018     kernel32:KERNEL32.dll
 0004:0000001c       __imp__QueryPerformanceCounter@4 1009801c     kernel32:KERNEL32.dll
 0004:00000020       __imp__GetCurrentProcessId@0 10098020     kernel32:KERNEL32.dll
 0004:00000024       __imp__GetCurrentThreadId@0 10098024     kernel32:KERNEL32.dll
 0004:00000028       __imp__GetSystemTimeAsFileTime@4 10098028     kernel32:KERNEL32.dll
 0004:0000002c       __imp__InitializeSListHead@4 1009802c     kernel32:KERNEL32.dll
 0004:00000030       __imp__IsDebuggerPresent@0 10098030     kernel32:KERNEL32.dll
 0004:00000034       __imp__GetStartupInfoW@4   10098034     kernel32:KERNEL32.dll
 0004:00000038       __imp__GetModuleHandleW@4  10098038     kernel32:KERNEL32.dll
 0004:0000003c       __imp__InterlockedPushEntrySList@8 1009803c     kernel32:KERNEL32.dll
 0004:00000040       __imp__InterlockedFlushSList@4 10098040     kernel32:KERNEL32.dll
 0004:00000044       __imp__RtlUnwind@16        10098044     kernel32:KERNEL32.dll
 0004:00000048       __imp__GetLastError@0      10098048     kernel32:KERNEL32.dll
 0004:0000004c       __imp__SetLastError@4      1009804c     kernel32:KERNEL32.dll
 0004:00000050       __imp__EnterCriticalSection@4 10098050     kernel32:KERNEL32.dll
 0004:00000054       __imp__LeaveCriticalSection@4 10098054     kernel32:KERNEL32.dll
 0004:00000058       __imp__DeleteCriticalSection@4 10098058     kernel32:KERNEL32.dll
 0004:0000005c       __imp__InitializeCriticalSectionAndSpinCount@8 1009805c     kernel32:KERNEL32.dll
 0004:00000060       __imp__TlsAlloc@0          10098060     kernel32:KERNEL32.dll
 0004:00000064       __imp__TlsGetValue@4       10098064     kernel32:KERNEL32.dll
 0004:00000068       __imp__TlsSetValue@8       10098068     kernel32:KERNEL32.dll
 0004:0000006c       __imp__TlsFree@4           1009806c     kernel32:KERNEL32.dll
 0004:00000070       __imp__FreeLibrary@4       10098070     kernel32:KERNEL32.dll
 0004:00000074       __imp__LoadLibraryExW@12   10098074     kernel32:KERNEL32.dll
 0004:00000078       __imp__GetStdHandle@4      10098078     kernel32:KERNEL32.dll
 0004:0000007c       __imp__GetFileType@4       1009807c     kernel32:KERNEL32.dll
 0004:00000080       __imp__GetModuleFileNameW@12 10098080     kernel32:KERNEL32.dll
 0004:00000084       __imp__GetModuleHandleExW@12 10098084     kernel32:KERNEL32.dll
 0004:00000088       __imp__WriteConsoleW@20    10098088     kernel32:KERNEL32.dll
 0004:0000008c       __imp__ExitProcess@4       1009808c     kernel32:KERNEL32.dll
 0004:00000090       __imp__RaiseException@16   10098090     kernel32:KERNEL32.dll
 0004:00000094       __imp__HeapFree@12         10098094     kernel32:KERNEL32.dll
 0004:00000098       __imp__HeapAlloc@12        10098098     kernel32:KERNEL32.dll
 0004:0000009c       __imp__GetDateFormatW@24   1009809c     kernel32:KERNEL32.dll
 0004:000000a0       __imp__GetTimeFormatW@24   100980a0     kernel32:KERNEL32.dll
 0004:000000a4       __imp__CompareStringW@24   100980a4     kernel32:KERNEL32.dll
 0004:000000a8       __imp__LCMapStringW@24     100980a8     kernel32:KERNEL32.dll
 0004:000000ac       __imp__GetLocaleInfoW@16   100980ac     kernel32:KERNEL32.dll
 0004:000000b0       __imp__IsValidLocale@8     100980b0     kernel32:KERNEL32.dll
 0004:000000b4       __imp__GetUserDefaultLCID@0 100980b4     kernel32:KERNEL32.dll
 0004:000000b8       __imp__EnumSystemLocalesW@8 100980b8     kernel32:KERNEL32.dll
 0004:000000bc       __imp__GetCurrentThread@0  100980bc     kernel32:KERNEL32.dll
 0004:000000c0       __imp__WriteFile@20        100980c0     kernel32:KERNEL32.dll
 0004:000000c4       __imp__OutputDebugStringW@4 100980c4     kernel32:KERNEL32.dll
 0004:000000c8       __imp__SetConsoleCtrlHandler@8 100980c8     kernel32:KERNEL32.dll
 0004:000000cc       __imp__HeapReAlloc@16      100980cc     kernel32:KERNEL32.dll
 0004:000000d0       __imp__CloseHandle@4       100980d0     kernel32:KERNEL32.dll
 0004:000000d4       __imp__ReadFile@20         100980d4     kernel32:KERNEL32.dll
 0004:000000d8       __imp__GetConsoleMode@8    100980d8     kernel32:KERNEL32.dll
 0004:000000dc       __imp__ReadConsoleW@20     100980dc     kernel32:KERNEL32.dll
 0004:000000e0       __imp__GetConsoleCP@0      100980e0     kernel32:KERNEL32.dll
 0004:000000e4       __imp__MultiByteToWideChar@24 100980e4     kernel32:KERNEL32.dll
 0004:000000e8       __imp__DeleteFileW@4       100980e8     kernel32:KERNEL32.dll
 0004:000000ec       __imp__SetFilePointerEx@20 100980ec     kernel32:KERNEL32.dll
 0004:000000f0       __imp__FindClose@4         100980f0     kernel32:KERNEL32.dll
 0004:000000f4       __imp__FindFirstFileExW@24 100980f4     kernel32:KERNEL32.dll
 0004:000000f8       __imp__FindNextFileW@8     100980f8     kernel32:KERNEL32.dll
 0004:000000fc       __imp__IsValidCodePage@4   100980fc     kernel32:KERNEL32.dll
 0004:00000100       __imp__GetACP@0            10098100     kernel32:KERNEL32.dll
 0004:00000104       __imp__GetOEMCP@0          10098104     kernel32:KERNEL32.dll
 0004:00000108       __imp__GetCPInfo@8         10098108     kernel32:KERNEL32.dll
 0004:0000010c       __imp__GetCommandLineA@0   1009810c     kernel32:KERNEL32.dll
 0004:00000110       __imp__GetCommandLineW@0   10098110     kernel32:KERNEL32.dll
 0004:00000114       __imp__WideCharToMultiByte@32 10098114     kernel32:KERNEL32.dll
 0004:00000118       __imp__GetEnvironmentStringsW@0 10098118     kernel32:KERNEL32.dll
 0004:0000011c       __imp__FreeEnvironmentStringsW@4 1009811c     kernel32:KERNEL32.dll
 0004:00000120       __imp__SetEnvironmentVariableW@8 10098120     kernel32:KERNEL32.dll
 0004:00000124       __imp__GetProcessHeap@0    10098124     kernel32:KERNEL32.dll
 0004:00000128       __imp__FlushFileBuffers@4  10098128     kernel32:KERNEL32.dll
 0004:0000012c       __imp__SetStdHandle@8      1009812c     kernel32:KERNEL32.dll
 0004:00000130       __imp__GetStringTypeW@16   10098130     kernel32:KERNEL32.dll
 0004:00000134       __imp__CreateFileW@28      10098134     kernel32:KERNEL32.dll
 0004:00000138       __imp__HeapSize@12         10098138     kernel32:KERNEL32.dll
 0004:0000013c       __imp__SetEndOfFile@4      1009813c     kernel32:KERNEL32.dll
 0004:00000140       __imp__EncodePointer@4     10098140     kernel32:KERNEL32.dll
 0004:00000144       __imp__DecodePointer@4     10098144     kernel32:KERNEL32.dll
 0004:00000148       \177KERNEL32_NULL_THUNK_DATA 10098148     kernel32:KERNEL32.dll
 0004:000001b4       __IMPORT_DESCRIPTOR_KERNEL32 100981b4     kernel32:KERNEL32.dll
 0004:000001c8       __NULL_IMPORT_DESCRIPTOR   100981c8     kernel32:KERNEL32.dll
 0006:00000000       ___guard_check_icall_fptr  1009a000     LIBCMT:guard_support.obj
