 modified_motor_slrt

 Timestamp is 5e6ad9e8 (Thu Mar 12 20:55:04 2020)

 Preferred load address is 10000000

 Start         Length     Name                   Class
 0001:00000000 0006bf3cH .text$mn                CODE
 0001:0006bf3c 0000105aH .text$x                 CODE
 0002:00000000 00000104H .CRT$XCA                DATA
 0002:00000104 00000104H .CRT$XCZ                DATA
 0002:00000208 00000104H .CRT$XIA                DATA
 0002:0000030c 00000110H .CRT$XIC                DATA
 0002:0000041c 00000104H .CRT$XIZ                DATA
 0002:00000520 00000104H .CRT$XPA                DATA
 0002:00000624 0000010cH .CRT$XPX                DATA
 0002:00000730 00000104H .CRT$XPXA               DATA
 0002:00000834 00000104H .CRT$XPZ                DATA
 0002:00000938 00000104H .CRT$XTA                DATA
 0002:00000a3c 00000104H .CRT$XTZ                DATA
 0002:00000b40 0000f8c0H .rdata                  DATA
 0002:00010400 00000450H .rdata$r                DATA
 0002:00010850 00000124H .rdata$sxdata           DATA
 0002:00010974 000001b8H .rdata$zzzdbg           DATA
 0002:00010b2c 00000104H .rtc$IAA                DATA
 0002:00010c30 00000104H .rtc$IZZ                DATA
 0002:00010d34 00000104H .rtc$TAA                DATA
 0002:00010e38 00000108H .rtc$TZZ                DATA
 0002:00010f40 00000cd0H .xdata$x                DATA
 0002:00011c10 000001e8H .edata                  DATA
 0003:00000000 00001e10H .data                   DATA
 0003:00001e10 00000250H .data$r                 DATA
 0003:00002060 0001562cH .bss                    DATA
 0004:00000000 000001b4H .idata$5                DATA
 0004:000001b4 00000014H .idata$2                DATA
 0004:000001c8 00000014H .idata$3                DATA
 0004:000001dc 000001b4H .idata$4                DATA
 0004:00000390 000007a2H .idata$6                DATA
 0005:00000000 00000311H .gfids$y                DATA
 0006:00000000 00000104H .00cfg                  DATA

  Address         Publics by Value              Rva+Base       Lib:Object

 0000:00000000       ___guard_fids_table        00000000     <absolute>
 0000:00000000       ___guard_longjmp_table     00000000     <absolute>
 0000:00000000       __except_list              00000000     <absolute>
 0000:00000000       ___dynamic_value_reloc_table 00000000     <absolute>
 0000:00000000       ___guard_iat_table         00000000     <absolute>
 0000:00000000       ___guard_longjmp_count     00000000     <absolute>
 0000:00000000       ___guard_iat_count         00000000     <absolute>
 0000:00000000       ___guard_fids_count        00000000     <absolute>
 0000:00000007       ___safe_se_handler_count   00000007     <absolute>
 0000:00000100       ___guard_flags             00000100     <absolute>
 0000:00000000       ___ImageBase               10000000     <linker-defined>
 0001:00006370       _MdlInitialize             10007370 f   modified_motor.obj
 0001:00006380       _MdlInitializeSampleTimes  10007380 f   modified_motor.obj
 0001:00006390       _MdlInitializeSizes        10007390 f   modified_motor.obj
 0001:000063a0       _MdlOutputs                100073a0 f   modified_motor.obj
 0001:000063d0       _MdlStart                  100073d0 f   modified_motor.obj
 0001:000063e0       _MdlTerminate              100073e0 f   modified_motor.obj
 0001:00006410       _MdlUpdate                 10007410 f   modified_motor.obj
 0001:00006440       ___local_stdio_printf_options 10007440 f i modified_motor.obj
 0001:00006450       __vfprintf_l               10007450 f i modified_motor.obj
 0001:00006480       _modified_motor            10007480 f   modified_motor.obj
 0001:00006f20       _modified_motor_derivatives 10007f20 f   modified_motor.obj
 0001:00006f70       _modified_motor_initialize 10007f70 f   modified_motor.obj
 0001:00007be0       _modified_motor_output     10008be0 f   modified_motor.obj
 0001:00007c10       _modified_motor_output0    10008c10 f   modified_motor.obj
 0001:00008790       _modified_motor_output2    10009790 f   modified_motor.obj
 0001:00009350       _modified_motor_terminate  1000a350 f   modified_motor.obj
 0001:00009380       _modified_motor_update     1000a380 f   modified_motor.obj
 0001:000093b0       _modified_motor_update0    1000a3b0 f   modified_motor.obj
 0001:00009500       _modified_motor_update2    1000a500 f   modified_motor.obj
 0001:000095b0       _printf                    1000a5b0 f i modified_motor.obj
 0001:00009650       _rt_ODECreateIntegrationData 1000a650 f   modified_motor.obj
 0001:00009660       _rt_ODEDestroyIntegrationData 1000a660 f   modified_motor.obj
 0001:00009670       _rt_ODEUpdateContinuousStates 1000a670 f   modified_motor.obj
 0001:00009680       _rt_SimUpdateDiscreteEvents 1000a680 f   modified_motor.obj
 0001:00009ad0       _rt_mxCreateCharMatrixFromStrings 1000aad0 f   rt_matrx.obj
 0001:00009c30       _rt_mxCreateDoubleMatrix   1000ac30 f   rt_matrx.obj
 0001:00009c90       _rt_mxCreateNumericArray   1000ac90 f   rt_matrx.obj
 0001:00009d10       _rt_mxCreateString         1000ad10 f   rt_matrx.obj
 0001:00009da0       _rt_mxDuplicateArray       1000ada0 f   rt_matrx.obj
 0001:00009e00       _rt_mxGetDimensions        1000ae00 f   rt_matrx.obj
 0001:00009e40       _rt_mxGetEps               1000ae40 f   rt_matrx.obj
 0001:00009e50       _rt_mxGetString            1000ae50 f   rt_matrx.obj
 0001:00009ed0       _rtPrintfNoOp              1000aed0 f   rt_printf.obj
 0001:00009ee0       _modified_motor_GetCAPIStaticMap 1000aee0 f   modified_motor_capi.obj
 0001:00009ef0       _modified_motor_InitializeDataMapInfo 1000aef0 f   modified_motor_capi.obj
 0001:00009f80       _rtGetInf                  1000af80 f   rtGetInf.obj
 0001:00009fb0       _rtGetInfF                 1000afb0 f   rtGetInf.obj
 0001:00009fd0       _rtGetMinusInf             1000afd0 f   rtGetInf.obj
 0001:0000a000       _rtGetMinusInfF            1000b000 f   rtGetInf.obj
 0001:0000a020       _rtGetNaN                  1000b020 f   rtGetNaN.obj
 0001:0000a050       _rtGetNaNF                 1000b050 f   rtGetNaN.obj
 0001:0000a070       _rtIsInf                   1000b070 f   rt_nonfinite.obj
 0001:0000a0b0       _rtIsInfF                  1000b0b0 f   rt_nonfinite.obj
 0001:0000a0f0       _rtIsNaN                   1000b0f0 f   rt_nonfinite.obj
 0001:0000a110       _rtIsNaNF                  1000b110 f   rt_nonfinite.obj
 0001:0000a130       _rt_InitInfAndNaN          1000b130 f   rt_nonfinite.obj
 0001:0000a190       _rt_ZCFcn                  1000b190 f   rt_zcfcn.obj
 0001:0000a250       _rt_CleanUpForStateLogWithMMI 1000b250 f   rt_logging_mmi.obj
 0001:0000a360       _rt_FillStateSigInfoFromMMI 1000b360 f   rt_logging_mmi.obj
 0001:0000a700       _rtwCAPI_CountSysRan       1000b700 f   rtw_modelmap_utils.obj
 0001:0000a7a0       _rtwCAPI_EncodePath        1000b7a0 f   rtw_modelmap_utils.obj
 0001:0000a8a0       _rtwCAPI_FillSysRan        1000b8a0 f   rtw_modelmap_utils.obj
 0001:0000a990       _rtwCAPI_FreeFullPaths     1000b990 f   rtw_modelmap_utils.obj
 0001:0000aa20       _rtwCAPI_GetFullStateBlockPath 1000ba20 f   rtw_modelmap_utils.obj
 0001:0000abd0       _rtwCAPI_GetNumContStateRecords 1000bbd0 f   rtw_modelmap_utils.obj
 0001:0000ac90       _rtwCAPI_GetNumSigLogRecords 1000bc90 f   rtw_modelmap_utils.obj
 0001:0000ace0       _rtwCAPI_GetNumSigLogRecordsForRTWLogging 1000bce0 f   rtw_modelmap_utils.obj
 0001:0000ad80       _rtwCAPI_GetNumStateRecords 1000bd80 f   rtw_modelmap_utils.obj
 0001:0000add0       _rtwCAPI_GetNumStateRecordsForRTWLogging 1000bdd0 f   rtw_modelmap_utils.obj
 0001:0000ae70       _rtwCAPI_GetSigAddrFromMap 1000be70 f   rtw_modelmap_utils.obj
 0001:0000af30       _rtwCAPI_GetSigLogRecordInfo 1000bf30 f   rtw_modelmap_utils.obj
 0001:0000b360       _rtwCAPI_GetStateRecordInfo 1000c360 f   rtw_modelmap_utils.obj
 0001:0000b810       _rtwCAPI_GetStateWidth     1000c810 f   rtw_modelmap_utils.obj
 0001:0000b870       _rtwCAPI_HasStates         1000c870 f   rtw_modelmap_utils.obj
 0001:0000b8e0       _rtwCAPI_UpdateFullPaths   1000c8e0 f   rtw_modelmap_utils.obj
 0001:0000bac0       __vsnprintf_l              1000cac0 f i rt_logging.obj
 0001:0000bb00       __vsprintf_l               1000cb00 f i rt_logging.obj
 0001:0000bb40       _fprintf                   1000cb40 f i rt_logging.obj
 0001:0000c450       _rt_CreateLogVar           1000d450 f   rt_logging.obj
 0001:0000c4e0       _rt_CreateLogVarWithConvert 1000d4e0 f   rt_logging.obj
 0001:0000ce60       _rt_CreateStructLogVar     1000de60 f   rt_logging.obj
 0001:0000dbc0       _rt_GetMxIdFromDTypeId     1000ebc0 f   rt_logging.obj
 0001:0000dbf0       _rt_GetMxIdFromDTypeIdForRSim 1000ebf0 f   rt_logging.obj
 0001:000104c0       _rt_StartDataLogging       100114c0 f   rt_logging.obj
 0001:00010980       _rt_StartDataLoggingWithStartTime 10011980 f   rt_logging.obj
 0001:000112e0       _rt_StopDataLogging        100122e0 f   rt_logging.obj
 0001:00011300       _rt_StopDataLoggingImpl    10012300 f   rt_logging.obj
 0001:00011630       _rt_UpdateLogVar           10012630 f   rt_logging.obj
 0001:00012750       _rt_UpdateStructLogVar     10013750 f   rt_logging.obj
 0001:000127e0       _rt_UpdateTXXFYLogVars     100137e0 f   rt_logging.obj
 0001:00012b10       _rt_UpdateTXYLogVars       10013b10 f   rt_logging.obj
 0001:00012d60       _sprintf                   10013d60 f i rt_logging.obj
 0001:00012da0       _DllMain@12                10013da0 f   xpctarget.obj
 0001:00012db0       _SLRTSetErrorStatus        10013db0 f   xpctarget.obj
 0001:00012dd0       _changeStepSize            10013dd0 f   xpctarget.obj
 0001:00012e50       _getDLMVersion             10013e50 f   xpctarget.obj
 0001:00012e60       _getRefMdlPath             10013e60 f   xpctarget.obj
 0001:00012ee0       _getRefMdlSignalNumber     10013ee0 f   xpctarget.obj
 0001:00012f90       _getrlmdlinfo              10013f90 f   xpctarget.obj
 0001:00013170       _modified_motor_ChangeStepSize 10014170 f   xpctarget.obj
 0001:000131f0       _updateDiscreteEvents      100141f0 f   xpctarget.obj
 0001:00013250       _getNumRef                 10014250 f   appmappingData.obj
 0001:00013260       _vprintf                   10014260 f i legacy_stdio.obj
 0001:000132a0       _daquanserq8               100142a0 f   daquanserq8.obj
 0001:00013c10       _encquanserq8              10014c10 f   encquanserq8.obj
 0001:00014750       _GetPCIDeviceFull          10015750 f   xpcruntime:xpcimports.obj
 0001:00014790       _ShowPCIDevice             10015790 f   xpcruntime:xpcimports.obj
 0001:00014f50       _xpcGetPciConfigAtSlot     10015f50 f   xpcruntime:xpcimports.obj
 0001:00015260       _xpcInitProcs              10016260 f   xpcruntime:xpcimports.obj
 0001:000165c0       _xpceuploadevent           100175c0 f   xpcruntime:xpcimports.obj
 0001:000165c1       @__security_check_cookie@4 100175c1 f   LIBCMT:_secchk_.obj
 0001:000165e0       __ftoui3                   100175e0 f   LIBCMT:_ftol3_.obj
 0001:000165ef       __ftoul3                   100175ef f   LIBCMT:_ftol3_.obj
 0001:000165fe       __ftol3                    100175fe f   LIBCMT:_ftol3_.obj
 0001:0001660b       __ftol3_NaN                1001760b f   LIBCMT:_ftol3_.obj
 0001:00016623       __ftol3_work               10017623 f   LIBCMT:_ftol3_.obj
 0001:000166a9       __ftol3_common             100176a9 f   LIBCMT:_ftol3_.obj
 0001:0001676b       __ftol3_arg_error          1001776b f   LIBCMT:_ftol3_.obj
 0001:0001677d       __ftol3_except             1001777d f   LIBCMT:_ftol3_.obj
 0001:000167c1       __dtoui3                   100177c1 f   LIBCMT:_ftol3_.obj
 0001:000167d0       __dtoul3                   100177d0 f   LIBCMT:_ftol3_.obj
 0001:000167df       __dtol3                    100177df f   LIBCMT:_ftol3_.obj
 0001:000167ec       __dtol3_NaN                100177ec f   LIBCMT:_ftol3_.obj
 0001:00016809       __dtol3_work               10017809 f   LIBCMT:_ftol3_.obj
 0001:000168f0       __ultod3                   100178f0 f   LIBCMT:_ftol3_.obj
 0001:00016930       __ltod3                    10017930 f   LIBCMT:_ftol3_.obj
 0001:00016a34       ___raise_securityfailure   10017a34 f   LIBCMT:gs_report.obj
 0001:00016a66       ___report_gsfailure        10017a66 f   LIBCMT:gs_report.obj
 0001:00016b9f       ___report_rangecheckfailure 10017b9f f   LIBCMT:gs_report.obj
 0001:00016bae       ___report_securityfailure  10017bae f   LIBCMT:gs_report.obj
 0001:00016cb2       ___report_securityfailureEx 10017cb2 f   LIBCMT:gs_report.obj
 0001:00016e0d       ___isa_available_init      10017e0d f   LIBCMT:_cpu_disp_.obj
 0001:000173d5       __CRT_INIT@12              100183d5 f   LIBCMT:dll_dllmain.obj
 0001:000173e0       __DllMainCRTStartup@12     100183e0 f   LIBCMT:dll_dllmain.obj
 0001:0001740b       ??$__crt_fast_decode_pointer@PAP6AXXZ@@YAPAP6AXXZQAP6AXXZ@Z 1001840b f i LIBCMT:utility.obj
 0001:00017424       ??$__crt_fast_encode_pointer@PAP6AXXZ@@YAPAP6AXXZQAP6AXXZ@Z 10018424 f i LIBCMT:utility.obj
 0001:00017448       ?__crt_rotate_pointer_value@@YAIIH@Z 10018448 f i LIBCMT:utility.obj
 0001:00017458       ?configure_argv@__scrt_narrow_argv_policy@@SAHXZ 10018458 f i LIBCMT:utility.obj
 0001:000174fc       _NtCurrentTeb              100184fc f i LIBCMT:utility.obj
 0001:00017503       ___scrt_acquire_startup_lock 10018503 f   LIBCMT:utility.obj
 0001:00017545       ___scrt_dllmain_after_initialize_c 10018545 f   LIBCMT:utility.obj
 0001:0001757a       ___scrt_dllmain_before_initialize_c 1001857a f   LIBCMT:utility.obj
 0001:0001758b       ___scrt_dllmain_crt_thread_attach 1001858b f   LIBCMT:utility.obj
 0001:000175b1       ___scrt_dllmain_crt_thread_detach 100185b1 f   LIBCMT:utility.obj
 0001:000175c1       ___scrt_dllmain_exception_filter 100185c1 f   LIBCMT:utility.obj
 0001:00017600       ___scrt_dllmain_uninitialize_c 10018600 f   LIBCMT:utility.obj
 0001:0001762b       ___scrt_dllmain_uninitialize_critical 1001862b f   LIBCMT:utility.obj
 0001:0001763b       ___scrt_initialize_crt     1001863b f   LIBCMT:utility.obj
 0001:00017682       ___scrt_initialize_onexit_tables 10018682 f   LIBCMT:utility.obj
 0001:0001773e       ___scrt_is_nonwritable_in_current_image 1001873e f   LIBCMT:utility.obj
 0001:000177ea       ___scrt_release_startup_lock 100187ea f   LIBCMT:utility.obj
 0001:0001780e       ___scrt_uninitialize_crt   1001880e f   LIBCMT:utility.obj
 0001:00017840       __onexit                   10018840 f   LIBCMT:utility.obj
 0001:00017889       _at_quick_exit             10018889 f   LIBCMT:utility.obj
 0001:000178c6       _atexit                    100188c6 f   LIBCMT:utility.obj
 0001:000178e0       ___security_init_cookie    100188e0 f   LIBCMT:gs_support.obj
 0001:000179a3       ?__scrt_initialize_type_info@@YAXXZ 100189a3 f   LIBCMT:tncleanup.obj
 0001:000179b2       ?__scrt_uninitialize_type_info@@YAXXZ 100189b2 f   LIBCMT:tncleanup.obj
 0001:000179c1       ___local_stdio_scanf_options 100189c1 f i LIBCMT:default_local_stdio_options.obj
 0001:000179c7       ___scrt_initialize_default_local_stdio_options 100189c7 f   LIBCMT:default_local_stdio_options.obj
 0001:000179eb       ___scrt_get_dyn_tls_init_callback 100189eb f   LIBCMT:dyn_tls_init.obj
 0001:000179f1       ___scrt_fastfail           100189f1 f   LIBCMT:utility_desktop.obj
 0001:00017b52       ___scrt_get_show_window_mode 10018b52 f   LIBCMT:utility_desktop.obj
 0001:00017b91       ___scrt_initialize_winrt   10018b91 f   LIBCMT:utility_desktop.obj
 0001:00017b94       ___scrt_is_managed_app     10018b94 f   LIBCMT:utility_desktop.obj
 0001:00017be9       ___scrt_set_unhandled_exception_filter 10018be9 f   LIBCMT:utility_desktop.obj
 0001:00017bf8       ___scrt_unhandled_exception_filter@4 10018bf8 f   LIBCMT:utility_desktop.obj
 0001:00017c49       __crt_debugger_hook        10018c49 f   LIBCMT:utility_desktop.obj
 0001:00017c53       __RTC_Initialize           10018c53 f   LIBCMT:_initsect_.obj
 0001:00017c88       __RTC_Terminate            10018c88 f   LIBCMT:_initsect_.obj
 0001:00017cbd       @_guard_check_icall@4      10018cbd f i LIBCMT:checkcfg.obj
 0001:00017cd0       __SEH_prolog4              10018cd0 f   LIBCMT:_sehprolg4_.obj
 0001:00017d16       __SEH_epilog4              10018d16 f   LIBCMT:_sehprolg4_.obj
 0001:00017d41       __get_startup_argv_mode    10018d41 f   LIBCMT:argv_mode.obj
 0001:00017d45       ___scrt_is_ucrt_dll_in_use 10018d45 f   LIBCMT:ucrt_detection.obj
 0001:00017d54       @_guard_check_icall_nop@4  10018d54 f i LIBCMT:guard_support.obj
 0001:00017d55       __guard_icall_checks_enforced 10018d55 f i LIBCMT:guard_support.obj
 0001:00017d6c       _GetModuleHandleA@4        10018d6c f   kernel32:KERNEL32.dll
 0001:00017d72       _GetProcAddress@8          10018d72 f   kernel32:KERNEL32.dll
 0001:00017d78       _UnhandledExceptionFilter@4 10018d78 f   kernel32:KERNEL32.dll
 0001:00017d7e       _SetUnhandledExceptionFilter@4 10018d7e f   kernel32:KERNEL32.dll
 0001:00017d84       _GetCurrentProcess@0       10018d84 f   kernel32:KERNEL32.dll
 0001:00017d8a       _TerminateProcess@8        10018d8a f   kernel32:KERNEL32.dll
 0001:00017d90       _IsProcessorFeaturePresent@4 10018d90 f   kernel32:KERNEL32.dll
 0001:00017d96       _QueryPerformanceCounter@4 10018d96 f   kernel32:KERNEL32.dll
 0001:00017d9c       _GetCurrentProcessId@0     10018d9c f   kernel32:KERNEL32.dll
 0001:00017da2       _GetCurrentThreadId@0      10018da2 f   kernel32:KERNEL32.dll
 0001:00017da8       _GetSystemTimeAsFileTime@4 10018da8 f   kernel32:KERNEL32.dll
 0001:00017dae       _InitializeSListHead@4     10018dae f   kernel32:KERNEL32.dll
 0001:00017db4       _IsDebuggerPresent@0       10018db4 f   kernel32:KERNEL32.dll
 0001:00017dba       _GetStartupInfoW@4         10018dba f   kernel32:KERNEL32.dll
 0001:00017dc0       _GetModuleHandleW@4        10018dc0 f   kernel32:KERNEL32.dll
 0001:00017dd0       _memcpy                    10018dd0 f   libvcruntime:memcpy.obj
 0001:000184b0       _memset                    100194b0 f   libvcruntime:memset.obj
 0001:00018660       _memmove                   10019660 f   libvcruntime:memmove.obj
 0001:00018d40       _strchr                    10019d40 f   libvcruntime:strchr.obj
 0001:00018dae       ___from_strstr_to_strchr   10019dae     libvcruntime:strchr.obj
 0001:00018f00       __except_handler4          10019f00 f   libvcruntime:_chandler4_.obj
 0001:000190bf       ___vcrt_initialize         1001a0bf f   libvcruntime:initialization.obj
 0001:000190f2       ___vcrt_thread_attach      1001a0f2 f   libvcruntime:initialization.obj
 0001:000190ff       ___vcrt_thread_detach      1001a0ff f   libvcruntime:initialization.obj
 0001:0001910c       ___vcrt_uninitialize       1001a10c f   libvcruntime:initialization.obj
 0001:00019132       ___vcrt_uninitialize_critical 1001a132 f   libvcruntime:initialization.obj
 0001:0001914d       ??$?RD@__crt_internal_free_policy@@QBEXQBD@Z 1001a14d f i libvcruntime:std_type_info.obj
 0001:00019161       ??$?RX@__crt_internal_free_policy@@QBEXQBX@Z 1001a161 f i libvcruntime:std_type_info.obj
 0001:00019175       ??$__crt_interlocked_compare_exchange_pointer@$$CBD$$T$$T@@YAPBDPDSBD$$T1@Z 1001a175 f i libvcruntime:std_type_info.obj
 0001:0001918b       ??$__crt_interlocked_compare_exchange_pointer@$$CBDPAD$$T@@YAPBDPDSBDQAD$$T@Z 1001a18b f i libvcruntime:std_type_info.obj
 0001:000191a1       ??$__crt_interlocked_read_pointer@$$CBD@@YAPBDPDSBD@Z 1001a1a1 f i libvcruntime:std_type_info.obj
 0001:000191b5       ??0?$__crt_unique_heap_ptr@DU__crt_internal_free_policy@@@@QAE@QAD@Z 1001a1b5 f i libvcruntime:std_type_info.obj
 0001:000191c6       ??0?$__crt_unique_heap_ptr@XU__crt_internal_free_policy@@@@QAE@QAX@Z 1001a1c6 f i libvcruntime:std_type_info.obj
 0001:000191d7       ??1?$__crt_unique_heap_ptr@DU__crt_internal_free_policy@@@@QAE@XZ 1001a1d7 f i libvcruntime:std_type_info.obj
 0001:000191eb       ??1?$__crt_unique_heap_ptr@XU__crt_internal_free_policy@@@@QAE@XZ 1001a1eb f i libvcruntime:std_type_info.obj
 0001:0001920b       ??B?$__crt_unique_heap_ptr@DU__crt_internal_free_policy@@@@QBE_NXZ 1001a20b f i libvcruntime:std_type_info.obj
 0001:00019212       ??B?$__crt_unique_heap_ptr@XU__crt_internal_free_policy@@@@QBE_NXZ 1001a212 f i libvcruntime:std_type_info.obj
 0001:00019241       ?detach@?$__crt_unique_heap_ptr@XU__crt_internal_free_policy@@@@QAEPAXXZ 1001a241 f i libvcruntime:std_type_info.obj
 0001:00019247       ?get@?$__crt_unique_heap_ptr@DU__crt_internal_free_policy@@@@QBEPADXZ 1001a247 f i libvcruntime:std_type_info.obj
 0001:0001924a       ?get@?$__crt_unique_heap_ptr@XU__crt_internal_free_policy@@@@QBEPAXXZ 1001a24a f i libvcruntime:std_type_info.obj
 0001:0001924d       ?is_valid@?$__crt_unique_heap_ptr@DU__crt_internal_free_policy@@@@QBE_NXZ 1001a24d f i libvcruntime:std_type_info.obj
 0001:00019254       ?is_valid@?$__crt_unique_heap_ptr@XU__crt_internal_free_policy@@@@QBE_NXZ 1001a254 f i libvcruntime:std_type_info.obj
 0001:0001925b       ?release@?$__crt_unique_heap_ptr@DU__crt_internal_free_policy@@@@QAEXXZ 1001a25b f i libvcruntime:std_type_info.obj
 0001:0001926f       ?release@?$__crt_unique_heap_ptr@XU__crt_internal_free_policy@@@@QAEXXZ 1001a26f f i libvcruntime:std_type_info.obj
 0001:00019283       ___std_type_info_compare   1001a283 f   libvcruntime:std_type_info.obj
 0001:000192ce       ___std_type_info_destroy_list 1001a2ce f   libvcruntime:std_type_info.obj
 0001:000192f9       ___std_type_info_hash      1001a2f9 f   libvcruntime:std_type_info.obj
 0001:00019328       ___std_type_info_name      1001a328 f   libvcruntime:std_type_info.obj
 0001:00019430       __local_unwind4            1001a430 f   libvcruntime:_exsup4_.obj
 0001:00019506       __seh_longjmp_unwind4@4    1001a506 f   libvcruntime:_exsup4_.obj
 0001:0001952e       @_EH4_CallFilterFunc@8     1001a52e f   libvcruntime:_exsup4_.obj
 0001:00019545       @_EH4_TransferToHandler@8  1001a545 f   libvcruntime:_exsup4_.obj
 0001:0001955e       @_EH4_GlobalUnwind2@8      1001a55e f   libvcruntime:_exsup4_.obj
 0001:00019577       @_EH4_LocalUnwind@16       1001a577 f   libvcruntime:_exsup4_.obj
 0001:000195e5       ___except_validate_context_record 1001a5e5 f   libvcruntime:jbcxrval.obj
 0001:000195e6       ___except_validate_jump_buffer 1001a5e6 f   libvcruntime:jbcxrval.obj
 0001:000195e7       ??$?RU__vcrt_ptd@@@__crt_internal_free_policy@@QBEXQBU__vcrt_ptd@@@Z 1001a5e7 f i libvcruntime:per_thread_data.obj
 0001:000195fb       ??0?$__crt_unique_heap_ptr@U__vcrt_ptd@@U__crt_internal_free_policy@@@@QAE@QAU__vcrt_ptd@@@Z 1001a5fb f i libvcruntime:per_thread_data.obj
 0001:0001961e       ??1?$__crt_unique_heap_ptr@U__vcrt_ptd@@U__crt_internal_free_policy@@@@QAE@XZ 1001a61e f i libvcruntime:per_thread_data.obj
 0001:0001963d       ??B?$__crt_unique_heap_ptr@U__vcrt_ptd@@U__crt_internal_free_policy@@@@QBE_NXZ 1001a63d f i libvcruntime:per_thread_data.obj
 0001:00019644       ?detach@?$__crt_unique_heap_ptr@U__vcrt_ptd@@U__crt_internal_free_policy@@@@QAEPAU__vcrt_ptd@@XZ 1001a644 f i libvcruntime:per_thread_data.obj
 0001:0001964a       ?get@?$__crt_unique_heap_ptr@U__vcrt_ptd@@U__crt_internal_free_policy@@@@QBEPAU__vcrt_ptd@@XZ 1001a64a f i libvcruntime:per_thread_data.obj
 0001:0001964d       ?is_valid@?$__crt_unique_heap_ptr@U__vcrt_ptd@@U__crt_internal_free_policy@@@@QBE_NXZ 1001a64d f i libvcruntime:per_thread_data.obj
 0001:00019654       ?release@?$__crt_unique_heap_ptr@U__vcrt_ptd@@U__crt_internal_free_policy@@@@QAEXXZ 1001a654 f i libvcruntime:per_thread_data.obj
 0001:00019688       ___vcrt_freefls@4          1001a688 f   libvcruntime:per_thread_data.obj
 0001:000196ab       ___vcrt_freeptd            1001a6ab f   libvcruntime:per_thread_data.obj
 0001:000196ee       ___vcrt_getptd             1001a6ee f   libvcruntime:per_thread_data.obj
 0001:000196ff       ___vcrt_getptd_noexit      1001a6ff f   libvcruntime:per_thread_data.obj
 0001:000197b5       ___vcrt_initialize_ptd     1001a7b5 f   libvcruntime:per_thread_data.obj
 0001:000197f4       ___vcrt_uninitialize_ptd   1001a7f4 f   libvcruntime:per_thread_data.obj
 0001:00019815       ___vcrt_initialize_locks   1001a815 f   libvcruntime:locks.obj
 0001:00019860       ___vcrt_lock               1001a860 f   libvcruntime:locks.obj
 0001:0001987a       ___vcrt_uninitialize_locks 1001a87a f   libvcruntime:locks.obj
 0001:000198b4       ___vcrt_unlock             1001a8b4 f   libvcruntime:locks.obj
 0001:000198ce       ??$?BX@__crt_fast_encoded_nullptr_t@@QBEPAXXZ 1001a8ce f i libvcruntime:winapi_downlevel.obj
 0001:000198ec       ??$__crt_fast_decode_pointer@PAX@@YAPAXQAX@Z 1001a8ec f i libvcruntime:winapi_downlevel.obj
 0001:00019905       ??$__crt_fast_encode_pointer@PAX@@YAPAXQAX@Z 1001a905 f i libvcruntime:winapi_downlevel.obj
 0001:00019929       ??$__crt_interlocked_compare_exchange_pointer@UHINSTANCE__@@$$T$$T@@YAPAUHINSTANCE__@@PDSAU0@$$T1@Z 1001a929 f i libvcruntime:winapi_downlevel.obj
 0001:0001993f       ??$__crt_interlocked_compare_exchange_pointer@X$$T$$T@@YAPAXPDSAX$$T1@Z 1001a93f f i libvcruntime:winapi_downlevel.obj
 0001:00019955       ??$__crt_interlocked_exchange_pointer@UHINSTANCE__@@PAU1@@@YAPAUHINSTANCE__@@PDSAU0@QAU0@@Z 1001a955 f i libvcruntime:winapi_downlevel.obj
 0001:00019965       ??$__crt_interlocked_exchange_pointer@UHINSTANCE__@@PAX@@YAPAUHINSTANCE__@@PDSAU0@QAX@Z 1001a965 f i libvcruntime:winapi_downlevel.obj
 0001:00019975       ??$__crt_interlocked_exchange_pointer@XPAX@@YAPAXPDSAXQAX@Z 1001a975 f i libvcruntime:winapi_downlevel.obj
 0001:00019985       ??$__crt_interlocked_read_pointer@UHINSTANCE__@@@@YAPAUHINSTANCE__@@PDSAU0@@Z 1001a985 f i libvcruntime:winapi_downlevel.obj
 0001:00019999       ??$__crt_interlocked_read_pointer@X@@YAPAXPDSAX@Z 1001a999 f i libvcruntime:winapi_downlevel.obj
 0001:000199ad       ?__crt_fast_encode_pointer@@YA?AU__crt_fast_encoded_nullptr_t@@$$T@Z 1001a9ad f i libvcruntime:winapi_downlevel.obj
 0001:00019cf1       ___vcrt_EventRegister      1001acf1 f   libvcruntime:winapi_downlevel.obj
 0001:00019d41       ___vcrt_EventSetInformation 1001ad41 f   libvcruntime:winapi_downlevel.obj
 0001:00019d94       ___vcrt_EventUnregister    1001ad94 f   libvcruntime:winapi_downlevel.obj
 0001:00019ddc       ___vcrt_EventWriteTransfer 1001addc f   libvcruntime:winapi_downlevel.obj
 0001:00019e37       ___vcrt_FlsAlloc           1001ae37 f   libvcruntime:winapi_downlevel.obj
 0001:00019e7f       ___vcrt_FlsFree            1001ae7f f   libvcruntime:winapi_downlevel.obj
 0001:00019ec7       ___vcrt_FlsGetValue        1001aec7 f   libvcruntime:winapi_downlevel.obj
 0001:00019f0f       ___vcrt_FlsSetValue        1001af0f f   libvcruntime:winapi_downlevel.obj
 0001:00019f5b       ___vcrt_InitializeCriticalSectionEx 1001af5b f   libvcruntime:winapi_downlevel.obj
 0001:00019fb2       ___vcrt_initialize_winapi_thunks 1001afb2 f   libvcruntime:winapi_downlevel.obj
 0001:00019ffa       ___vcrt_uninitialize_winapi_thunks 1001affa f   libvcruntime:winapi_downlevel.obj
 0001:0001a038       ??$?B$$A6AXXZ@__crt_fast_encoded_nullptr_t@@QBEP6AXXZXZ 1001b038 f i libvcruntime:purevirt_data.obj
 0001:0001a056       ??$__crt_fast_encode_pointer@P6AXXZ@@YAP6AXXZQ6AXXZ@Z 1001b056 f i libvcruntime:purevirt_data.obj
 0001:0001a07a       ___vcrt_initialize_pure_virtual_call_handler 1001b07a f   libvcruntime:purevirt_data.obj
 0001:0001a09e       ??$__vcrt_va_start_verify_argument_type@QBD@@YAXXZ 1001b09e f i libvcruntime:undname.obj
 0001:0001a09f       ??0Block@_HeapManager@@QAE@XZ 1001b09f f i libvcruntime:undname.obj
 0001:0001a0a5       ??0DName@@QAE@AAPBDD@Z     1001b0a5 f   libvcruntime:undname.obj
 0001:0001a18c       ??0DName@@QAE@ABV0@@Z      1001b18c f i libvcruntime:undname.obj
 0001:0001a1a7       ??0DName@@QAE@D@Z          1001b1a7 f   libvcruntime:undname.obj
 0001:0001a1de       ??0DName@@QAE@PAV0@@Z      1001b1de f   libvcruntime:undname.obj
 0001:0001a23e       ??0DName@@QAE@PBD@Z        1001b23e f   libvcruntime:undname.obj
 0001:0001a286       ??0DName@@QAE@W4DNameStatus@@@Z 1001b286 f   libvcruntime:undname.obj
 0001:0001a2d9       ??0DName@@QAE@XZ           1001b2d9 f i libvcruntime:undname.obj
 0001:0001a2ee       ??0DName@@QAE@_J@Z         1001b2ee f   libvcruntime:undname.obj
 0001:0001a3a8       ??0DName@@QAE@_K@Z         1001b3a8 f   libvcruntime:undname.obj
 0001:0001a432       ??0DNameNode@@IAE@XZ       1001b432 f   libvcruntime:undname.obj
 0001:0001a43d       ??0DNameStatusNode@@AAE@W4DNameStatus@@@Z 1001b43d f   libvcruntime:undname.obj
 0001:0001a468       ??0Replicator@@QAE@XZ      1001b468 f i libvcruntime:undname.obj
 0001:0001a46e       ??0UnDecorator@@QAE@PADPBDHP6APADJ@ZK@Z 1001b46e f i libvcruntime:undname.obj
 0001:0001a4f1       ??0charNode@@QAE@D@Z       1001b4f1 f   libvcruntime:undname.obj
 0001:0001a50b       ??0pDNameNode@@QAE@PAVDName@@@Z 1001b50b f   libvcruntime:undname.obj
 0001:0001a53d       ??0pairNode@@QAE@PAVDNameNode@@0@Z 1001b53d f   libvcruntime:undname.obj
 0001:0001a563       ??0pcharNode@@QAE@PBDH@Z   1001b563 f   libvcruntime:undname.obj
 0001:0001a5d2       ??2@YAPAXIAAV_HeapManager@@H@Z 1001b5d2 f i libvcruntime:undname.obj
 0001:0001a5ec       ??4DName@@QAEAAV0@ABV0@@Z  1001b5ec f   libvcruntime:undname.obj
 0001:0001a607       ??4DName@@QAEAAV0@D@Z      1001b607 f i libvcruntime:undname.obj
 0001:0001a63e       ??4DName@@QAEAAV0@PAV0@@Z  1001b63e f   libvcruntime:undname.obj
 0001:0001a699       ??4DName@@QAEAAV0@PBD@Z    1001b699 f   libvcruntime:undname.obj
 0001:0001a6d7       ??4DName@@QAEAAV0@W4DNameStatus@@@Z 1001b6d7 f   libvcruntime:undname.obj
 0001:0001a719       ??AReplicator@@QBE?AVDName@@H@Z 1001b719 f   libvcruntime:undname.obj
 0001:0001a764       ??BUnDecorator@@QAEPADXZ   1001b764 f i libvcruntime:undname.obj
 0001:0001a93b       ??H@YA?AVDName@@DABV0@@Z   1001b93b f i libvcruntime:undname.obj
 0001:0001a968       ??H@YA?AVDName@@PBDABV0@@Z 1001b968 f i libvcruntime:undname.obj
 0001:0001a995       ??H@YA?AVDName@@W4DNameStatus@@ABV0@@Z 1001b995 f i libvcruntime:undname.obj
 0001:0001a9c2       ??HDName@@QBE?AV0@ABV0@@Z  1001b9c2 f   libvcruntime:undname.obj
 0001:0001a9ec       ??HDName@@QBE?AV0@D@Z      1001b9ec f   libvcruntime:undname.obj
 0001:0001aa16       ??HDName@@QBE?AV0@PAV0@@Z  1001ba16 f   libvcruntime:undname.obj
 0001:0001aa40       ??HDName@@QBE?AV0@PBD@Z    1001ba40 f   libvcruntime:undname.obj
 0001:0001aa6a       ??HDName@@QBE?AV0@W4DNameStatus@@@Z 1001ba6a f   libvcruntime:undname.obj
 0001:0001aa94       ??YDName@@QAEAAV0@ABV0@@Z  1001ba94 f   libvcruntime:undname.obj
 0001:0001aae7       ??YDName@@QAEAAV0@D@Z      1001bae7 f   libvcruntime:undname.obj
 0001:0001ab4b       ??YDName@@QAEAAV0@PAV0@@Z  1001bb4b f   libvcruntime:undname.obj
 0001:0001abc9       ??YDName@@QAEAAV0@PBD@Z    1001bbc9 f   libvcruntime:undname.obj
 0001:0001ac42       ??YDName@@QAEAAV0@W4DNameStatus@@@Z 1001bc42 f   libvcruntime:undname.obj
 0001:0001ac92       ??YReplicator@@QAEAAV0@ABVDName@@@Z 1001bc92 f   libvcruntime:undname.obj
 0001:0001acee       ??_5DName@@QAEAAV0@ABV0@@Z 1001bcee f   libvcruntime:undname.obj
 0001:0001ad11       ?Constructor@_HeapManager@@QAEXP6APAXI@ZP6AXPAX@Z@Z 1001bd11 f i libvcruntime:undname.obj
 0001:0001ad35       ?Destructor@_HeapManager@@QAEXXZ 1001bd35 f i libvcruntime:undname.obj
 0001:0001ad7c       ?UScore@UnDecorator@@SAPBDW4Tokens@@@Z 1001bd7c f   libvcruntime:undname.obj
 0001:0001ada0       ?append@DName@@AAEXPAVDNameNode@@@Z 1001bda0 f   libvcruntime:undname.obj
 0001:0001adf7       ?composeDeclaration@UnDecorator@@CA?AVDName@@ABV2@@Z 1001bdf7 f i libvcruntime:undname.obj
 0001:0001be32       ?doAccessSpecifiers@UnDecorator@@SAHXZ 1001ce32 f i libvcruntime:undname.obj
 0001:0001be43       ?doAllocationLanguage@UnDecorator@@SAHXZ 1001ce43 f i libvcruntime:undname.obj
 0001:0001be54       ?doAllocationModel@UnDecorator@@SAHXZ 1001ce54 f i libvcruntime:undname.obj
 0001:0001be65       ?doEcsu@UnDecorator@@SAHXZ 1001ce65 f i libvcruntime:undname.obj
 0001:0001be76       ?doEllipsis@UnDecorator@@SAHXZ 1001ce76 f i libvcruntime:undname.obj
 0001:0001be87       ?doFunctionReturns@UnDecorator@@SAHXZ 1001ce87 f i libvcruntime:undname.obj
 0001:0001be98       ?doMSKeywords@UnDecorator@@SAHXZ 1001ce98 f i libvcruntime:undname.obj
 0001:0001bea8       ?doMemberTypes@UnDecorator@@SAHXZ 1001cea8 f i libvcruntime:undname.obj
 0001:0001beb9       ?doNameOnly@UnDecorator@@SAHXZ 1001ceb9 f i libvcruntime:undname.obj
 0001:0001bec6       ?doNoIdentCharCheck@UnDecorator@@SAHXZ 1001cec6 f i libvcruntime:undname.obj
 0001:0001bed3       ?doPchar@DName@@AAEXPBDH@Z 1001ced3 f   libvcruntime:undname.obj
 0001:0001bf7f       ?doPtr64@UnDecorator@@SAHXZ 1001cf7f f i libvcruntime:undname.obj
 0001:0001bf90       ?doRestrictionSpec@UnDecorator@@SAHXZ 1001cf90 f i libvcruntime:undname.obj
 0001:0001bfa1       ?doThisTypes@UnDecorator@@SAHXZ 1001cfa1 f i libvcruntime:undname.obj
 0001:0001bfb7       ?doThrowTypes@UnDecorator@@SAHXZ 1001cfb7 f i libvcruntime:undname.obj
 0001:0001bfc8       ?doTypeOnly@UnDecorator@@SAHXZ 1001cfc8 f i libvcruntime:undname.obj
 0001:0001bfd5       ?doUnderScore@UnDecorator@@SAHXZ 1001cfd5 f i libvcruntime:undname.obj
 0001:0001bfe2       ?getArgumentList@UnDecorator@@CA?AVDName@@XZ 1001cfe2 f   libvcruntime:undname.obj
 0001:0001c131       ?getArgumentTypes@UnDecorator@@CA?AVDName@@XZ 1001d131 f   libvcruntime:undname.obj
 0001:0001c249       ?getArrayType@UnDecorator@@CA?AVDName@@ABV2@@Z 1001d249 f i libvcruntime:undname.obj
 0001:0001c4cb       ?getBasedType@UnDecorator@@CA?AVDName@@XZ 1001d4cb f   libvcruntime:undname.obj
 0001:0001c58a       ?getBasicDataType@UnDecorator@@CA?AVDName@@ABV2@@Z 1001d58a f   libvcruntime:undname.obj
 0001:0001ca74       ?getCallIndex@UnDecorator@@CA?AVDName@@XZ 1001da74 f i libvcruntime:undname.obj
 0001:0001ca8d       ?getCallingConvention@UnDecorator@@CA?AVDName@@XZ 1001da8d f   libvcruntime:undname.obj
 0001:0001cb7b       ?getDataIndirectType@UnDecorator@@CA?AVDName@@ABV2@PBD0H@Z 1001db7b f   libvcruntime:undname.obj
 0001:0001d326       ?getDataIndirectType@UnDecorator@@CA?AVDName@@XZ 1001e326 f i libvcruntime:undname.obj
 0001:0001d36d       ?getDataType@UnDecorator@@CA?AVDName@@PAV2@@Z 1001e36d f   libvcruntime:undname.obj
 0001:0001d473       ?getDecoratedName@UnDecorator@@CA?AVDName@@XZ 1001e473 f   libvcruntime:undname.obj
 0001:0001d752       ?getDimension@UnDecorator@@CA?AVDName@@_N@Z 1001e752 f   libvcruntime:undname.obj
 0001:0001d8d6       ?getDispatchTarget@UnDecorator@@CA?AVDName@@XZ 1001e8d6 f   libvcruntime:undname.obj
 0001:0001d947       ?getDisplacement@UnDecorator@@CA?AVDName@@XZ 1001e947 f i libvcruntime:undname.obj
 0001:0001d960       ?getECSUDataType@UnDecorator@@CA?AVDName@@XZ 1001e960 f   libvcruntime:undname.obj
 0001:0001dac4       ?getECSUName@UnDecorator@@CA?AVDName@@XZ 1001eac4 f i libvcruntime:undname.obj
 0001:0001dad9       ?getEnumType@UnDecorator@@CA?AVDName@@XZ 1001ead9 f i libvcruntime:undname.obj
 0001:0001dc00       ?getExtendedDataIndirectType@UnDecorator@@CA?AVDName@@AAPBDAA_NH@Z 1001ec00 f   libvcruntime:undname.obj
 0001:0001de13       ?getExternalDataType@UnDecorator@@CA?AVDName@@ABV2@@Z 1001ee13 f i libvcruntime:undname.obj
 0001:0001deaa       ?getFunctionIndirectType@UnDecorator@@CA?AVDName@@ABV2@@Z 1001eeaa f   libvcruntime:undname.obj
 0001:0001e3b5       ?getGuardNumber@UnDecorator@@CA?AVDName@@XZ 1001f3b5 f i libvcruntime:undname.obj
 0001:0001e3ce       ?getLastChar@DName@@QBEDXZ 1001f3ce f i libvcruntime:undname.obj
 0001:0001e3f4       ?getLastChar@DNameStatusNode@@UBEDXZ 1001f3f4 f i libvcruntime:undname.obj
 0001:0001e403       ?getLastChar@charNode@@UBEDXZ 1001f403 f i libvcruntime:undname.obj
 0001:0001e407       ?getLastChar@pDNameNode@@UBEDXZ 1001f407 f i libvcruntime:undname.obj
 0001:0001e418       ?getLastChar@pairNode@@UBEDXZ 1001f418 f i libvcruntime:undname.obj
 0001:0001e457       ?getLastChar@pcharNode@@UBEDXZ 1001f457 f i libvcruntime:undname.obj
 0001:0001e46d       ?getLexicalFrame@UnDecorator@@CA?AVDName@@XZ 1001f46d f i libvcruntime:undname.obj
 0001:0001e4b9       ?getMemory@_HeapManager@@QAEPAXIH@Z 1001f4b9 f   libvcruntime:undname.obj
 0001:0001e56a       ?getNumberOfDimensions@UnDecorator@@CAHXZ 1001f56a f   libvcruntime:undname.obj
 0001:0001e5e3       ?getOperatorName@UnDecorator@@CA?AVDName@@_NPA_N@Z 1001f5e3 f i libvcruntime:undname.obj
 0001:0001ed93       ?getPointerType@UnDecorator@@CA?AVDName@@ABV2@0@Z 1001fd93 f i libvcruntime:undname.obj
 0001:0001edb8       ?getPointerTypeArray@UnDecorator@@CA?AVDName@@ABV2@0@Z 1001fdb8 f i libvcruntime:undname.obj
 0001:0001eddd       ?getPrimaryDataType@UnDecorator@@CA?AVDName@@ABV2@@Z 1001fddd f   libvcruntime:undname.obj
 0001:0001f04e       ?getPtrRefDataType@UnDecorator@@CA?AVDName@@ABV2@H@Z 1002004e f   libvcruntime:undname.obj
 0001:0001f190       ?getPtrRefType@UnDecorator@@CA?AVDName@@ABV2@0PBD@Z 10020190 f   libvcruntime:undname.obj
 0001:0001f2cb       ?getReferenceType@UnDecorator@@CA?AVDName@@ABV2@0PBD@Z 100202cb f i libvcruntime:undname.obj
 0001:0001f2ee       ?getRestrictionSpec@UnDecorator@@CA?AVDName@@XZ 100202ee f   libvcruntime:undname.obj
 0001:0001f41c       ?getReturnType@UnDecorator@@CA?AVDName@@PAV2@@Z 1002041c f   libvcruntime:undname.obj
 0001:0001f456       ?getScope@UnDecorator@@CA?AVDName@@XZ 10020456 f   libvcruntime:undname.obj
 0001:0001f92b       ?getScopedName@UnDecorator@@CA?AVDName@@XZ 1002092b f   libvcruntime:undname.obj
 0001:0001fa64       ?getSignedDimension@UnDecorator@@CA?AVDName@@XZ 10020a64 f   libvcruntime:undname.obj
 0001:0001facb       ?getStorageConvention@UnDecorator@@CA?AVDName@@XZ 10020acb f i libvcruntime:undname.obj
 0001:0001fae0       ?getString@DName@@QBEPADPAD0@Z 10020ae0 f i libvcruntime:undname.obj
 0001:0001fb17       ?getString@DName@@QBEPADPADH@Z 10020b17 f i libvcruntime:undname.obj
 0001:0001fb82       ?getString@DNameStatusNode@@UBEPADPAD0@Z 10020b82 f i libvcruntime:undname.obj
 0001:0001fbb2       ?getString@charNode@@UBEPADPAD0@Z 10020bb2 f i libvcruntime:undname.obj
 0001:0001fbcc       ?getString@pDNameNode@@UBEPADPAD0@Z 10020bcc f i libvcruntime:undname.obj
 0001:0001fbe8       ?getString@pairNode@@UBEPADPAD0@Z 10020be8 f i libvcruntime:undname.obj
 0001:0001fc3d       ?getString@pcharNode@@UBEPADPAD0@Z 10020c3d f i libvcruntime:undname.obj
 0001:0001fc5e       ?getStringEncoding@UnDecorator@@CA?AVDName@@PADH@Z 10020c5e f   libvcruntime:undname.obj
 0001:0001fd29       ?getStringHelper@@YAPADPAD00H@Z 10020d29 f i libvcruntime:undname.obj
 0001:0001fd6d       ?getSymbolName@UnDecorator@@CA?AVDName@@XZ 10020d6d f i libvcruntime:undname.obj
 0001:0001fdc7       ?getTemplateArgumentList@UnDecorator@@CA?AVDName@@XZ 10020dc7 f   libvcruntime:undname.obj
 0001:00020114       ?getTemplateConstant@UnDecorator@@CA?AVDName@@XZ 10021114 f   libvcruntime:undname.obj
 0001:00020529       ?getTemplateName@UnDecorator@@CA?AVDName@@_N@Z 10021529 f   libvcruntime:undname.obj
 0001:000206d4       ?getThisType@UnDecorator@@CA?AVDName@@XZ 100216d4 f i libvcruntime:undname.obj
 0001:0002071c       ?getThrowTypes@UnDecorator@@CA?AVDName@@XZ 1002171c f   libvcruntime:undname.obj
 0001:000207c8       ?getTypeEncoding@UnDecorator@@CAHXZ 100217c8 f i libvcruntime:undname.obj
 0001:00020bc4       ?getVCallThunkType@UnDecorator@@CA?AVDName@@XZ 10021bc4 f i libvcruntime:undname.obj
 0001:00020c0d       ?getVbTableType@UnDecorator@@CA?AVDName@@ABV2@@Z 10021c0d f i libvcruntime:undname.obj
 0001:00020c27       ?getVdispMapType@UnDecorator@@CA?AVDName@@ABV2@@Z 10021c27 f i libvcruntime:undname.obj
 0001:00020c92       ?getVfTableType@UnDecorator@@CA?AVDName@@ABV2@@Z 10021c92 f i libvcruntime:undname.obj
 0001:00020e50       ?getZName@UnDecorator@@CA?AVDName@@_N0@Z 10021e50 f   libvcruntime:undname.obj
 0001:00021120       ?haveTemplateParameters@UnDecorator@@SAHXZ 10022120 f i libvcruntime:undname.obj
 0001:0002112d       ?isArray@DName@@QBEHXZ     1002212d f i libvcruntime:undname.obj
 0001:00021139       ?isComArray@DName@@QBEHXZ  10022139 f i libvcruntime:undname.obj
 0001:00021145       ?isEmpty@DName@@QBEHXZ     10022145 f i libvcruntime:undname.obj
 0001:0002114f       ?isFull@Replicator@@QBEHXZ 1002214f f i libvcruntime:undname.obj
 0001:0002115a       ?isNoTE@DName@@QBEHXZ      1002215a f i libvcruntime:undname.obj
 0001:00021166       ?isPinPtr@DName@@QBEHXZ    10022166 f i libvcruntime:undname.obj
 0001:00021172       ?isPtrRef@DName@@QBEHXZ    10022172 f i libvcruntime:undname.obj
 0001:0002117e       ?isUDC@DName@@QBEHXZ       1002217e f i libvcruntime:undname.obj
 0001:00021193       ?isUDTThunk@DName@@QBEHXZ  10022193 f i libvcruntime:undname.obj
 0001:000211a8       ?isVCallThunk@DName@@QBEHXZ 100221a8 f i libvcruntime:undname.obj
 0001:000211b4       ?isValid@DName@@QBEHXZ     100221b4 f i libvcruntime:undname.obj
 0001:000211c0       ?length@DName@@QBEHXZ      100221c0 f i libvcruntime:undname.obj
 0001:000211e5       ?length@DNameStatusNode@@UBEHXZ 100221e5 f i libvcruntime:undname.obj
 0001:000211e9       ?length@charNode@@UBEHXZ   100221e9 f i libvcruntime:undname.obj
 0001:000211ed       ?length@pDNameNode@@UBEHXZ 100221ed f i libvcruntime:undname.obj
 0001:000211fe       ?length@pairNode@@UBEHXZ   100221fe f i libvcruntime:undname.obj
 0001:0002125a       ?length@pcharNode@@UBEHXZ  1002225a f i libvcruntime:undname.obj
 0001:0002125e       ?make@DNameStatusNode@@SAPAV1@W4DNameStatus@@@Z 1002225e f i libvcruntime:undname.obj
 0001:00021305       ?setIsArray@DName@@QAEXXZ  10022305 f i libvcruntime:undname.obj
 0001:0002130f       ?setIsComArray@DName@@QAEXXZ 1002230f f i libvcruntime:undname.obj
 0001:00021319       ?setIsNoTE@DName@@QAEXXZ   10022319 f i libvcruntime:undname.obj
 0001:00021323       ?setIsPinPtr@DName@@QAEXXZ 10022323 f i libvcruntime:undname.obj
 0001:0002132d       ?setIsUDC@DName@@QAEXXZ    1002232d f i libvcruntime:undname.obj
 0001:0002133d       ?setIsVCallThunk@DName@@QAEXXZ 1002233d f i libvcruntime:undname.obj
 0001:00021347       ?setPtrRef@DName@@QAEAAV1@XZ 10022347 f i libvcruntime:undname.obj
 0001:00021353       ?status@DName@@QBE?AW4DNameStatus@@XZ 10022353 f i libvcruntime:undname.obj
 0001:000213d8       ___unDName                 100223d8 f   libvcruntime:undname.obj
 0001:00021492       ___unDNameEx               10022492 f   libvcruntime:undname.obj
 0001:0002154c       __vsprintf_s_l             1002254c f i libvcruntime:undname.obj
 0001:00021584       _sprintf_s                 10022584 f i libvcruntime:undname.obj
 0001:000215b0       __global_unwind2           100225b0 f   libvcruntime:_exsup_.obj
 0001:00021615       __local_unwind2            10022615 f   libvcruntime:_exsup_.obj
 0001:00021699       __abnormal_termination     10022699 f   libvcruntime:_exsup_.obj
 0001:000216bc       __NLG_Notify1              100226bc f   libvcruntime:_exsup_.obj
 0001:000216c5       __NLG_Notify               100226c5 f   libvcruntime:_exsup_.obj
 0001:000216dc       __NLG_Dispatch             100226dc     libvcruntime:_exsup_.obj
 0001:000216dc       __NLG_Dispatch2            100226dc     libvcruntime:_exsup_.obj
 0001:000216e4       __NLG_Call                 100226e4 f   libvcruntime:_exsup_.obj
 0001:000216e6       __NLG_Return2              100226e6     libvcruntime:_exsup_.obj
 0001:00021734       ??$__crt_fast_decode_pointer@P6AXXZ@@YAP6AXXZQ6AXXZ@Z 10022734 f i libvcruntime:purevirt.obj
 0001:0002174d       ??$__crt_interlocked_compare_exchange_pointer@$$A6AXXZ$$T$$T@@YAP6AXXZPDS6AXXZ$$T1@Z 1002274d f i libvcruntime:purevirt.obj
 0001:00021763       ??$__crt_interlocked_exchange_pointer@$$A6AXXZP6AXXZ@@YAP6AXXZPDS6AXXZQ6AXXZ@Z 10022763 f i libvcruntime:purevirt.obj
 0001:00021773       ??$__crt_interlocked_read_pointer@$$A6AXXZ@@YAP6AXXZPDS6AXXZ@Z 10022773 f i libvcruntime:purevirt.obj
 0001:00021787       __get_purecall_handler     10022787 f   libvcruntime:purevirt.obj
 0001:000217ad       __purecall                 100227ad f   libvcruntime:purevirt.obj
 0001:000217ce       __set_purecall_handler     100227ce f   libvcruntime:purevirt.obj
 0001:000217fc       _malloc                    100227fc f   libucrt:malloc.obj
 0001:00021809       ??$?RPAU__crt_stdio_stream_data@@@__crt_internal_free_policy@@QBEXQBQAU__crt_stdio_stream_data@@@Z 10022809 f i libucrt:_file.obj
 0001:0002181f       ??0?$__crt_unique_heap_ptr@PAU__crt_stdio_stream_data@@U__crt_internal_free_policy@@@@QAE@QAPAU__crt_stdio_stream_data@@@Z 1002281f f i libucrt:_file.obj
 0001:00021833       ??0__crt_stdio_stream@@QAE@QAU_iobuf@@@Z 10022833 f i libucrt:_file.obj
 0001:00021847       ??1?$__crt_unique_heap_ptr@PAU__crt_stdio_stream_data@@U__crt_internal_free_policy@@@@QAE@XZ 10022847 f i libucrt:_file.obj
 0001:0002185d       ??C__crt_stdio_stream@@QBEPAU__crt_stdio_stream_data@@XZ 1002285d f i libucrt:_file.obj
 0001:00021860       ?detach@?$__crt_unique_heap_ptr@PAU__crt_stdio_stream_data@@U__crt_internal_free_policy@@@@QAEPAPAU__crt_stdio_stream_data@@XZ 10022860 f i libucrt:_file.obj
 0001:00021866       ?release@?$__crt_unique_heap_ptr@PAU__crt_stdio_stream_data@@U__crt_internal_free_policy@@@@QAEXXZ 10022866 f i libucrt:_file.obj
 0001:0002187c       ___acrt_initialize_stdio   1002287c f   libucrt:_file.obj
 0001:00021976       ___acrt_iob_func           10022976 f   libucrt:_file.obj
 0001:0002198a       ___acrt_uninitialize_stdio 1002298a f   libucrt:_file.obj
 0001:000219e9       __get_stream_buffer_pointers 100229e9 f   libucrt:_file.obj
 0001:00021a40       __lock_file                10022a40 f   libucrt:_file.obj
 0001:00021a59       __unlock_file              10022a59 f   libucrt:_file.obj
 0001:00021a72       ??$?0ABV?$stream_output_adapter@D@__crt_stdio_output@@AB_KABQBDABQAU__crt_locale_pointers@@ABQAD@?$format_validation_base@DV?$stream_output_adapter@D@__crt_stdio_output@@@__crt_stdio_output@@IAE@ABV?$stream_output_adapter@D@1@AB_KABQBDABQAU__crt_locale_pointers@@ABQAD@Z 10022a72 f i libucrt:output.obj
 0001:00021a9d       ??$?0ABV?$stream_output_adapter@D@__crt_stdio_output@@AB_KABQBDABQAU__crt_locale_pointers@@ABQAD@?$positional_parameter_base@DV?$stream_output_adapter@D@__crt_stdio_output@@@__crt_stdio_output@@IAE@ABV?$stream_output_adapter@D@1@AB_KABQBDABQAU__crt_locale_pointers@@ABQAD@Z 10022a9d f i libucrt:output.obj
 0001:00021af7       ??$?0ABV?$stream_output_adapter@D@__crt_stdio_output@@AB_KABQBDABQAU__crt_locale_pointers@@ABQAD@?$standard_base@DV?$stream_output_adapter@D@__crt_stdio_output@@@__crt_stdio_output@@IAE@ABV?$stream_output_adapter@D@1@AB_KABQBDABQAU__crt_locale_pointers@@ABQAD@Z 10022af7 f i libucrt:output.obj
 0001:00021b39       ??$?0ABV?$stream_output_adapter@_W@__crt_stdio_output@@AB_KABQB_WABQAU__crt_locale_pointers@@ABQAD@?$format_validation_base@_WV?$stream_output_adapter@_W@__crt_stdio_output@@@__crt_stdio_output@@IAE@ABV?$stream_output_adapter@_W@1@AB_KABQB_WABQAU__crt_locale_pointers@@ABQAD@Z 10022b39 f i libucrt:output.obj
 0001:00021b64       ??$?0ABV?$stream_output_adapter@_W@__crt_stdio_output@@AB_KABQB_WABQAU__crt_locale_pointers@@ABQAD@?$positional_parameter_base@_WV?$stream_output_adapter@_W@__crt_stdio_output@@@__crt_stdio_output@@IAE@ABV?$stream_output_adapter@_W@1@AB_KABQB_WABQAU__crt_locale_pointers@@ABQAD@Z 10022b64 f i libucrt:output.obj
 0001:00021bbe       ??$?0ABV?$stream_output_adapter@_W@__crt_stdio_output@@AB_KABQB_WABQAU__crt_locale_pointers@@ABQAD@?$standard_base@_WV?$stream_output_adapter@_W@__crt_stdio_output@@@__crt_stdio_output@@IAE@ABV?$stream_output_adapter@_W@1@AB_KABQB_WABQAU__crt_locale_pointers@@ABQAD@Z 10022bbe f i libucrt:output.obj
 0001:00021c00       ??$?0ABV?$string_output_adapter@D@__crt_stdio_output@@AB_KABQBDABQAU__crt_locale_pointers@@ABQAD@?$format_validation_base@DV?$string_output_adapter@D@__crt_stdio_output@@@__crt_stdio_output@@IAE@ABV?$string_output_adapter@D@1@AB_KABQBDABQAU__crt_locale_pointers@@ABQAD@Z 10022c00 f i libucrt:output.obj
 0001:00021c2b       ??$?0ABV?$string_output_adapter@D@__crt_stdio_output@@AB_KABQBDABQAU__crt_locale_pointers@@ABQAD@?$positional_parameter_base@DV?$string_output_adapter@D@__crt_stdio_output@@@__crt_stdio_output@@IAE@ABV?$string_output_adapter@D@1@AB_KABQBDABQAU__crt_locale_pointers@@ABQAD@Z 10022c2b f i libucrt:output.obj
 0001:00021c85       ??$?0ABV?$string_output_adapter@D@__crt_stdio_output@@AB_KABQBDABQAU__crt_locale_pointers@@ABQAD@?$standard_base@DV?$string_output_adapter@D@__crt_stdio_output@@@__crt_stdio_output@@IAE@ABV?$string_output_adapter@D@1@AB_KABQBDABQAU__crt_locale_pointers@@ABQAD@Z 10022c85 f i libucrt:output.obj
 0001:00021cc7       ??$?0ABV?$string_output_adapter@_W@__crt_stdio_output@@AB_KABQB_WABQAU__crt_locale_pointers@@ABQAD@?$format_validation_base@_WV?$string_output_adapter@_W@__crt_stdio_output@@@__crt_stdio_output@@IAE@ABV?$string_output_adapter@_W@1@AB_KABQB_WABQAU__crt_locale_pointers@@ABQAD@Z 10022cc7 f i libucrt:output.obj
 0001:00021cf2       ??$?0ABV?$string_output_adapter@_W@__crt_stdio_output@@AB_KABQB_WABQAU__crt_locale_pointers@@ABQAD@?$positional_parameter_base@_WV?$string_output_adapter@_W@__crt_stdio_output@@@__crt_stdio_output@@IAE@ABV?$string_output_adapter@_W@1@AB_KABQB_WABQAU__crt_locale_pointers@@ABQAD@Z 10022cf2 f i libucrt:output.obj
 0001:00021d4c       ??$?0ABV?$string_output_adapter@_W@__crt_stdio_output@@AB_KABQB_WABQAU__crt_locale_pointers@@ABQAD@?$standard_base@_WV?$string_output_adapter@_W@__crt_stdio_output@@@__crt_stdio_output@@IAE@ABV?$string_output_adapter@_W@1@AB_KABQB_WABQAU__crt_locale_pointers@@ABQAD@Z 10022d4c f i libucrt:output.obj
 0001:00022118       ??$__crt_interlocked_read@J@@YAJPDJ@Z 10023118 f i libucrt:output.obj
 0001:00023381       ??$count@D@formatting_buffer@__crt_stdio_output@@QBEIXZ 10024381 f i libucrt:output.obj
 0001:0002339f       ??$count@_W@formatting_buffer@__crt_stdio_output@@QBEIXZ 1002439f f i libucrt:output.obj
 0001:000233be       ??$data@D@formatting_buffer@__crt_stdio_output@@QAEPADXZ 100243be f i libucrt:output.obj
 0001:000233ce       ??$data@_W@formatting_buffer@__crt_stdio_output@@QAEPA_WXZ 100243ce f i libucrt:output.obj
 0001:000233de       ??$ensure_buffer_is_big_enough@D@formatting_buffer@__crt_stdio_output@@QAE_NI@Z 100243de f i libucrt:output.obj
 0001:0002347c       ??$ensure_buffer_is_big_enough@_W@formatting_buffer@__crt_stdio_output@@QAE_NI@Z 1002447c f i libucrt:output.obj
 0001:0002351c       ??$extract_argument_from_va_list@C_J@?$positional_parameter_base@DV?$stream_output_adapter@D@__crt_stdio_output@@@__crt_stdio_output@@IAE_NAA_J@Z 1002451c f i libucrt:output.obj
 0001:000235b3       ??$extract_argument_from_va_list@C_J@?$positional_parameter_base@DV?$string_output_adapter@D@__crt_stdio_output@@@__crt_stdio_output@@IAE_NAA_J@Z 100245b3 f i libucrt:output.obj
 0001:0002364a       ??$extract_argument_from_va_list@C_J@?$positional_parameter_base@_WV?$stream_output_adapter@_W@__crt_stdio_output@@@__crt_stdio_output@@IAE_NAA_J@Z 1002464a f i libucrt:output.obj
 0001:000236e1       ??$extract_argument_from_va_list@C_J@?$positional_parameter_base@_WV?$string_output_adapter@_W@__crt_stdio_output@@@__crt_stdio_output@@IAE_NAA_J@Z 100246e1 f i libucrt:output.obj
 0001:00023778       ??$extract_argument_from_va_list@C_J@?$standard_base@DV?$stream_output_adapter@D@__crt_stdio_output@@@__crt_stdio_output@@IAE_NAA_J@Z 10024778 f i libucrt:output.obj
 0001:0002379e       ??$extract_argument_from_va_list@C_J@?$standard_base@DV?$string_output_adapter@D@__crt_stdio_output@@@__crt_stdio_output@@IAE_NAA_J@Z 1002479e f i libucrt:output.obj
 0001:000237c4       ??$extract_argument_from_va_list@C_J@?$standard_base@_WV?$stream_output_adapter@_W@__crt_stdio_output@@@__crt_stdio_output@@IAE_NAA_J@Z 100247c4 f i libucrt:output.obj
 0001:000237ea       ??$extract_argument_from_va_list@C_J@?$standard_base@_WV?$string_output_adapter@_W@__crt_stdio_output@@@__crt_stdio_output@@IAE_NAA_J@Z 100247ea f i libucrt:output.obj
 0001:00023810       ??$extract_argument_from_va_list@E_J@?$positional_parameter_base@DV?$stream_output_adapter@D@__crt_stdio_output@@@__crt_stdio_output@@IAE_NAA_J@Z 10024810 f i libucrt:output.obj
 0001:000238a7       ??$extract_argument_from_va_list@E_J@?$positional_parameter_base@DV?$string_output_adapter@D@__crt_stdio_output@@@__crt_stdio_output@@IAE_NAA_J@Z 100248a7 f i libucrt:output.obj
 0001:0002393e       ??$extract_argument_from_va_list@E_J@?$positional_parameter_base@_WV?$stream_output_adapter@_W@__crt_stdio_output@@@__crt_stdio_output@@IAE_NAA_J@Z 1002493e f i libucrt:output.obj
 0001:000239d5       ??$extract_argument_from_va_list@E_J@?$positional_parameter_base@_WV?$string_output_adapter@_W@__crt_stdio_output@@@__crt_stdio_output@@IAE_NAA_J@Z 100249d5 f i libucrt:output.obj
 0001:00023a6c       ??$extract_argument_from_va_list@E_J@?$standard_base@DV?$stream_output_adapter@D@__crt_stdio_output@@@__crt_stdio_output@@IAE_NAA_J@Z 10024a6c f i libucrt:output.obj
 0001:00023a92       ??$extract_argument_from_va_list@E_J@?$standard_base@DV?$string_output_adapter@D@__crt_stdio_output@@@__crt_stdio_output@@IAE_NAA_J@Z 10024a92 f i libucrt:output.obj
 0001:00023ab8       ??$extract_argument_from_va_list@E_J@?$standard_base@_WV?$stream_output_adapter@_W@__crt_stdio_output@@@__crt_stdio_output@@IAE_NAA_J@Z 10024ab8 f i libucrt:output.obj
 0001:00023ade       ??$extract_argument_from_va_list@E_J@?$standard_base@_WV?$string_output_adapter@_W@__crt_stdio_output@@@__crt_stdio_output@@IAE_NAA_J@Z 10024ade f i libucrt:output.obj
 0001:00023b04       ??$extract_argument_from_va_list@F_J@?$positional_parameter_base@DV?$stream_output_adapter@D@__crt_stdio_output@@@__crt_stdio_output@@IAE_NAA_J@Z 10024b04 f i libucrt:output.obj
 0001:00023b9b       ??$extract_argument_from_va_list@F_J@?$positional_parameter_base@DV?$string_output_adapter@D@__crt_stdio_output@@@__crt_stdio_output@@IAE_NAA_J@Z 10024b9b f i libucrt:output.obj
 0001:00023c32       ??$extract_argument_from_va_list@F_J@?$positional_parameter_base@_WV?$stream_output_adapter@_W@__crt_stdio_output@@@__crt_stdio_output@@IAE_NAA_J@Z 10024c32 f i libucrt:output.obj
 0001:00023cc9       ??$extract_argument_from_va_list@F_J@?$positional_parameter_base@_WV?$string_output_adapter@_W@__crt_stdio_output@@@__crt_stdio_output@@IAE_NAA_J@Z 10024cc9 f i libucrt:output.obj
 0001:00023d60       ??$extract_argument_from_va_list@F_J@?$standard_base@DV?$stream_output_adapter@D@__crt_stdio_output@@@__crt_stdio_output@@IAE_NAA_J@Z 10024d60 f i libucrt:output.obj
 0001:00023d86       ??$extract_argument_from_va_list@F_J@?$standard_base@DV?$string_output_adapter@D@__crt_stdio_output@@@__crt_stdio_output@@IAE_NAA_J@Z 10024d86 f i libucrt:output.obj
 0001:00023dac       ??$extract_argument_from_va_list@F_J@?$standard_base@_WV?$stream_output_adapter@_W@__crt_stdio_output@@@__crt_stdio_output@@IAE_NAA_J@Z 10024dac f i libucrt:output.obj
 0001:00023dd2       ??$extract_argument_from_va_list@F_J@?$standard_base@_WV?$string_output_adapter@_W@__crt_stdio_output@@@__crt_stdio_output@@IAE_NAA_J@Z 10024dd2 f i libucrt:output.obj
 0001:00023df8       ??$extract_argument_from_va_list@GD@?$positional_parameter_base@DV?$stream_output_adapter@D@__crt_stdio_output@@@__crt_stdio_output@@IAE_NAAD@Z 10024df8 f i libucrt:output.obj
 0001:00023e8e       ??$extract_argument_from_va_list@GD@?$positional_parameter_base@DV?$string_output_adapter@D@__crt_stdio_output@@@__crt_stdio_output@@IAE_NAAD@Z 10024e8e f i libucrt:output.obj
 0001:00023f24       ??$extract_argument_from_va_list@GD@?$standard_base@DV?$stream_output_adapter@D@__crt_stdio_output@@@__crt_stdio_output@@IAE_NAAD@Z 10024f24 f i libucrt:output.obj
 0001:00023f44       ??$extract_argument_from_va_list@GD@?$standard_base@DV?$string_output_adapter@D@__crt_stdio_output@@@__crt_stdio_output@@IAE_NAAD@Z 10024f44 f i libucrt:output.obj
 0001:00023f64       ??$extract_argument_from_va_list@G_J@?$positional_parameter_base@DV?$stream_output_adapter@D@__crt_stdio_output@@@__crt_stdio_output@@IAE_NAA_J@Z 10024f64 f i libucrt:output.obj
 0001:00023ffb       ??$extract_argument_from_va_list@G_J@?$positional_parameter_base@DV?$string_output_adapter@D@__crt_stdio_output@@@__crt_stdio_output@@IAE_NAA_J@Z 10024ffb f i libucrt:output.obj
 0001:00024092       ??$extract_argument_from_va_list@G_J@?$positional_parameter_base@_WV?$stream_output_adapter@_W@__crt_stdio_output@@@__crt_stdio_output@@IAE_NAA_J@Z 10025092 f i libucrt:output.obj
 0001:00024129       ??$extract_argument_from_va_list@G_J@?$positional_parameter_base@_WV?$string_output_adapter@_W@__crt_stdio_output@@@__crt_stdio_output@@IAE_NAA_J@Z 10025129 f i libucrt:output.obj
 0001:000241c0       ??$extract_argument_from_va_list@G_J@?$standard_base@DV?$stream_output_adapter@D@__crt_stdio_output@@@__crt_stdio_output@@IAE_NAA_J@Z 100251c0 f i libucrt:output.obj
 0001:000241e6       ??$extract_argument_from_va_list@G_J@?$standard_base@DV?$string_output_adapter@D@__crt_stdio_output@@@__crt_stdio_output@@IAE_NAA_J@Z 100251e6 f i libucrt:output.obj
 0001:0002420c       ??$extract_argument_from_va_list@G_J@?$standard_base@_WV?$stream_output_adapter@_W@__crt_stdio_output@@@__crt_stdio_output@@IAE_NAA_J@Z 1002520c f i libucrt:output.obj
 0001:00024232       ??$extract_argument_from_va_list@G_J@?$standard_base@_WV?$string_output_adapter@_W@__crt_stdio_output@@@__crt_stdio_output@@IAE_NAA_J@Z 10025232 f i libucrt:output.obj
 0001:00024258       ??$extract_argument_from_va_list@H_J@?$positional_parameter_base@DV?$stream_output_adapter@D@__crt_stdio_output@@@__crt_stdio_output@@IAE_NAA_J@Z 10025258 f i libucrt:output.obj
 0001:000242ec       ??$extract_argument_from_va_list@H_J@?$positional_parameter_base@DV?$string_output_adapter@D@__crt_stdio_output@@@__crt_stdio_output@@IAE_NAA_J@Z 100252ec f i libucrt:output.obj
 0001:00024380       ??$extract_argument_from_va_list@H_J@?$positional_parameter_base@_WV?$stream_output_adapter@_W@__crt_stdio_output@@@__crt_stdio_output@@IAE_NAA_J@Z 10025380 f i libucrt:output.obj
 0001:00024414       ??$extract_argument_from_va_list@H_J@?$positional_parameter_base@_WV?$string_output_adapter@_W@__crt_stdio_output@@@__crt_stdio_output@@IAE_NAA_J@Z 10025414 f i libucrt:output.obj
 0001:000244a8       ??$extract_argument_from_va_list@H_J@?$standard_base@DV?$stream_output_adapter@D@__crt_stdio_output@@@__crt_stdio_output@@IAE_NAA_J@Z 100254a8 f i libucrt:output.obj
 0001:000244cd       ??$extract_argument_from_va_list@H_J@?$standard_base@DV?$string_output_adapter@D@__crt_stdio_output@@@__crt_stdio_output@@IAE_NAA_J@Z 100254cd f i libucrt:output.obj
 0001:000244f2       ??$extract_argument_from_va_list@H_J@?$standard_base@_WV?$stream_output_adapter@_W@__crt_stdio_output@@@__crt_stdio_output@@IAE_NAA_J@Z 100254f2 f i libucrt:output.obj
 0001:00024517       ??$extract_argument_from_va_list@H_J@?$standard_base@_WV?$string_output_adapter@_W@__crt_stdio_output@@@__crt_stdio_output@@IAE_NAA_J@Z 10025517 f i libucrt:output.obj
 0001:0002453c       ??$extract_argument_from_va_list@I_J@?$positional_parameter_base@DV?$stream_output_adapter@D@__crt_stdio_output@@@__crt_stdio_output@@IAE_NAA_J@Z 1002553c f i libucrt:output.obj
 0001:000245dc       ??$extract_argument_from_va_list@I_J@?$positional_parameter_base@DV?$string_output_adapter@D@__crt_stdio_output@@@__crt_stdio_output@@IAE_NAA_J@Z 100255dc f i libucrt:output.obj
 0001:0002467c       ??$extract_argument_from_va_list@I_J@?$positional_parameter_base@_WV?$stream_output_adapter@_W@__crt_stdio_output@@@__crt_stdio_output@@IAE_NAA_J@Z 1002567c f i libucrt:output.obj
 0001:0002471c       ??$extract_argument_from_va_list@I_J@?$positional_parameter_base@_WV?$string_output_adapter@_W@__crt_stdio_output@@@__crt_stdio_output@@IAE_NAA_J@Z 1002571c f i libucrt:output.obj
 0001:000247bc       ??$extract_argument_from_va_list@I_J@?$standard_base@DV?$stream_output_adapter@D@__crt_stdio_output@@@__crt_stdio_output@@IAE_NAA_J@Z 100257bc f i libucrt:output.obj
 0001:000247e1       ??$extract_argument_from_va_list@I_J@?$standard_base@DV?$string_output_adapter@D@__crt_stdio_output@@@__crt_stdio_output@@IAE_NAA_J@Z 100257e1 f i libucrt:output.obj
 0001:00024806       ??$extract_argument_from_va_list@I_J@?$standard_base@_WV?$stream_output_adapter@_W@__crt_stdio_output@@@__crt_stdio_output@@IAE_NAA_J@Z 10025806 f i libucrt:output.obj
 0001:0002482b       ??$extract_argument_from_va_list@I_J@?$standard_base@_WV?$string_output_adapter@_W@__crt_stdio_output@@@__crt_stdio_output@@IAE_NAA_J@Z 1002582b f i libucrt:output.obj
 0001:00024850       ??$extract_argument_from_va_list@PADPAD@?$positional_parameter_base@DV?$stream_output_adapter@D@__crt_stdio_output@@@__crt_stdio_output@@IAE_NAAPAD@Z 10025850 f i libucrt:output.obj
 0001:000248e6       ??$extract_argument_from_va_list@PADPAD@?$positional_parameter_base@DV?$string_output_adapter@D@__crt_stdio_output@@@__crt_stdio_output@@IAE_NAAPAD@Z 100258e6 f i libucrt:output.obj
 0001:0002497c       ??$extract_argument_from_va_list@PADPAD@?$positional_parameter_base@_WV?$stream_output_adapter@_W@__crt_stdio_output@@@__crt_stdio_output@@IAE_NAAPAD@Z 1002597c f i libucrt:output.obj
 0001:00024a12       ??$extract_argument_from_va_list@PADPAD@?$positional_parameter_base@_WV?$string_output_adapter@_W@__crt_stdio_output@@@__crt_stdio_output@@IAE_NAAPAD@Z 10025a12 f i libucrt:output.obj
 0001:00024aa8       ??$extract_argument_from_va_list@PADPAD@?$standard_base@DV?$stream_output_adapter@D@__crt_stdio_output@@@__crt_stdio_output@@IAE_NAAPAD@Z 10025aa8 f i libucrt:output.obj
 0001:00024ac8       ??$extract_argument_from_va_list@PADPAD@?$standard_base@DV?$string_output_adapter@D@__crt_stdio_output@@@__crt_stdio_output@@IAE_NAAPAD@Z 10025ac8 f i libucrt:output.obj
 0001:00024ae8       ??$extract_argument_from_va_list@PADPAD@?$standard_base@_WV?$stream_output_adapter@_W@__crt_stdio_output@@@__crt_stdio_output@@IAE_NAAPAD@Z 10025ae8 f i libucrt:output.obj
 0001:00024b08       ??$extract_argument_from_va_list@PADPAD@?$standard_base@_WV?$string_output_adapter@_W@__crt_stdio_output@@@__crt_stdio_output@@IAE_NAAPAD@Z 10025b08 f i libucrt:output.obj
 0001:00024f00       ??$extract_argument_from_va_list@PAXPAX@?$positional_parameter_base@DV?$stream_output_adapter@D@__crt_stdio_output@@@__crt_stdio_output@@IAE_NAAPAX@Z 10025f00 f i libucrt:output.obj
 0001:00024f96       ??$extract_argument_from_va_list@PAXPAX@?$positional_parameter_base@DV?$string_output_adapter@D@__crt_stdio_output@@@__crt_stdio_output@@IAE_NAAPAX@Z 10025f96 f i libucrt:output.obj
 0001:0002502c       ??$extract_argument_from_va_list@PAXPAX@?$positional_parameter_base@_WV?$stream_output_adapter@_W@__crt_stdio_output@@@__crt_stdio_output@@IAE_NAAPAX@Z 1002602c f i libucrt:output.obj
 0001:000250c2       ??$extract_argument_from_va_list@PAXPAX@?$positional_parameter_base@_WV?$string_output_adapter@_W@__crt_stdio_output@@@__crt_stdio_output@@IAE_NAAPAX@Z 100260c2 f i libucrt:output.obj
 0001:00025158       ??$extract_argument_from_va_list@PAXPAX@?$standard_base@DV?$stream_output_adapter@D@__crt_stdio_output@@@__crt_stdio_output@@IAE_NAAPAX@Z 10026158 f i libucrt:output.obj
 0001:00025178       ??$extract_argument_from_va_list@PAXPAX@?$standard_base@DV?$string_output_adapter@D@__crt_stdio_output@@@__crt_stdio_output@@IAE_NAAPAX@Z 10026178 f i libucrt:output.obj
 0001:00025198       ??$extract_argument_from_va_list@PAXPAX@?$standard_base@_WV?$stream_output_adapter@_W@__crt_stdio_output@@@__crt_stdio_output@@IAE_NAAPAX@Z 10026198 f i libucrt:output.obj
 0001:000251b8       ??$extract_argument_from_va_list@PAXPAX@?$standard_base@_WV?$string_output_adapter@_W@__crt_stdio_output@@@__crt_stdio_output@@IAE_NAAPAX@Z 100261b8 f i libucrt:output.obj
 0001:000251d8       ??$extract_argument_from_va_list@U_CRT_DOUBLE@@U1@@?$positional_parameter_base@DV?$stream_output_adapter@D@__crt_stdio_output@@@__crt_stdio_output@@IAE_NAAU_CRT_DOUBLE@@@Z 100261d8 f i libucrt:output.obj
 0001:0002527f       ??$extract_argument_from_va_list@U_CRT_DOUBLE@@U1@@?$positional_parameter_base@DV?$string_output_adapter@D@__crt_stdio_output@@@__crt_stdio_output@@IAE_NAAU_CRT_DOUBLE@@@Z 1002627f f i libucrt:output.obj
 0001:00025326       ??$extract_argument_from_va_list@U_CRT_DOUBLE@@U1@@?$positional_parameter_base@_WV?$stream_output_adapter@_W@__crt_stdio_output@@@__crt_stdio_output@@IAE_NAAU_CRT_DOUBLE@@@Z 10026326 f i libucrt:output.obj
 0001:000253cd       ??$extract_argument_from_va_list@U_CRT_DOUBLE@@U1@@?$positional_parameter_base@_WV?$string_output_adapter@_W@__crt_stdio_output@@@__crt_stdio_output@@IAE_NAAU_CRT_DOUBLE@@@Z 100263cd f i libucrt:output.obj
 0001:00025474       ??$extract_argument_from_va_list@U_CRT_DOUBLE@@U1@@?$standard_base@DV?$stream_output_adapter@D@__crt_stdio_output@@@__crt_stdio_output@@IAE_NAAU_CRT_DOUBLE@@@Z 10026474 f i libucrt:output.obj
 0001:0002549c       ??$extract_argument_from_va_list@U_CRT_DOUBLE@@U1@@?$standard_base@DV?$string_output_adapter@D@__crt_stdio_output@@@__crt_stdio_output@@IAE_NAAU_CRT_DOUBLE@@@Z 1002649c f i libucrt:output.obj
 0001:000254c4       ??$extract_argument_from_va_list@U_CRT_DOUBLE@@U1@@?$standard_base@_WV?$stream_output_adapter@_W@__crt_stdio_output@@@__crt_stdio_output@@IAE_NAAU_CRT_DOUBLE@@@Z 100264c4 f i libucrt:output.obj
 0001:000254ec       ??$extract_argument_from_va_list@U_CRT_DOUBLE@@U1@@?$standard_base@_WV?$string_output_adapter@_W@__crt_stdio_output@@@__crt_stdio_output@@IAE_NAAU_CRT_DOUBLE@@@Z 100264ec f i libucrt:output.obj
 0001:00025514       ??$extract_argument_from_va_list@_J_J@?$positional_parameter_base@DV?$stream_output_adapter@D@__crt_stdio_output@@@__crt_stdio_output@@IAE_NAA_J@Z 10026514 f i libucrt:output.obj
 0001:000255bb       ??$extract_argument_from_va_list@_J_J@?$positional_parameter_base@DV?$string_output_adapter@D@__crt_stdio_output@@@__crt_stdio_output@@IAE_NAA_J@Z 100265bb f i libucrt:output.obj
 0001:00025662       ??$extract_argument_from_va_list@_J_J@?$positional_parameter_base@_WV?$stream_output_adapter@_W@__crt_stdio_output@@@__crt_stdio_output@@IAE_NAA_J@Z 10026662 f i libucrt:output.obj
 0001:00025709       ??$extract_argument_from_va_list@_J_J@?$positional_parameter_base@_WV?$string_output_adapter@_W@__crt_stdio_output@@@__crt_stdio_output@@IAE_NAA_J@Z 10026709 f i libucrt:output.obj
 0001:000257b0       ??$extract_argument_from_va_list@_J_J@?$standard_base@DV?$stream_output_adapter@D@__crt_stdio_output@@@__crt_stdio_output@@IAE_NAA_J@Z 100267b0 f i libucrt:output.obj
 0001:000257d8       ??$extract_argument_from_va_list@_J_J@?$standard_base@DV?$string_output_adapter@D@__crt_stdio_output@@@__crt_stdio_output@@IAE_NAA_J@Z 100267d8 f i libucrt:output.obj
 0001:00025800       ??$extract_argument_from_va_list@_J_J@?$standard_base@_WV?$stream_output_adapter@_W@__crt_stdio_output@@@__crt_stdio_output@@IAE_NAA_J@Z 10026800 f i libucrt:output.obj
 0001:00025828       ??$extract_argument_from_va_list@_J_J@?$standard_base@_WV?$string_output_adapter@_W@__crt_stdio_output@@@__crt_stdio_output@@IAE_NAA_J@Z 10026828 f i libucrt:output.obj
 0001:00025850       ??$extract_argument_from_va_list@_K_J@?$positional_parameter_base@DV?$stream_output_adapter@D@__crt_stdio_output@@@__crt_stdio_output@@IAE_NAA_J@Z 10026850 f i libucrt:output.obj
 0001:000258f7       ??$extract_argument_from_va_list@_K_J@?$positional_parameter_base@DV?$string_output_adapter@D@__crt_stdio_output@@@__crt_stdio_output@@IAE_NAA_J@Z 100268f7 f i libucrt:output.obj
 0001:0002599e       ??$extract_argument_from_va_list@_K_J@?$positional_parameter_base@_WV?$stream_output_adapter@_W@__crt_stdio_output@@@__crt_stdio_output@@IAE_NAA_J@Z 1002699e f i libucrt:output.obj
 0001:00025a45       ??$extract_argument_from_va_list@_K_J@?$positional_parameter_base@_WV?$string_output_adapter@_W@__crt_stdio_output@@@__crt_stdio_output@@IAE_NAA_J@Z 10026a45 f i libucrt:output.obj
 0001:00025aec       ??$extract_argument_from_va_list@_K_J@?$standard_base@DV?$stream_output_adapter@D@__crt_stdio_output@@@__crt_stdio_output@@IAE_NAA_J@Z 10026aec f i libucrt:output.obj
 0001:00025b14       ??$extract_argument_from_va_list@_K_J@?$standard_base@DV?$string_output_adapter@D@__crt_stdio_output@@@__crt_stdio_output@@IAE_NAA_J@Z 10026b14 f i libucrt:output.obj
 0001:00025b3c       ??$extract_argument_from_va_list@_K_J@?$standard_base@_WV?$stream_output_adapter@_W@__crt_stdio_output@@@__crt_stdio_output@@IAE_NAA_J@Z 10026b3c f i libucrt:output.obj
 0001:00025b64       ??$extract_argument_from_va_list@_K_J@?$standard_base@_WV?$string_output_adapter@_W@__crt_stdio_output@@@__crt_stdio_output@@IAE_NAA_J@Z 10026b64 f i libucrt:output.obj
 0001:00025b8c       ??$extract_argument_from_va_list@_W_W@?$positional_parameter_base@DV?$stream_output_adapter@D@__crt_stdio_output@@@__crt_stdio_output@@IAE_NAA_W@Z 10026b8c f i libucrt:output.obj
 0001:00025c27       ??$extract_argument_from_va_list@_W_W@?$positional_parameter_base@DV?$string_output_adapter@D@__crt_stdio_output@@@__crt_stdio_output@@IAE_NAA_W@Z 10026c27 f i libucrt:output.obj
 0001:00025cc2       ??$extract_argument_from_va_list@_W_W@?$positional_parameter_base@_WV?$stream_output_adapter@_W@__crt_stdio_output@@@__crt_stdio_output@@IAE_NAA_W@Z 10026cc2 f i libucrt:output.obj
 0001:00025d5d       ??$extract_argument_from_va_list@_W_W@?$positional_parameter_base@_WV?$string_output_adapter@_W@__crt_stdio_output@@@__crt_stdio_output@@IAE_NAA_W@Z 10026d5d f i libucrt:output.obj
 0001:00025df8       ??$extract_argument_from_va_list@_W_W@?$standard_base@DV?$stream_output_adapter@D@__crt_stdio_output@@@__crt_stdio_output@@IAE_NAA_W@Z 10026df8 f i libucrt:output.obj
 0001:00025e1b       ??$extract_argument_from_va_list@_W_W@?$standard_base@DV?$string_output_adapter@D@__crt_stdio_output@@@__crt_stdio_output@@IAE_NAA_W@Z 10026e1b f i libucrt:output.obj
 0001:00025e3e       ??$extract_argument_from_va_list@_W_W@?$standard_base@_WV?$stream_output_adapter@_W@__crt_stdio_output@@@__crt_stdio_output@@IAE_NAA_W@Z 10026e3e f i libucrt:output.obj
 0001:00025e61       ??$extract_argument_from_va_list@_W_W@?$standard_base@_WV?$string_output_adapter@_W@__crt_stdio_output@@@__crt_stdio_output@@IAE_NAA_W@Z 10026e61 f i libucrt:output.obj
 0001:00025e84       ??$get_parameter_type@D@?$positional_parameter_base@DV?$stream_output_adapter@D@__crt_stdio_output@@@__crt_stdio_output@@CA?AW4parameter_type@01@PAD@Z 10026e84 f i libucrt:output.obj
 0001:00025e88       ??$get_parameter_type@D@?$positional_parameter_base@DV?$string_output_adapter@D@__crt_stdio_output@@@__crt_stdio_output@@CA?AW4parameter_type@01@PAD@Z 10026e88 f i libucrt:output.obj
 0001:00025e8c       ??$get_parameter_type@D@?$positional_parameter_base@_WV?$stream_output_adapter@_W@__crt_stdio_output@@@__crt_stdio_output@@CA?AW4parameter_type@01@PAD@Z 10026e8c f i libucrt:output.obj
 0001:00025e90       ??$get_parameter_type@D@?$positional_parameter_base@_WV?$string_output_adapter@_W@__crt_stdio_output@@@__crt_stdio_output@@CA?AW4parameter_type@01@PAD@Z 10026e90 f i libucrt:output.obj
 0001:00025ea4       ??$get_parameter_type@X@?$positional_parameter_base@DV?$stream_output_adapter@D@__crt_stdio_output@@@__crt_stdio_output@@CA?AW4parameter_type@01@PAX@Z 10026ea4 f i libucrt:output.obj
 0001:00025ea8       ??$get_parameter_type@X@?$positional_parameter_base@DV?$string_output_adapter@D@__crt_stdio_output@@@__crt_stdio_output@@CA?AW4parameter_type@01@PAX@Z 10026ea8 f i libucrt:output.obj
 0001:00025eac       ??$get_parameter_type@X@?$positional_parameter_base@_WV?$stream_output_adapter@_W@__crt_stdio_output@@@__crt_stdio_output@@CA?AW4parameter_type@01@PAX@Z 10026eac f i libucrt:output.obj
 0001:00025eb0       ??$get_parameter_type@X@?$positional_parameter_base@_WV?$string_output_adapter@_W@__crt_stdio_output@@@__crt_stdio_output@@CA?AW4parameter_type@01@PAX@Z 10026eb0 f i libucrt:output.obj
 0001:00025eb4       ??$is_character_specifier@D@?$positional_parameter_base@DV?$stream_output_adapter@D@__crt_stdio_output@@@__crt_stdio_output@@CA_ND@Z 10026eb4 f i libucrt:output.obj
 0001:00025ed2       ??$is_character_specifier@D@?$positional_parameter_base@DV?$string_output_adapter@D@__crt_stdio_output@@@__crt_stdio_output@@CA_ND@Z 10026ed2 f i libucrt:output.obj
 0001:00025ef0       ??$is_character_specifier@_W@?$positional_parameter_base@_WV?$stream_output_adapter@_W@__crt_stdio_output@@@__crt_stdio_output@@CA_N_W@Z 10026ef0 f i libucrt:output.obj
 0001:00025f11       ??$is_character_specifier@_W@?$positional_parameter_base@_WV?$string_output_adapter@_W@__crt_stdio_output@@@__crt_stdio_output@@CA_N_W@Z 10026f11 f i libucrt:output.obj
 0001:00025f32       ??$is_integral_specifier@D@?$positional_parameter_base@DV?$stream_output_adapter@D@__crt_stdio_output@@@__crt_stdio_output@@CA_ND@Z 10026f32 f i libucrt:output.obj
 0001:00025f69       ??$is_integral_specifier@D@?$positional_parameter_base@DV?$string_output_adapter@D@__crt_stdio_output@@@__crt_stdio_output@@CA_ND@Z 10026f69 f i libucrt:output.obj
 0001:00025fa0       ??$is_integral_specifier@_W@?$positional_parameter_base@_WV?$stream_output_adapter@_W@__crt_stdio_output@@@__crt_stdio_output@@CA_N_W@Z 10026fa0 f i libucrt:output.obj
 0001:00025fe9       ??$is_integral_specifier@_W@?$positional_parameter_base@_WV?$string_output_adapter@_W@__crt_stdio_output@@@__crt_stdio_output@@CA_N_W@Z 10026fe9 f i libucrt:output.obj
 0001:00026032       ??$is_pointer_specifier@D@?$positional_parameter_base@DV?$stream_output_adapter@D@__crt_stdio_output@@@__crt_stdio_output@@CA_ND@Z 10027032 f i libucrt:output.obj
 0001:00026043       ??$is_pointer_specifier@D@?$positional_parameter_base@DV?$string_output_adapter@D@__crt_stdio_output@@@__crt_stdio_output@@CA_ND@Z 10027043 f i libucrt:output.obj
 0001:00026054       ??$is_pointer_specifier@_W@?$positional_parameter_base@_WV?$stream_output_adapter@_W@__crt_stdio_output@@@__crt_stdio_output@@CA_N_W@Z 10027054 f i libucrt:output.obj
 0001:00026066       ??$is_pointer_specifier@_W@?$positional_parameter_base@_WV?$string_output_adapter@_W@__crt_stdio_output@@@__crt_stdio_output@@CA_N_W@Z 10027066 f i libucrt:output.obj
 0001:00026078       ??$is_string_specifier@D@?$positional_parameter_base@DV?$stream_output_adapter@D@__crt_stdio_output@@@__crt_stdio_output@@CA_ND@Z 10027078 f i libucrt:output.obj
 0001:00026096       ??$is_string_specifier@D@?$positional_parameter_base@DV?$string_output_adapter@D@__crt_stdio_output@@@__crt_stdio_output@@CA_ND@Z 10027096 f i libucrt:output.obj
 0001:000260b4       ??$is_string_specifier@_W@?$positional_parameter_base@_WV?$stream_output_adapter@_W@__crt_stdio_output@@@__crt_stdio_output@@CA_N_W@Z 100270b4 f i libucrt:output.obj
 0001:000260d5       ??$is_string_specifier@_W@?$positional_parameter_base@_WV?$string_output_adapter@_W@__crt_stdio_output@@@__crt_stdio_output@@CA_N_W@Z 100270d5 f i libucrt:output.obj
 0001:000260f6       ??$is_wide_character_specifier@D@__crt_stdio_output@@YA_N_KDW4length_modifier@0@@Z 100270f6 f i libucrt:output.obj
 0001:00026133       ??$is_wide_character_specifier@_W@__crt_stdio_output@@YA_N_K_WW4length_modifier@0@@Z 10027133 f i libucrt:output.obj
 0001:00026194       ??$peek_va_arg@C@__crt_stdio_output@@YACPAD@Z 10027194 f i libucrt:output.obj
 0001:000261a3       ??$peek_va_arg@E@__crt_stdio_output@@YAEPAD@Z 100271a3 f i libucrt:output.obj
 0001:000261b2       ??$peek_va_arg@F@__crt_stdio_output@@YAFPAD@Z 100271b2 f i libucrt:output.obj
 0001:000261c2       ??$peek_va_arg@G@__crt_stdio_output@@YAGPAD@Z 100271c2 f i libucrt:output.obj
 0001:000261d2       ??$peek_va_arg@H@__crt_stdio_output@@YAHPAD@Z 100271d2 f i libucrt:output.obj
 0001:000261e1       ??$peek_va_arg@I@__crt_stdio_output@@YAIPAD@Z 100271e1 f i libucrt:output.obj
 0001:000261f0       ??$peek_va_arg@PAD@__crt_stdio_output@@YAPADPAD@Z 100271f0 f i libucrt:output.obj
 0001:0002623b       ??$peek_va_arg@PAX@__crt_stdio_output@@YAPAXPAD@Z 1002723b f i libucrt:output.obj
 0001:0002624a       ??$peek_va_arg@U_CRT_DOUBLE@@@__crt_stdio_output@@YA?AU_CRT_DOUBLE@@PAD@Z 1002724a f i libucrt:output.obj
 0001:0002625c       ??$peek_va_arg@_J@__crt_stdio_output@@YA_JPAD@Z 1002725c f i libucrt:output.obj
 0001:0002626e       ??$peek_va_arg@_K@__crt_stdio_output@@YA_KPAD@Z 1002726e f i libucrt:output.obj
 0001:00026280       ??$peek_va_arg@_W@__crt_stdio_output@@YA_WPAD@Z 10027280 f i libucrt:output.obj
 0001:00026290       ??$puttc_nolock@ABDPAU_iobuf@@@?$__crt_char_traits@D@@SAHABD$$QAPAU_iobuf@@@Z 10027290 f i libucrt:output.obj
 0001:000262b0       ??$puttc_nolock@AB_WPAU_iobuf@@@?$__crt_char_traits@_W@@SAGAB_W$$QAPAU_iobuf@@@Z 100272b0 f i libucrt:output.obj
 0001:000262d0       ??$read_va_arg@C@__crt_stdio_output@@YACAAPAD@Z 100272d0 f i libucrt:output.obj
 0001:000262e6       ??$read_va_arg@E@__crt_stdio_output@@YAEAAPAD@Z 100272e6 f i libucrt:output.obj
 0001:000262fc       ??$read_va_arg@F@__crt_stdio_output@@YAFAAPAD@Z 100272fc f i libucrt:output.obj
 0001:00026313       ??$read_va_arg@G@__crt_stdio_output@@YAGAAPAD@Z 10027313 f i libucrt:output.obj
 0001:0002632a       ??$read_va_arg@H@__crt_stdio_output@@YAHAAPAD@Z 1002732a f i libucrt:output.obj
 0001:00026340       ??$read_va_arg@I@__crt_stdio_output@@YAIAAPAD@Z 10027340 f i libucrt:output.obj
 0001:00026356       ??$read_va_arg@PAD@__crt_stdio_output@@YAPADAAPAD@Z 10027356 f i libucrt:output.obj
 0001:00026474       ??$read_va_arg@PAX@__crt_stdio_output@@YAPAXAAPAD@Z 10027474 f i libucrt:output.obj
 0001:0002648a       ??$read_va_arg@U_CRT_DOUBLE@@@__crt_stdio_output@@YA?AU_CRT_DOUBLE@@AAPAD@Z 1002748a f i libucrt:output.obj
 0001:000264a5       ??$read_va_arg@_J@__crt_stdio_output@@YA_JAAPAD@Z 100274a5 f i libucrt:output.obj
 0001:000264bf       ??$read_va_arg@_K@__crt_stdio_output@@YA_KAAPAD@Z 100274bf f i libucrt:output.obj
 0001:000264d9       ??$read_va_arg@_W@__crt_stdio_output@@YA_WAAPAD@Z 100274d9 f i libucrt:output.obj
 0001:000264f0       ??$scratch_count@D@formatting_buffer@__crt_stdio_output@@QBEIXZ 100274f0 f i libucrt:output.obj
 0001:000264f5       ??$scratch_data@D@formatting_buffer@__crt_stdio_output@@QAEPADXZ 100274f5 f i libucrt:output.obj
 0001:0002651a       ??$tcstol@AAPBDPAPADH@?$__crt_char_traits@D@@SAJAAPBD$$QAPAPAD$$QAH@Z 1002751a f i libucrt:output.obj
 0001:0002653f       ??$tcstol@AAPB_WPAPA_WH@?$__crt_char_traits@_W@@SAJAAPB_W$$QAPAPA_W$$QAH@Z 1002753f f i libucrt:output.obj
 0001:00026564       ??$tcstol@PBDPAPADH@?$__crt_char_traits@D@@SAJ$$QAPBD$$QAPAPAD$$QAH@Z 10027564 f i libucrt:output.obj
 0001:00026589       ??$tcstol@PB_WPAPA_WH@?$__crt_char_traits@_W@@SAJ$$QAPB_W$$QAPAPA_W$$QAH@Z 10027589 f i libucrt:output.obj
 0001:000265ae       ??$type_case_integer_parse_into_buffer@I@?$output_processor@DV?$stream_output_adapter@D@__crt_stdio_output@@V?$format_validation_base@DV?$stream_output_adapter@D@__crt_stdio_output@@@2@@__crt_stdio_output@@AAEXII_N@Z 100275ae f i libucrt:output.obj
 0001:0002663d       ??$type_case_integer_parse_into_buffer@I@?$output_processor@DV?$stream_output_adapter@D@__crt_stdio_output@@V?$positional_parameter_base@DV?$stream_output_adapter@D@__crt_stdio_output@@@2@@__crt_stdio_output@@AAEXII_N@Z 1002763d f i libucrt:output.obj
 0001:000266cc       ??$type_case_integer_parse_into_buffer@I@?$output_processor@DV?$stream_output_adapter@D@__crt_stdio_output@@V?$standard_base@DV?$stream_output_adapter@D@__crt_stdio_output@@@2@@__crt_stdio_output@@AAEXII_N@Z 100276cc f i libucrt:output.obj
 0001:0002675b       ??$type_case_integer_parse_into_buffer@I@?$output_processor@DV?$string_output_adapter@D@__crt_stdio_output@@V?$format_validation_base@DV?$string_output_adapter@D@__crt_stdio_output@@@2@@__crt_stdio_output@@AAEXII_N@Z 1002775b f i libucrt:output.obj
 0001:000267ea       ??$type_case_integer_parse_into_buffer@I@?$output_processor@DV?$string_output_adapter@D@__crt_stdio_output@@V?$positional_parameter_base@DV?$string_output_adapter@D@__crt_stdio_output@@@2@@__crt_stdio_output@@AAEXII_N@Z 100277ea f i libucrt:output.obj
 0001:00026879       ??$type_case_integer_parse_into_buffer@I@?$output_processor@DV?$string_output_adapter@D@__crt_stdio_output@@V?$standard_base@DV?$string_output_adapter@D@__crt_stdio_output@@@2@@__crt_stdio_output@@AAEXII_N@Z 10027879 f i libucrt:output.obj
[...]
 0003:00006b40       _CANAC2_2_sendindex_mb3    10086b40     <common>
 0003:00006e60       _CANAC2_2_sendmaxindex_mb3 10086e60     <common>
 0003:00006e80       _CANAC2_1_receiveindex_mb3 10086e80     <common>
 0003:000071a0       _CANAC2_1_receivemaxindex_mb3 100871a0     <common>
 0003:000071c0       _CANAC2_1_sendindex_mb3    100871c0     <common>
 0003:000074e0       _CANAC2_1_sendmaxindex_mb3 100874e0     <common>
 0003:00007500       _CANAC2_2_receive_mb3      10087500     <common>
 0003:00007820       _CANAC2_2_send_mb3         10087820     <common>
 0003:00007b40       _CANAC2_1_receive_mb3      10087b40     <common>
 0003:00007e60       _CANAC2_1_send_mb3         10087e60     <common>
 0003:00008180       _CANAC2_2_receiveindex_mb2 10088180     <common>
 0003:000084a0       _CANAC2_2_receivemaxindex_mb2 100884a0     <common>
 0003:000084c0       _CANAC2_2_sendindex_mb2    100884c0     <common>
 0003:000087e0       _CANAC2_2_sendmaxindex_mb2 100887e0     <common>
 0003:00008800       _CANAC2_1_receiveindex_mb2 10088800     <common>
 0003:00008b20       _CANAC2_1_receivemaxindex_mb2 10088b20     <common>
 0003:00008b40       _CANAC2_1_sendindex_mb2    10088b40     <common>
 0003:00008e60       _CANAC2_1_sendmaxindex_mb2 10088e60     <common>
 0003:00008e80       _CANAC2_2_receive_mb2      10088e80     <common>
 0003:000091a0       _CANAC2_2_send_mb2         100891a0     <common>
 0003:000094c0       _CANAC2_1_receive_mb2      100894c0     <common>
 0003:000097e0       _CANAC2_1_send_mb2         100897e0     <common>
 0003:00009b00       _CANAC2_2_receiveindex_mb1 10089b00     <common>
 0003:00009e20       _CANAC2_2_receivemaxindex_mb1 10089e20     <common>
 0003:00009e40       _CANAC2_2_sendindex_mb1    10089e40     <common>
 0003:0000a160       _CANAC2_2_sendmaxindex_mb1 1008a160     <common>
 0003:0000a180       _CANAC2_1_receiveindex_mb1 1008a180     <common>
 0003:0000a4a0       _CANAC2_1_receivemaxindex_mb1 1008a4a0     <common>
 0003:0000a4c0       _CANAC2_1_sendindex_mb1    1008a4c0     <common>
 0003:0000a7e0       _CANAC2_1_sendmaxindex_mb1 1008a7e0     <common>
 0003:0000a800       _CANAC2_2_receive_mb1      1008a800     <common>
 0003:0000ab20       _CANAC2_2_send_mb1         1008ab20     <common>
 0003:0000ae40       _CANAC2_1_receive_mb1      1008ae40     <common>
 0003:0000b160       _CANAC2_1_send_mb1         1008b160     <common>
 0003:0000b480       _CANAC2_2_receiveindex     1008b480     <common>
 0003:0000b7a0       _CANAC2_2_receivemaxindex  1008b7a0     <common>
 0003:0000b7c0       _CANAC2_2_sendindex        1008b7c0     <common>
 0003:0000bae0       _CANAC2_2_sendmaxindex     1008bae0     <common>
 0003:0000bb00       _CANAC2_1_receiveindex     1008bb00     <common>
 0003:0000be20       _CANAC2_1_receivemaxindex  1008be20     <common>
 0003:0000be40       _CANAC2_1_sendindex        1008be40     <common>
 0003:0000c160       _CANAC2_1_sendmaxindex     1008c160     <common>
 0003:0000c180       _CANAC2_2_receive          1008c180     <common>
 0003:0000c4a0       _CANAC2_2_send             1008c4a0     <common>
 0003:0000c7c0       _CANAC2_1_receive          1008c7c0     <common>
 0003:0000cae0       _CANAC2_1_send             1008cae0     <common>
 0003:0000ce00       _siepowercan_can_object_buffer_port2 1008ce00     <common>
 0003:00010e20       _siepowercan_can_object_buffer_port1 10090e20     <common>
 0003:00014e20       _rtNaNF                    10094e20     <common>
 0003:00014e34       _rtMinusInfF               10094e34     <common>
 0003:00014e38       _rtInfF                    10094e38     <common>
 0003:00014e40       _rtNaN                     10094e40     <common>
 0003:00014e48       _rtMinusInf                10094e48     <common>
 0003:00014e50       _rtInf                     10094e50     <common>
 0003:00014e58       ?_OptionsStorage@?1??__local_stdio_printf_options@@9@9 10094e58     <common>
 0003:000154c0       _modified_motor_M_         100954c0     <common>
 0003:000161d0       _modified_motor_PrevZCX    100961d0     <common>
 0003:000161e0       _modified_motor_DW         100961e0     <common>
 0003:00016320       _modified_motor_X          10096320     <common>
 0003:00016340       _modified_motor_B          10096340     <common>
 0003:00017428       _CloseClientSocket         10097428     <common>
 0003:00017490       _ConnectClientSocket       10097490     <common>
 0003:00017494       _BindClientSocket          10097494     <common>
 0003:00017498       _CreateClientSocket        10097498     <common>
 0003:0001749c       _CloseServerSocket         1009749c     <common>
 0003:000174a0       _ConnectServerSocket       100974a0     <common>
 0003:000174a4       _OpenServerListen          100974a4     <common>
 0003:000174a8       _CreateServerSocket        100974a8     <common>
 0003:000174ac       _SocketReceive             100974ac     <common>
 0003:000174b0       _SocketSend                100974b0     <common>
 0003:000174b4       _GetSocketState            100974b4     <common>
 0003:000174b8       _GetSocket                 100974b8     <common>
 0003:000174bc       _socket                    100974bc     <common>
 0003:000174c0       _inet_addr                 100974c0     <common>
 0003:000174c4       _sendto                    100974c4     <common>
 0003:000174c8       _recvfrom                  100974c8     <common>
 0003:000174cc       _listen                    100974cc     <common>
 0003:000174d0       _ioctlsocket               100974d0     <common>
 0003:000174d4       _connect                   100974d4     <common>
 0003:000174d8       _closesocket               100974d8     <common>
 0003:000174dc       _setsockopt                100974dc     <common>
 0003:000174e0       _bind                      100974e0     <common>
 0003:000174e4       _accept                    100974e4     <common>
 0003:000174e8       _GetHostTarIPAdd           100974e8     <common>
 0003:000174ec       _GetDCUUsage               100974ec     <common>
 0003:000174f0       _DeleteRoute               100974f0     <common>
 0003:000174f4       _AddGatewayRoute           100974f4     <common>
 0003:000174f8       _SetIP                     100974f8     <common>
 0003:000174fc       _CloseInterface            100974fc     <common>
 0003:00017500       _OpenInterface             10097500     <common>
 0003:00017504       _SetIPTASKPriority         10097504     <common>
 0003:00017508       _isUsedByRTIP              10097508     <common>
 0003:0001750c       _slrtWarning               1009750c     <common>
 0003:00017510       _slrtGetCPUTCelsius        10097510     <common>
 0003:00017514       _geterrorstring            10097514     <common>
 0003:00017518       _getlasterror              10097518     <common>
 0003:0001751c       _slrtLogEvent              1009751c     <common>
 0003:00017520       _slrtGetDefaultDrive       10097520     <common>
 0003:00017524       _slrtfsFread               10097524     <common>
 0003:00017528       _slrtfsGetFileStatus       10097528     <common>
 0003:0001752c       _slrtfsOpenFileAsync       1009752c     <common>
 0003:00017530       _slrtfsCloseFileAsync      10097530     <common>
 0003:00017534       _slrtfsGetFileErrorMessage 10097534     <common>
 0003:00017538       _slrtfsGetFileError        10097538     <common>
 0003:0001753c       _slrtfsWriteToFile         1009753c     <common>
 0003:00017540       _slrtfsCloseFile           10097540     <common>
 0003:00017544       _slrtfsOpenFile            10097544     <common>
 0003:00017548       _slrtGetSgCRBSpace         10097548     <common>
 0003:0001754c       _slrtGetCRBScratchSpace    1009754c     <common>
 0003:00017550       _slrteSetupMSI             10097550     <common>
 0003:00017554       _slTestRegAssessment       10097554     <common>
 0003:00017558       _slTestTerminate           10097558     <common>
 0003:0001755c       _slTestEvalOnFail          1009755c     <common>
 0003:00017560       _slTestLogAssessments      10097560     <common>
 0003:00017564       _slTestInitialize          10097564     <common>
 0003:00017568       _unRegisterPTPTimeRead     10097568     <common>
 0003:0001756c       _registerPTPTimeRead       1009756c     <common>
 0003:00017570       _slrteGetCurrentStepSize   10097570     <common>
 0003:00017574       _slrteSetStepSizeDelta     10097574     <common>
 0003:00017578       _xpceGetIntTimerGranularityNS 10097578     <common>
 0003:0001757c       _xpceDAQUpdateTimeStamp    1009757c     <common>
 0003:00017580       _xpceDAQPostEvent          10097580     <common>
 0003:00017584       _StreamVideo               10097584     <common>
 0003:00017588       _StopVideoDisplay          10097588     <common>
 0003:0001758c       _StartVideoDisplay         1009758c     <common>
 0003:00017590       _DestroyVideoDisplay       10097590     <common>
 0003:00017594       _CreateVideoDisplay        10097594     <common>
 0003:00017598       _ConvertUImage             10097598     <common>
 0003:0001759c       _StopVideo                 1009759c     <common>
 0003:000175a0       _ReadFrameBuffer           100975a0     <common>
 0003:000175a4       _StartVideo                100975a4     <common>
 0003:000175a8       _GetVideoConfigs           100975a8     <common>
 0003:000175ac       _FindUsbVideoDevice        100975ac     <common>
 0003:000175b0       _xpceDeleteSemaphore       100975b0     <common>
 0003:000175b4       _xpceSignalSemaphore       100975b4     <common>
 0003:000175b8       _xpceWaitSemaphore         100975b8     <common>
 0003:000175bc       _xpceCreateSemaphore       100975bc     <common>
 0003:000175c0       _TBGiveSpinFast            100975c0     <common>
 0003:000175c4       _TBTakeSpinFast            100975c4     <common>
 0003:000175c8       _TBDeleteSpin              100975c8     <common>
 0003:000175cc       _TBCreateSpin              100975cc     <common>
 0003:000175d0       _xpceScopeAcqOK            100975d0     <common>
 0003:000175d4       _rl32eRestartAcquisition   100975d4     <common>
 0003:000175d8       _rl32eSetTargetScopeSigFt  100975d8     <common>
 0003:000175dc       _rl32eSetTargetScope       100975dc     <common>
 0003:000175e0       _xpceFSScopeSet            100975e0     <common>
 0003:000175e4       _rl32eSetScope             100975e4     <common>
 0003:000175e8       _rl32eAddSignal            100975e8     <common>
 0003:000175ec       _rl32eGetSignalNo          100975ec     <common>
 0003:000175f0       _rl32eDefScope             100975f0     <common>
 0003:000175f4       _rl32eScopeExists          100975f4     <common>
 0003:000175f8       _xpceGetParamDims          100975f8     <common>
 0003:000175fc       _xpceGetParameter          100975fc     <common>
 0003:00017600       _xpceSetParameter          10097600     <common>
 0003:00017604       _xpceGetSignalValue        10097604     <common>
 0003:00017608       _xpceAssignPCIInterrupt    10097608     <common>
 0003:0001760c       _rl32eGetPCIInfoAtSlot     1009760c     <common>
 0003:00017610       _rl32eGetPCIInfo           10097610     <common>
 0003:00017614       _rl32eShowPCIInfo          10097614     <common>
 0003:00017618       _rl32eShowPCIDev           10097618     <common>
 0003:0001761c       _xpceGetTET                1009761c     <common>
 0003:00017620       _xpceaddEvent              10097620     <common>
 0003:00017624       _xpceDeRegisterISR         10097624     <common>
 0003:00017628       _xpceRegisterISR           10097628     <common>
 0003:0001762c       _xpcIsModelInit            1009762c     <common>
 0003:00017630       _xpcGetElapsedTime         10097630     <common>
 0003:00017634       _xpcBusyWait               10097634     <common>
 0003:00017638       _xpcFreePhysicalMemory     10097638     <common>
 0003:0001763c       _xpcAllocPhysicalMemory    1009763c     <common>
 0003:00017640       _xpcReserveMemoryRegion    10097640     <common>
 0003:00017644       _xpcOutpB                  10097644     <common>
 0003:00017648       _xpcOutpW                  10097648     <common>
 0003:0001764c       _xpcOutpDW                 1009764c     <common>
 0003:00017650       _xpcInpB                   10097650     <common>
 0003:00017654       _xpcInpW                   10097654     <common>
 0003:00017658       _xpcInpDW                  10097658     <common>
 0003:0001765c       ___scrt_ucrt_dll_is_in_use 1009765c     <common>
 0003:00017668       ___dyn_tls_init_callback   10097668     <common>
 0003:00017674       __pmatherr                 10097674     <common>
 0003:00017680       ___use_sse2_mathfcns       10097680     <common>
 0004:00000000       __imp__GetModuleHandleA@4  10098000     kernel32:KERNEL32.dll
 0004:00000004       __imp__GetProcAddress@8    10098004     kernel32:KERNEL32.dll
 0004:00000008       __imp__UnhandledExceptionFilter@4 10098008     kernel32:KERNEL32.dll
 0004:0000000c       __imp__SetUnhandledExceptionFilter@4 1009800c     kernel32:KERNEL32.dll
 0004:00000010       __imp__GetCurrentProcess@0 10098010     kernel32:KERNEL32.dll
 0004:00000014       __imp__TerminateProcess@8  10098014     kernel32:KERNEL32.dll
 0004:00000018       __imp__IsProcessorFeaturePresent@4 10098018     kernel32:KERNEL32.dll
 0004:0000001c       __imp__QueryPerformanceCounter@4 1009801c     kernel32:KERNEL32.dll
 0004:00000020       __imp__GetCurrentProcessId@0 10098020     kernel32:KERNEL32.dll
 0004:00000024       __imp__GetCurrentThreadId@0 10098024     kernel32:KERNEL32.dll
 0004:00000028       __imp__GetSystemTimeAsFileTime@4 10098028     kernel32:KERNEL32.dll
 0004:0000002c       __imp__InitializeSListHead@4 1009802c     kernel32:KERNEL32.dll
 0004:00000030       __imp__IsDebuggerPresent@0 10098030     kernel32:KERNEL32.dll
 0004:00000034       __imp__GetStartupInfoW@4   10098034     kernel32:KERNEL32.dll
 0004:00000038       __imp__GetModuleHandleW@4  10098038     kernel32:KERNEL32.dll
 0004:0000003c       __imp__InterlockedPushEntrySList@8 1009803c     kernel32:KERNEL32.dll
 0004:00000040       __imp__InterlockedFlushSList@4 10098040     kernel32:KERNEL32.dll
 0004:00000044       __imp__RtlUnwind@16        10098044     kernel32:KERNEL32.dll
 0004:00000048       __imp__GetLastError@0      10098048     kernel32:KERNEL32.dll
 0004:0000004c       __imp__SetLastError@4      1009804c     kernel32:KERNEL32.dll
 0004:00000050       __imp__EnterCriticalSection@4 10098050     kernel32:KERNEL32.dll
 0004:00000054       __imp__LeaveCriticalSection@4 10098054     kernel32:KERNEL32.dll
 0004:00000058       __imp__DeleteCriticalSection@4 10098058     kernel32:KERNEL32.dll
 0004:0000005c       __imp__InitializeCriticalSectionAndSpinCount@8 1009805c     kernel32:KERNEL32.dll
 0004:00000060       __imp__TlsAlloc@0          10098060     kernel32:KERNEL32.dll
 0004:00000064       __imp__TlsGetValue@4       10098064     kernel32:KERNEL32.dll
 0004:00000068       __imp__TlsSetValue@8       10098068     kernel32:KERNEL32.dll
 0004:0000006c       __imp__TlsFree@4           1009806c     kernel32:KERNEL32.dll
 0004:00000070       __imp__FreeLibrary@4       10098070     kernel32:KERNEL32.dll
 0004:00000074       __imp__LoadLibraryExW@12   10098074     kernel32:KERNEL32.dll
 0004:00000078       __imp__GetStdHandle@4      10098078     kernel32:KERNEL32.dll
 0004:0000007c       __imp__GetFileType@4       1009807c     kernel32:KERNEL32.dll
 0004:00000080       __imp__GetModuleFileNameW@12 10098080     kernel32:KERNEL32.dll
 0004:00000084       __imp__GetModuleHandleExW@12 10098084     kernel32:KERNEL32.dll
 0004:00000088       __imp__WriteConsoleW@20    10098088     kernel32:KERNEL32.dll
 0004:0000008c       __imp__ExitProcess@4       1009808c     kernel32:KERNEL32.dll
 0004:00000090       __imp__RaiseException@16   10098090     kernel32:KERNEL32.dll
 0004:00000094       __imp__HeapFree@12         10098094     kernel32:KERNEL32.dll
 0004:00000098       __imp__HeapAlloc@12        10098098     kernel32:KERNEL32.dll
 0004:0000009c       __imp__GetDateFormatW@24   1009809c     kernel32:KERNEL32.dll
 0004:000000a0       __imp__GetTimeFormatW@24   100980a0     kernel32:KERNEL32.dll
 0004:000000a4       __imp__CompareStringW@24   100980a4     kernel32:KERNEL32.dll
 0004:000000a8       __imp__LCMapStringW@24     100980a8     kernel32:KERNEL32.dll
 0004:000000ac       __imp__GetLocaleInfoW@16   100980ac     kernel32:KERNEL32.dll
 0004:000000b0       __imp__IsValidLocale@8     100980b0     kernel32:KERNEL32.dll
 0004:000000b4       __imp__GetUserDefaultLCID@0 100980b4     kernel32:KERNEL32.dll
 0004:000000b8       __imp__EnumSystemLocalesW@8 100980b8     kernel32:KERNEL32.dll
 0004:000000bc       __imp__GetCurrentThread@0  100980bc     kernel32:KERNEL32.dll
 0004:000000c0       __imp__WriteFile@20        100980c0     kernel32:KERNEL32.dll
 0004:000000c4       __imp__OutputDebugStringW@4 100980c4     kernel32:KERNEL32.dll
 0004:000000c8       __imp__SetConsoleCtrlHandler@8 100980c8     kernel32:KERNEL32.dll
 0004:000000cc       __imp__HeapReAlloc@16      100980cc     kernel32:KERNEL32.dll
 0004:000000d0       __imp__CloseHandle@4       100980d0     kernel32:KERNEL32.dll
 0004:000000d4       __imp__ReadFile@20         100980d4     kernel32:KERNEL32.dll
 0004:000000d8       __imp__GetConsoleMode@8    100980d8     kernel32:KERNEL32.dll
 0004:000000dc       __imp__ReadConsoleW@20     100980dc     kernel32:KERNEL32.dll
 0004:000000e0       __imp__GetConsoleCP@0      100980e0     kernel32:KERNEL32.dll
 0004:000000e4       __imp__MultiByteToWideChar@24 100980e4     kernel32:KERNEL32.dll
 0004:000000e8       __imp__DeleteFileW@4       100980e8     kernel32:KERNEL32.dll
 0004:000000ec       __imp__SetFilePointerEx@20 100980ec     kernel32:KERNEL32.dll
 0004:000000f0       __imp__FindClose@4         100980f0     kernel32:KERNEL32.dll
 0004:000000f4       __imp__FindFirstFileExW@24 100980f4     kernel32:KERNEL32.dll
 0004:000000f8       __imp__FindNextFileW@8     100980f8     kernel32:KERNEL32.dll
 0004:000000fc       __imp__IsValidCodePage@4   100980fc     kernel32:KERNEL32.dll
 0004:00000100       __imp__GetACP@0            10098100     kernel32:KERNEL32.dll
 0004:00000104       __imp__GetOEMCP@0          10098104     kernel32:KERNEL32.dll
 0004:00000108       __imp__GetCPInfo@8         10098108     kernel32:KERNEL32.dll
 0004:0000010c       __imp__GetCommandLineA@0   1009810c     kernel32:KERNEL32.dll
 0004:00000110       __imp__GetCommandLineW@0   10098110     kernel32:KERNEL32.dll
 0004:00000114       __imp__WideCharToMultiByte@32 10098114     kernel32:KERNEL32.dll
 0004:00000118       __imp__GetEnvironmentStringsW@0 10098118     kernel32:KERNEL32.dll
 0004:0000011c       __imp__FreeEnvironmentStringsW@4 1009811c     kernel32:KERNEL32.dll
 0004:00000120       __imp__SetEnvironmentVariableW@8 10098120     kernel32:KERNEL32.dll
 0004:00000124       __imp__GetProcessHeap@0    10098124     kernel32:KERNEL32.dll
 0004:00000128       __imp__FlushFileBuffers@4  10098128     kernel32:KERNEL32.dll
 0004:0000012c       __imp__SetStdHandle@8      1009812c     kernel32:KERNEL32.dll
 0004:00000130       __imp__GetStringTypeW@16   10098130     kernel32:KERNEL32.dll
 0004:00000134       __imp__CreateFileW@28      10098134     kernel32:KERNEL32.dll
 0004:00000138       __imp__HeapSize@12         10098138     kernel32:KERNEL32.dll
 0004:0000013c       __imp__SetEndOfFile@4      1009813c     kernel32:KERNEL32.dll
 0004:00000140       __imp__EncodePointer@4     10098140     kernel32:KERNEL32.dll
 0004:00000144       __imp__DecodePointer@4     10098144     kernel32:KERNEL32.dll
 0004:00000148       \177KERNEL32_NULL_THUNK_DATA 10098148     kernel32:KERNEL32.dll
 0004:000001b4       __IMPORT_DESCRIPTOR_KERNEL32 100981b4     kernel32:KERNEL32.dll
 0004:000001c8       __NULL_IMPORT_DESCRIPTOR   100981c8     kernel32:KERNEL32.dll
 0006:00000000       ___guard_check_icall_fptr  1009a000     LIBCMT:guard_support.obj
