 modified_motor_sfun

 Timestamp is 5e686cc9 (Wed Mar 11 00:44:57 2020)

 Preferred load address is 0000000180000000

 Start         Length     Name                   Class
 0001:00000000 000136e0H .text$mn                CODE
 0001:000136e0 00000012H .text$mn$00             CODE
 0001:000136f2 00000081H .text$x                 CODE
 0002:00000000 00000528H .idata$5                DATA
 0002:00000528 00000010H .00cfg                  DATA
 0002:00000538 00000008H .CRT$XCA                DATA
 0002:00000540 00000008H .CRT$XCZ                DATA
 0002:00000548 00000008H .CRT$XIA                DATA
 0002:00000550 00000008H .CRT$XIZ                DATA
 0002:00000558 00000008H .CRT$XPA                DATA
 0002:00000560 00000008H .CRT$XPZ                DATA
 0002:00000568 00000008H .CRT$XTA                DATA
 0002:00000570 00000010H .CRT$XTZ                DATA
 0002:00000580 000001c4H .rdata                  DATA
 0002:00000744 0000022cH .rdata$zzzdbg           DATA
 0002:00000970 00000008H .rtc$IAA                DATA
 0002:00000978 00000008H .rtc$IZZ                DATA
 0002:00000980 00000008H .rtc$TAA                DATA
 0002:00000988 00000008H .rtc$TZZ                DATA
 0002:00000990 000009a0H .xdata                  DATA
 0002:00001330 0000005cH .edata                  DATA
 0002:0000138c 000000f0H .idata$2                DATA
 0002:0000147c 00000014H .idata$3                DATA
 0002:00001490 00000528H .idata$4                DATA
 0002:000019b8 00000fa8H .idata$6                DATA
 0003:00000000 00003c30H .data                   DATA
 0003:00003c30 00001630H .bss                    DATA
 0004:00000000 00000b1cH .pdata                  DATA
 0005:00000000 00000018H .gfids$y                DATA

  Address         Publics by Value              Rva+Base               Lib:Object

 0000:00000000       __guard_iat_table          0000000000000000     <absolute>
 0000:00000000       __guard_longjmp_count      0000000000000000     <absolute>
 0000:00000000       __guard_fids_table         0000000000000000     <absolute>
 0000:00000000       __guard_fids_count         0000000000000000     <absolute>
 0000:00000000       ___safe_se_handler_count   0000000000000000     <absolute>
 0000:00000000       __guard_iat_count          0000000000000000     <absolute>
 0000:00000000       __dynamic_value_reloc_table 0000000000000000     <absolute>
 0000:00000000       __guard_longjmp_table      0000000000000000     <absolute>
 0000:00000000       ___safe_se_handler_table   0000000000000000     <absolute>
 0000:00000100       __guard_flags              0000000000000100     <absolute>
 0000:00000000       __ImageBase                0000000180000000     <linker-defined>
 0001:00000000       modified_motor_initializer 0000000180001000 f   modified_motor_sfun.obj
 0001:00000010       modified_motor_terminator  0000000180001010 f   modified_motor_sfun.obj
 0001:00000020       load_modified_motor_optimization_info 0000000180001020 f   modified_motor_sfun.obj
 0001:000000d0       unload_modified_motor_optimization_info 00000001800010d0 f   modified_motor_sfun.obj
 0001:00000100       sf_modified_motor_method_dispatcher 0000000180001100 f   modified_motor_sfun.obj
 0001:00000150       sf_modified_motor_process_testpoint_info_call 0000000180001150 f   modified_motor_sfun.obj
 0001:00000310       sf_modified_motor_process_check_sum_call 0000000180001310 f   modified_motor_sfun.obj
 0001:00000800       sf_modified_motor_autoinheritance_info 0000000180001800 f   modified_motor_sfun.obj
 0001:000009e0       sf_modified_motor_get_eml_resolved_functions_info 00000001800019e0 f   modified_motor_sfun.obj
 0001:00000b60       sf_modified_motor_third_party_uses_info 0000000180001b60 f   modified_motor_sfun.obj
 0001:00000d30       sf_modified_motor_jit_fallback_info 0000000180001d30 f   modified_motor_sfun.obj
 0001:00000f00       sf_modified_motor_updateBuildInfo_args_info 0000000180001f00 f   modified_motor_sfun.obj
 0001:000010d0       modified_motor_debug_initialize 00000001800020d0 f   modified_motor_sfun.obj
 0001:00001150       modified_motor_register_exported_symbols 0000000180002150 f   modified_motor_sfun.obj
 0001:00001160       sf_c1_modified_motor_get_eml_resolved_functions_info 0000000180002160 f   c1_modified_motor.obj
 0001:000011f0       sf_c1_modified_motor_get_check_sum 00000001800021f0 f   c1_modified_motor.obj
 0001:000012c0       c1_modified_motor_method_dispatcher 00000001800022c0 f   c1_modified_motor.obj
 0001:00007470       sf_c1_modified_motor_get_post_codegen_info 0000000180008470 f   c1_modified_motor.obj
 0001:00007540       sf_c1_modified_motor_get_autoinheritance_info 0000000180008540 f   c1_modified_motor.obj
 0001:00007db0       sf_c1_modified_motor_third_party_uses_info 0000000180008db0 f   c1_modified_motor.obj
 0001:00007de0       sf_c1_modified_motor_jit_fallback_info 0000000180008de0 f   c1_modified_motor.obj
 0001:00007f70       sf_c1_modified_motor_updateBuildInfo_args_info 0000000180008f70 f   c1_modified_motor.obj
 0001:00008c90       mexFunction                0000000180009c90 f   modified_motor_sfun_registry.obj
 0001:0000b250       _ssSetInputPortDirectFeedThroughFcn 000000018000c250 f   modified_motor_sfun_registry.obj
 0001:0000b3c0       _ssGetInputPortSignalPtrsFcn 000000018000c3c0 f   modified_motor_sfun_registry.obj
 0001:0000b750       _ssGetInputPortSignalFcn   000000018000c750 f   modified_motor_sfun_registry.obj
 0001:0000bae0       _ssSetInputPortReusableFcn 000000018000cae0 f   modified_motor_sfun_registry.obj
 0001:0000bbe0       _ssSetOutputPortReusableFcn 000000018000cbe0 f   modified_motor_sfun_registry.obj
 0001:0000bce0       _ssSetSymbolicDimsSupport  000000018000cce0 f   modified_motor_sfun_registry.obj
 0001:0000bd50       _ssRegisterSymbolicDimsExpr 000000018000cd50 f   modified_motor_sfun_registry.obj
 0001:0000bdd0       _ssRegisterSymbolicDims    000000018000cdd0 f   modified_motor_sfun_registry.obj
 0001:0000be70       _ssRegisterSymbolicDimsString 000000018000ce70 f   modified_motor_sfun_registry.obj
 0001:0000bef0       _ssRegisterSymbolicDimsIntValue 000000018000cef0 f   modified_motor_sfun_registry.obj
 0001:0000bf60       _ssRegisterSymbolicDimsPlus 000000018000cf60 f   modified_motor_sfun_registry.obj
 0001:0000bfe0       _ssRegisterSymbolicDimsMinus 000000018000cfe0 f   modified_motor_sfun_registry.obj
 0001:0000c060       _ssRegisterSymbolicDimsMultiply 000000018000d060 f   modified_motor_sfun_registry.obj
 0001:0000c0e0       _ssRegisterSymbolicDimsDivide 000000018000d0e0 f   modified_motor_sfun_registry.obj
 0001:0000c160       _ssGetNumSymbolicDims      000000018000d160 f   modified_motor_sfun_registry.obj
 0001:0000c1d0       _ssGetSymbolicDim          000000018000d1d0 f   modified_motor_sfun_registry.obj
 0001:0000c250       _ssSetInputPortSymbolicDimsId 000000018000d250 f   modified_motor_sfun_registry.obj
 0001:0000c2c0       _ssGetCompInputPortSymbolicDimsId 000000018000d2c0 f   modified_motor_sfun_registry.obj
 0001:0000c330       _ssSetCompInputPortSymbolicDimsId 000000018000d330 f   modified_motor_sfun_registry.obj
 0001:0000c3a0       _ssSetOutputPortSymbolicDimsId 000000018000d3a0 f   modified_motor_sfun_registry.obj
 0001:0000c410       _ssGetCompOutputPortSymbolicDimsId 000000018000d410 f   modified_motor_sfun_registry.obj
 0001:0000c480       _ssSetCompOutputPortSymbolicDimsId 000000018000d480 f   modified_motor_sfun_registry.obj
 0001:0000c4f0       _ssSetCompDWorkSymbolicDimsId 000000018000d4f0 f   modified_motor_sfun_registry.obj
 0001:0000c560       ssGetIsZeroCrossControlDisabled 000000018000d560 f   modified_motor_sfun_registry.obj
 0001:0000c5d0       ssSetIsInputPortUsedForContZcSignal 000000018000d5d0 f   modified_motor_sfun_registry.obj
 0001:0000c640       ssSetZcSignalIsZcElementDisc 000000018000d640 f   modified_motor_sfun_registry.obj
 0001:0000c6f0       ssSetZcSignalName          000000018000d6f0 f   modified_motor_sfun_registry.obj
 0001:0000c760       ssSetZcSignalWidth         000000018000d760 f   modified_motor_sfun_registry.obj
 0001:0000c7d0       ssSetZcSignalZcEventType   000000018000d7d0 f   modified_motor_sfun_registry.obj
 0001:0000c840       ssSetZcSignalType          000000018000d840 f   modified_motor_sfun_registry.obj
 0001:0000c8b0       ssSetZcSignalZcTol         000000018000d8b0 f   modified_motor_sfun_registry.obj
 0001:0000c920       ssSetZcSignalNeedsEventNotification 000000018000d920 f   modified_motor_sfun_registry.obj
 0001:0000c990       ssCreateAndAddZcSignalInfo 000000018000d990 f   modified_motor_sfun_registry.obj
 0001:0000ca00       ssCloneAndAddZcSignalInfo  000000018000da00 f   modified_motor_sfun_registry.obj
 0001:0000ca70       ssGetNumZcSignals          000000018000da70 f   modified_motor_sfun_registry.obj
 0001:0000cae0       ssGetZcSignalVector        000000018000dae0 f   modified_motor_sfun_registry.obj
 0001:0000cb50       ssGetZcSignalName          000000018000db50 f   modified_motor_sfun_registry.obj
 0001:0000cbc0       ssGetZcSignalWidth         000000018000dbc0 f   modified_motor_sfun_registry.obj
 0001:0000cc30       ssGetZcSignalZcEventType   000000018000dc30 f   modified_motor_sfun_registry.obj
 0001:0000cca0       ssGetZcSignalZcEvents      000000018000dca0 f   modified_motor_sfun_registry.obj
 0001:0000cd10       ssGetZcSignalType          000000018000dd10 f   modified_motor_sfun_registry.obj
 0001:0000cd80       ssGetZcSignalZcTol         000000018000dd80 f   modified_motor_sfun_registry.obj
 0001:0000ce00       ssGetZcSignalNeedsEventNotification 000000018000de00 f   modified_motor_sfun_registry.obj
 0001:0000ce70       ssGetZcSignalIsZcElementDisc 000000018000de70 f   modified_motor_sfun_registry.obj
 0001:0000cf10       ssGetIsInputPortElementContinuous 000000018000df10 f   modified_motor_sfun_registry.obj
 0001:0000cfb0       _ssSetIWorkValueFcn        000000018000dfb0 f   modified_motor_sfun_registry.obj
 0001:0000d030       _ssGetIWorkValueFcn        000000018000e030 f   modified_motor_sfun_registry.obj
 0001:0000d0a0       _ssSetRWorkValueFcn        000000018000e0a0 f   modified_motor_sfun_registry.obj
 0001:0000d120       _ssGetRWorkValueFcn        000000018000e120 f   modified_motor_sfun_registry.obj
 0001:0000d190       _ssSetPWorkValueFcn        000000018000e190 f   modified_motor_sfun_registry.obj
 0001:0000d210       _ssGetPWorkValueFcn        000000018000e210 f   modified_motor_sfun_registry.obj
 0001:0000d280       ssGetDTypeIdFromMxArray    000000018000e280 f   modified_motor_sfun_registry.obj
 0001:0000d3a0       ssWriteRTWStr              000000018000e3a0 f   modified_motor_sfun_registry.obj
 0001:0000d400       ssWriteRTWNameValuePair    000000018000e400 f   modified_motor_sfun_registry.obj
 0001:0000d900       ssWriteRTWParamSettings    000000018000e900 f   modified_motor_sfun_registry.obj
 0001:0000dff0       ssWriteRTWParameters       000000018000eff0 f   modified_motor_sfun_registry.obj
 0001:0000e5b0       ssWriteRTWWorkVect         000000018000f5b0 f   modified_motor_sfun_registry.obj
 0001:0000eb10       ssWriteRTWMxVectParam      000000018000fb10 f   modified_motor_sfun_registry.obj
 0001:0000eb90       ssWriteRTWMx2dMatParam     000000018000fb90 f   modified_motor_sfun_registry.obj
 0001:0000ec20       _ssSetInputPortMatrixDimensions 000000018000fc20 f   modified_motor_sfun_registry.obj
 0001:0000ed40       _ssSetOutputPortMatrixDimensions 000000018000fd40 f   modified_motor_sfun_registry.obj
 0001:0000ee60       _ssSetInputPortVectorDimension 000000018000fe60 f   modified_motor_sfun_registry.obj
 0001:0000ef10       _ssSetOutputPortVectorDimension 000000018000ff10 f   modified_motor_sfun_registry.obj
 0001:0000efc0       ssIsRunTimeParamTunable    000000018000ffc0 f   modified_motor_sfun_registry.obj
 0001:0000f030       ssGetSFuncBlockHandle      0000000180010030 f   modified_motor_sfun_registry.obj
 0001:0000f0a0       _ssGetCurrentInputPortWidth 00000001800100a0 f   modified_motor_sfun_registry.obj
 0001:0000f1c0       _ssGetCurrentOutputPortWidth 00000001800101c0 f   modified_motor_sfun_registry.obj
 0001:0000f2e0       _ssGetCallSystemNumFcnCallDestinations 00000001800102e0 f   modified_motor_sfun_registry.obj
 0001:0000f350       ssGetParameterTuningCompliance 0000000180010350 f   modified_motor_sfun_registry.obj
 0001:0000f3c0       ssWarning                  00000001800103c0 f   modified_motor_sfun_registry.obj
 0001:0000f4b0       _ssGetAbsTol               00000001800104b0 f   modified_motor_sfun_registry.obj
 0001:0000f520       _ssSetStateAbsTol          0000000180010520 f   modified_motor_sfun_registry.obj
 0001:0000f600       sf_process_check_sum_call  0000000180010600 f   modified_motor_sfun_registry.obj
 0001:0000f650       sf_process_testpoint_info_call 0000000180010650 f   modified_motor_sfun_registry.obj
 0001:0000f6a0       sf_process_autoinheritance_call 00000001800106a0 f   modified_motor_sfun_registry.obj
 0001:0000f8d0       sf_process_get_third_party_uses_info_call 00000001800108d0 f   modified_motor_sfun_registry.obj
 0001:0000fb00       sf_process_get_jit_fallback_info_call 0000000180010b00 f   modified_motor_sfun_registry.obj
 0001:0000fd30       sf_process_get_updateBuildInfo_args_info_call 0000000180010d30 f   modified_motor_sfun_registry.obj
 0001:0000ff60       sf_process_get_eml_resolved_functions_info_call 0000000180010f60 f   modified_motor_sfun_registry.obj
 0001:00010160       sf_mex_unlock_call         0000000180011160 f   modified_motor_sfun_registry.obj
 0001:00010420       sf_machine_global_initializer_called 0000000180011420 f   modified_motor_sfun_registry.obj
 0001:00010450       sf_machine_global_method_dispatcher 0000000180011450 f   modified_motor_sfun_registry.obj
 0001:000104b0       sf_machine_global_terminator 00000001800114b0 f   modified_motor_sfun_registry.obj
 0001:00010500       sf_register_machine_exported_symbols 0000000180011500 f   modified_motor_sfun_registry.obj
 0001:00010520       callCustomFcn              0000000180011520 f   modified_motor_sfun_registry.obj
 0001:00010530       sf_machine_global_initializer 0000000180011530 f   modified_motor_sfun_registry.obj
 0001:000105b0       mdlGetSimState             00000001800115b0 f   modified_motor_sfun_registry.obj
 0001:000105f0       mdlSetSimState             00000001800115f0 f   modified_motor_sfun_registry.obj
 0001:00010e60       ProcessMexSfunctionEveryCall 0000000180011e60 f   modified_motor_sfun_registry.obj
 0001:00011ec0       __local_stdio_printf_options 0000000180012ec0 f i modified_motor_sfun_registry.obj
 0001:00011ed0       _vsnprintf_l               0000000180012ed0 f i modified_motor_sfun_registry.obj
 0001:00011f50       _vsprintf_l                0000000180012f50 f i modified_motor_sfun_registry.obj
 0001:00011fa0       sprintf                    0000000180012fa0 f i modified_motor_sfun_registry.obj
 0001:00011ff0       sf_load_rtw_optimization_info 0000000180012ff0 f   sf_runtime:sf_runtime.dll
 0001:00011ff6       sf_debug_initialize_machine 0000000180012ff6 f   sf_runtime:sf_runtime.dll
 0001:00011ffc       sf_debug_set_machine_event_thresholds 0000000180012ffc f   sf_runtime:sf_runtime.dll
 0001:00012002       sf_debug_set_machine_data_thresholds 0000000180013002 f   sf_runtime:sf_runtime.dll
 0001:00012008       sf_init_ChartRunTimeInfo   0000000180013008 f   sf_runtime:sf_runtime.dll
 0001:0001200e       sf_free_ChartRunTimeInfo   000000018001300e f   sf_runtime:sf_runtime.dll
 0001:00012014       sfrtGetEmlrtCtx            0000000180013014 f   sf_runtime:sf_runtime.dll
 0001:0001201a       sf_get_chart_instance_ptr  000000018001301a f   sf_runtime:sf_runtime.dll
 0001:00012020       sf_rtw_info_uint_prop      0000000180013020 f   sf_runtime:sf_runtime.dll
 0001:00012026       sf_update_buildInfo        0000000180013026 f   sf_runtime:sf_runtime.dll
 0001:0001202c       sf_is_chart_inlinable      000000018001302c f   sf_runtime:sf_runtime.dll
 0001:00012032       sf_mark_chart_reusable_outputs 0000000180013032 f   sf_runtime:sf_runtime.dll
 0001:00012038       sf_mark_chart_expressionable_inputs 0000000180013038 f   sf_runtime:sf_runtime.dll
 0001:0001203e       sim_mode_is_rtw_gen        000000018001303e f   sf_runtime:sf_runtime.dll
 0001:00012044       sim_mode_is_external       0000000180013044 f   sf_runtime:sf_runtime.dll
 0001:0001204a       sim_mode_is_modelref_sim   000000018001304a f   sf_runtime:sf_runtime.dll
 0001:00012050       sf_mex_listen_for_ctrl_c_with_debugger 0000000180013050 f   sf_runtime:sf_runtime.dll
 0001:00012056       sf_clear_rtw_identifier    0000000180013056 f   sf_runtime:sf_runtime.dll
 0001:0001205c       sf_set_rtw_dwork_info      000000018001305c f   sf_runtime:sf_runtime.dll
 0001:00012062       sf_get_time                0000000180013062 f   sf_runtime:sf_runtime.dll
 0001:00012068       sf_is_first_init_cond      0000000180013068 f   sf_runtime:sf_runtime.dll
 0001:0001206e       sf_set_chart_accesses_machine_info 000000018001306e f   sf_runtime:sf_runtime.dll
 0001:00012074       sf_register_codegen_names_for_scoped_functions_defined_by_chart 0000000180013074 f   sf_runtime:sf_runtime.dll
 0001:0001207a       sf_mex_call_debug          000000018001307a f   sf_runtime:sf_runtime.dll
 0001:00012080       sf_mex_error_message       0000000180013080 f   sf_runtime:sf_runtime.dll
 0001:00012086       sf_mex_create              0000000180013086 f   sf_runtime:sf_runtime.dll
 0001:0001208c       sf_mex_createcellmatrix    000000018001308c f   sf_runtime:sf_runtime.dll
 0001:00012092       sf_mex_setcell             0000000180013092 f   sf_runtime:sf_runtime.dll
 0001:00012098       sf_mex_getcell             0000000180013098 f   sf_runtime:sf_runtime.dll
 0001:0001209e       sf_mex_assign              000000018001309e f   sf_runtime:sf_runtime.dll
 0001:000120a4       sf_mex_dup                 00000001800130a4 f   sf_runtime:sf_runtime.dll
 0001:000120aa       sf_mex_destroy             00000001800130aa f   sf_runtime:sf_runtime.dll
 0001:000120b0       sf_mex_import              00000001800130b0 f   sf_runtime:sf_runtime.dll
 0001:000120b6       sf_mex_import_vs           00000001800130b6 f   sf_runtime:sf_runtime.dll
 0001:000120bc       sf_mex_decode_encoded_mx_struct_array 00000001800130bc f   sf_runtime:sf_runtime.dll
 0001:000120c2       sf_mex_get_dimension       00000001800130c2 f   sf_runtime:sf_runtime.dll
 0001:000120c8       ssGetInputPortSignal_wrapper 00000001800130c8 f   sf_runtime:sf_runtime.dll
 0001:000120ce       ssGetOutputPortSignal_wrapper 00000001800130ce f   sf_runtime:sf_runtime.dll
 0001:000120d4       sf_eml_array_bounds_check  00000001800130d4 f   sf_runtime:sf_runtime.dll
 0001:000120da       sf_debug_initialize_chart  00000001800130da f   sf_runtime:sf_runtime.dll
 0001:000120e0       sf_debug_call              00000001800130e0 f   sf_runtime:sf_runtime.dll
 0001:000120e6       eml_debug_line_call        00000001800130e6 f   sf_runtime:sf_runtime.dll
 0001:000120ec       cv_eml_eval                00000001800130ec f   sf_runtime:sf_runtime.dll
 0001:000120f2       cv_eval_relational         00000001800130f2 f   sf_runtime:sf_runtime.dll
 0001:000120f8       cv_eml_init_script         00000001800130f8 f   sf_runtime:sf_runtime.dll
 0001:000120fe       cv_eml_init_fcn            00000001800130fe f   sf_runtime:sf_runtime.dll
 0001:00012104       cv_eml_init_if             0000000180013104 f   sf_runtime:sf_runtime.dll
 0001:0001210a       cv_eml_init_relational     000000018001310a f   sf_runtime:sf_runtime.dll
 0001:00012110       cv_script_eval             0000000180013110 f   sf_runtime:sf_runtime.dll
 0001:00012116       cv_script_init_script      0000000180013116 f   sf_runtime:sf_runtime.dll
 0001:0001211c       cv_script_init_fcn         000000018001311c f   sf_runtime:sf_runtime.dll
 0001:00012122       sf_debug_reset_current_state_configuration 0000000180013122 f   sf_runtime:sf_runtime.dll
 0001:00012128       sf_debug_check_for_state_inconsistency 0000000180013128 f   sf_runtime:sf_runtime.dll
 0001:0001212e       sf_debug_set_chart_data_props 000000018001312e f   sf_runtime:sf_runtime.dll
 0001:00012134       sf_debug_set_chart_data_compiled_props 0000000180013134 f   sf_runtime:sf_runtime.dll
 0001:0001213a       sf_debug_symbol_scope_push 000000018001313a f   sf_runtime:sf_runtime.dll
 0001:00012140       sf_debug_symbol_scope_push_eml 0000000180013140 f   sf_runtime:sf_runtime.dll
 0001:00012146       sf_debug_symbol_scope_pop  0000000180013146 f   sf_runtime:sf_runtime.dll
 0001:0001214c       sf_debug_symbol_scope_add_eml 000000018001314c f   sf_runtime:sf_runtime.dll
 0001:00012152       sf_debug_symbol_scope_add_eml_importable 0000000180013152 f   sf_runtime:sf_runtime.dll
 0001:00012158       sf_debug_symbol_scope_add_eml_dyn_emx_importable 0000000180013158 f   sf_runtime:sf_runtime.dll
 0001:0001215e       sf_debug_set_instance_data_value_ptr 000000018001315e f   sf_runtime:sf_runtime.dll
 0001:00012164       sf_debug_set_chart_disable_implicit_casting 0000000180013164 f   sf_runtime:sf_runtime.dll
 0001:0001216a       sf_debug_set_chart_event_thresholds 000000018001316a f   sf_runtime:sf_runtime.dll
 0001:00012170       sf_debug_set_chart_state_info 0000000180013170 f   sf_runtime:sf_runtime.dll
 0001:00012176       sf_debug_set_chart_decomposition 0000000180013176 f   sf_runtime:sf_runtime.dll
 0001:0001217c       sf_debug_set_chart_substate_count 000000018001317c f   sf_runtime:sf_runtime.dll
 0001:00012182       sf_debug_sub_assign_size_check_nd 0000000180013182 f   sf_runtime:sf_runtime.dll
 0001:00012188       sf_debug_data_range_wrapper 0000000180013188 f   sf_runtime:sf_runtime.dll
 0001:0001218e       sf_debug_cv_init_trans     000000018001318e f   sf_runtime:sf_runtime.dll
 0001:00012194       sf_debug_cv_init_chart     0000000180013194 f   sf_runtime:sf_runtime.dll
 0001:0001219a       sf_debug_cv_init_state     000000018001319a f   sf_runtime:sf_runtime.dll
 0001:000121a0       sf_debug_get_script_id     00000001800131a0 f   sf_runtime:sf_runtime.dll
 0001:000121a6       sf_debug_set_script_translation 00000001800131a6 f   sf_runtime:sf_runtime.dll
 0001:000121ac       sf_get_ChartInfoStruct_CodeGen 00000001800131ac f   sf_runtime:sf_runtime.dll
 0001:000121b2       sf_get_hasSeparateUpdateOutputs 00000001800131b2 f   sf_runtime:sf_runtime.dll
 0001:000121b8       callMdlMethodAndReportError 00000001800131b8 f   sf_runtime:sf_runtime.dll
 0001:000121be       call_sf_machine_global_method_dispatcher 00000001800131be f   sf_runtime:sf_runtime.dll
 0001:000121c4       getRuntimeInstanceInfoAsVoid 00000001800131c4 f   sf_runtime:sf_runtime.dll
 0001:000121ca       sf_mex_error_direct_call   00000001800131ca f   sf_runtime:sf_runtime.dll
 0001:000121d0       sf_clear_error_manager_info 00000001800131d0 f   sf_runtime:sf_runtime.dll
 0001:000121d6       sf_debug_create_debug_instance_struct 00000001800131d6 f   sf_runtime:sf_runtime.dll
 0001:000121dc       sf_debug_terminate         00000001800131dc f   sf_runtime:sf_runtime.dll
 0001:000121e2       sf_debug_api               00000001800131e2 f   sf_runtime:sf_runtime.dll
 0001:000121e8       mxIsChar                   00000001800131e8 f   libmx:libmx.dll
 0001:000121ee       mxGetPr                    00000001800131ee f   libmx:libmx.dll
 0001:000121f4       mxGetScalar                00000001800131f4 f   libmx:libmx.dll
 0001:000121fa       mxDestroyArray             00000001800131fa f   libmx:libmx.dll
 0001:00012200       mxCreateDoubleMatrix_730   0000000180013200 f   libmx:libmx.dll
 0001:00012206       mxGetString_730            0000000180013206 f   libmx:libmx.dll
 0001:0001220c       mxDuplicateArray           000000018001320c f   libmx:libmx.dll
 0001:00012212       mxSetField_730             0000000180013212 f   libmx:libmx.dll
 0001:00012218       mxCreateDoubleScalar       0000000180013218 f   libmx:libmx.dll
 0001:0001221e       mxCreateString             000000018001321e f   libmx:libmx.dll
 0001:00012224       mxCreateCellMatrix_730     0000000180013224 f   libmx:libmx.dll
 0001:0001222a       mxCreateCellArray_730      000000018001322a f   libmx:libmx.dll
 0001:00012230       mxCreateStructMatrix_730   0000000180013230 f   libmx:libmx.dll
 0001:00012236       mxCreateStructArray_730    0000000180013236 f   libmx:libmx.dll
 0001:0001223c       mxCalloc                   000000018001323c f   libmx:libmx.dll
 0001:00012242       mxGetM                     0000000180013242 f   libmx:libmx.dll
 0001:00012248       mxGetClassID               0000000180013248 f   libmx:libmx.dll
 0001:0001224e       mxIsNumeric                000000018001324e f   libmx:libmx.dll
 0001:00012254       mxIsComplex                0000000180013254 f   libmx:libmx.dll
 0001:0001225a       mxGetN                     000000018001325a f   libmx:libmx.dll
 0001:00012260       mexMakeArrayPersistent     0000000180013260 f   libmex:libmex.dll
 0001:00012266       mexErrMsgTxt               0000000180013266 f   libmex:libmex.dll
 0001:0001226c       mexWarnMsgTxt              000000018001326c f   libmex:libmex.dll
 0001:00012272       mexCallMATLABWithObject    0000000180013272 f   libmex:libmex.dll
 0001:00012278       mexLock                    0000000180013278 f   libmex:libmex.dll
 0001:0001227e       mexUnlock                  000000018001327e f   libmex:libmex.dll
 0001:00012284       mexIsLocked                0000000180013284 f   libmex:libmex.dll
 0001:0001228a       utMalloc                   000000018001328a f   libut:libut.dll
 0001:00012290       utFree                     0000000180013290 f   libut:libut.dll
 0001:00012296       muDoubleScalarAtan         0000000180013296 f   libmwmathutil:libmwmathutil.dll
 0001:0001229c       emlrtNameCaptureMxArrayR2016a 000000018001329c f   libemlrt:libemlrt.dll
 0001:000122a4       __raise_securityfailure    00000001800132a4 f   MSVCRT:gs_report.obj
 0001:000122d8       __report_gsfailure         00000001800132d8 f   MSVCRT:gs_report.obj
 0001:000123ac       __report_rangecheckfailure 00000001800133ac f   MSVCRT:gs_report.obj
 0001:000123c0       __report_securityfailure   00000001800133c0 f   MSVCRT:gs_report.obj
 0001:0001245c       __report_securityfailureEx 000000018001345c f   MSVCRT:gs_report.obj
 0001:00012650       __GSHandlerCheck           0000000180013650 f   MSVCRT:_gshandler_.obj
 0001:00012670       __GSHandlerCheckCommon     0000000180013670 f   MSVCRT:_gshandler_.obj
 0001:000126e0       __security_check_cookie    00000001800136e0 f   MSVCRT:_amdsecgs_.obj
 0001:00012720       _alloca_probe              0000000180013720 f   MSVCRT:_chkstk_.obj
 0001:00012720       __chkstk                   0000000180013720 f   MSVCRT:_chkstk_.obj
 0001:00012ac0       _CRT_INIT                  0000000180013ac0 f   MSVCRT:dll_dllmain.obj
 0001:00012ac8       _DllMainCRTStartup         0000000180013ac8 f   MSVCRT:dll_dllmain.obj
 0001:00012b08       ??$__crt_fast_decode_pointer@PEAP6AXXZ@@YAPEAP6AXXZQEAP6AXXZ@Z 0000000180013b08 f i MSVCRT:utility.obj
 0001:00012b20       ??$__crt_fast_encode_pointer@PEAP6AXXZ@@YAPEAP6AXXZQEAP6AXXZ@Z 0000000180013b20 f i MSVCRT:utility.obj
 0001:00012b40       ?__crt_rotate_pointer_value@@YA_K_KH@Z 0000000180013b40 f i MSVCRT:utility.obj
 0001:00012b4c       ?configure_argv@__scrt_narrow_argv_policy@@SAHXZ 0000000180013b4c f i MSVCRT:utility.obj
 0001:00012bdc       NtCurrentTeb               0000000180013bdc f i MSVCRT:utility.obj
 0001:00012be8       __scrt_acquire_startup_lock 0000000180013be8 f   MSVCRT:utility.obj
 0001:00012c24       __scrt_dllmain_after_initialize_c 0000000180013c24 f   MSVCRT:utility.obj
 0001:00012c58       __scrt_dllmain_before_initialize_c 0000000180013c58 f   MSVCRT:utility.obj
 0001:00012c70       __scrt_dllmain_crt_thread_attach 0000000180013c70 f   MSVCRT:utility.obj
 0001:00012c98       __scrt_dllmain_crt_thread_detach 0000000180013c98 f   MSVCRT:utility.obj
 0001:00012cb0       __scrt_dllmain_exception_filter 0000000180013cb0 f   MSVCRT:utility.obj
 0001:00012d14       __scrt_dllmain_uninitialize_c 0000000180013d14 f   MSVCRT:utility.obj
 0001:00012d44       __scrt_dllmain_uninitialize_critical 0000000180013d44 f   MSVCRT:utility.obj
 0001:00012d58       __scrt_initialize_crt      0000000180013d58 f   MSVCRT:utility.obj
 0001:00012da4       __scrt_initialize_onexit_tables 0000000180013da4 f   MSVCRT:utility.obj
 0001:00012e70       __scrt_is_nonwritable_in_current_image 0000000180013e70 f   MSVCRT:utility.obj
 0001:00012f0c       __scrt_release_startup_lock 0000000180013f0c f   MSVCRT:utility.obj
 0001:00012f30       __scrt_uninitialize_crt    0000000180013f30 f   MSVCRT:utility.obj
 0001:00012f5c       _onexit                    0000000180013f5c f   MSVCRT:utility.obj
 0001:00012fac       at_quick_exit              0000000180013fac f   MSVCRT:utility.obj
 0001:00012fe4       atexit                     0000000180013fe4 f   MSVCRT:utility.obj
 0001:00012ffc       __security_init_cookie     0000000180013ffc f   MSVCRT:gs_support.obj
 0001:000130a8       DllMain                    00000001800140a8 f   MSVCRT:dll_dllmain_stub.obj
 0001:000130cc       ?__scrt_initialize_type_info@@YAXXZ 00000001800140cc f   MSVCRT:tncleanup.obj
 0001:000130dc       ?__scrt_uninitialize_type_info@@YAXXZ 00000001800140dc f   MSVCRT:tncleanup.obj
 0001:000130e8       __local_stdio_scanf_options 00000001800140e8 f i MSVCRT:default_local_stdio_options.obj
 0001:000130f0       __scrt_initialize_default_local_stdio_options 00000001800140f0 f   MSVCRT:default_local_stdio_options.obj
 0001:0001310c       __scrt_get_dyn_tls_init_callback 000000018001410c f   MSVCRT:dyn_tls_init.obj
 0001:00013114       __crt_debugger_hook        0000000180014114 f   MSVCRT:utility_desktop.obj
 0001:0001311c       __scrt_fastfail            000000018001411c f   MSVCRT:utility_desktop.obj
 0001:00013264       __scrt_get_show_window_mode 0000000180014264 f   MSVCRT:utility_desktop.obj
 0001:000132a0       __scrt_initialize_winrt    00000001800142a0 f   MSVCRT:utility_desktop.obj
 0001:000132a4       __scrt_is_managed_app      00000001800142a4 f   MSVCRT:utility_desktop.obj
 0001:000132f8       __scrt_set_unhandled_exception_filter 00000001800142f8 f   MSVCRT:utility_desktop.obj
 0001:00013308       __scrt_unhandled_exception_filter 0000000180014308 f   MSVCRT:utility_desktop.obj
 0001:00013340       _RTC_Initialize            0000000180014340 f   MSVCRT:_initsect_.obj
 0001:0001338c       _RTC_Terminate             000000018001438c f   MSVCRT:_initsect_.obj
 0001:000133d8       _guard_check_icall         00000001800143d8 f i MSVCRT:checkcfg.obj
 0001:000133e0       __isa_available_init       00000001800143e0 f   MSVCRT:_cpu_disp_.obj
 0001:000135a8       _get_startup_argv_mode     00000001800145a8 f   MSVCRT:argv_mode.obj
 0001:000135b0       __scrt_is_ucrt_dll_in_use  00000001800145b0 f   MSVCRT:ucrt_detection.obj
 0001:000135bc       _guard_check_icall_nop     00000001800145bc f i MSVCRT:guard_support.obj
 0001:000135c0       _guard_icall_checks_enforced 00000001800145c0 f i MSVCRT:guard_support.obj
 0001:000135e0       RtlCaptureContext          00000001800145e0 f   kernel32:KERNEL32.dll
 0001:000135e6       RtlLookupFunctionEntry     00000001800145e6 f   kernel32:KERNEL32.dll
 0001:000135ec       RtlVirtualUnwind           00000001800145ec f   kernel32:KERNEL32.dll
 0001:000135f2       UnhandledExceptionFilter   00000001800145f2 f   kernel32:KERNEL32.dll
 0001:000135f8       SetUnhandledExceptionFilter 00000001800145f8 f   kernel32:KERNEL32.dll
 0001:000135fe       GetCurrentProcess          00000001800145fe f   kernel32:KERNEL32.dll
 0001:00013604       TerminateProcess           0000000180014604 f   kernel32:KERNEL32.dll
 0001:0001360a       IsProcessorFeaturePresent  000000018001460a f   kernel32:KERNEL32.dll
 0001:00013610       QueryPerformanceCounter    0000000180014610 f   kernel32:KERNEL32.dll
 0001:00013616       GetCurrentProcessId        0000000180014616 f   kernel32:KERNEL32.dll
 0001:0001361c       GetCurrentThreadId         000000018001461c f   kernel32:KERNEL32.dll
 0001:00013622       GetSystemTimeAsFileTime    0000000180014622 f   kernel32:KERNEL32.dll
 0001:00013628       DisableThreadLibraryCalls  0000000180014628 f   kernel32:KERNEL32.dll
 0001:0001362e       InitializeSListHead        000000018001462e f   kernel32:KERNEL32.dll
 0001:00013634       IsDebuggerPresent          0000000180014634 f   kernel32:KERNEL32.dll
 0001:0001363a       GetStartupInfoW            000000018001463a f   kernel32:KERNEL32.dll
 0001:00013640       GetModuleHandleW           0000000180014640 f   kernel32:KERNEL32.dll
 0001:00013646       memset                     0000000180014646 f   vcruntime:VCRUNTIME140.dll
 0001:0001364c       memcpy                     000000018001464c f   vcruntime:VCRUNTIME140.dll
 0001:00013652       __C_specific_handler       0000000180014652 f   vcruntime:VCRUNTIME140.dll
 0001:00013658       __std_type_info_destroy_list 0000000180014658 f   vcruntime:VCRUNTIME140.dll
 0001:0001365e       strcmp                     000000018001465e f   ucrt:api-ms-win-crt-string-l1-1-0.dll
 0001:00013664       free                       0000000180014664 f   ucrt:api-ms-win-crt-heap-l1-1-0.dll
 0001:0001366a       malloc                     000000018001466a f   ucrt:api-ms-win-crt-heap-l1-1-0.dll
 0001:00013670       __stdio_common_vsprintf    0000000180014670 f   ucrt:api-ms-win-crt-stdio-l1-1-0.dll
 0001:00013676       strlen                     0000000180014676 f   ucrt:api-ms-win-crt-string-l1-1-0.dll
 0001:0001367c       _initterm                  000000018001467c f   ucrt:api-ms-win-crt-runtime-l1-1-0.dll
 0001:00013682       _initterm_e                0000000180014682 f   ucrt:api-ms-win-crt-runtime-l1-1-0.dll
 0001:00013688       _seh_filter_dll            0000000180014688 f   ucrt:api-ms-win-crt-runtime-l1-1-0.dll
 0001:0001368e       _configure_narrow_argv     000000018001468e f   ucrt:api-ms-win-crt-runtime-l1-1-0.dll
 0001:00013694       _initialize_narrow_environment 0000000180014694 f   ucrt:api-ms-win-crt-runtime-l1-1-0.dll
 0001:0001369a       _initialize_onexit_table   000000018001469a f   ucrt:api-ms-win-crt-runtime-l1-1-0.dll
 0001:000136a0       _register_onexit_function  00000001800146a0 f   ucrt:api-ms-win-crt-runtime-l1-1-0.dll
 0001:000136a6       _execute_onexit_table      00000001800146a6 f   ucrt:api-ms-win-crt-runtime-l1-1-0.dll
 0001:000136ac       _crt_atexit                00000001800146ac f   ucrt:api-ms-win-crt-runtime-l1-1-0.dll
 0001:000136b2       _crt_at_quick_exit         00000001800146b2 f   ucrt:api-ms-win-crt-runtime-l1-1-0.dll
 0001:000136b8       _cexit                     00000001800146b8 f   ucrt:api-ms-win-crt-runtime-l1-1-0.dll
 0001:000136be       terminate                  00000001800146be f   ucrt:api-ms-win-crt-runtime-l1-1-0.dll
 0001:000136c4       __acrt_initialize          00000001800146c4 f   MSVCRT:ucrt_stubs.obj
 0001:000136c4       __vcrt_initialize          00000001800146c4 f   MSVCRT:ucrt_stubs.obj
 0001:000136c4       __scrt_stub_for_acrt_initialize 00000001800146c4 f   MSVCRT:ucrt_stubs.obj
 0001:000136c8       __vcrt_thread_attach       00000001800146c8 f   MSVCRT:ucrt_stubs.obj
 0001:000136c8       __scrt_stub_for_acrt_thread_attach 00000001800146c8 f   MSVCRT:ucrt_stubs.obj
 0001:000136c8       __acrt_thread_attach       00000001800146c8 f   MSVCRT:ucrt_stubs.obj
 0001:000136cc       __scrt_stub_for_acrt_thread_detach 00000001800146cc f   MSVCRT:ucrt_stubs.obj
 0001:000136cc       __acrt_thread_detach       00000001800146cc f   MSVCRT:ucrt_stubs.obj
 0001:000136cc       __vcrt_thread_detach       00000001800146cc f   MSVCRT:ucrt_stubs.obj
 0001:000136d0       __vcrt_uninitialize        00000001800146d0 f   MSVCRT:ucrt_stubs.obj
 0001:000136d0       __acrt_uninitialize        00000001800146d0 f   MSVCRT:ucrt_stubs.obj
 0001:000136d0       __scrt_stub_for_acrt_uninitialize 00000001800146d0 f   MSVCRT:ucrt_stubs.obj
 0001:000136d4       __scrt_stub_for_acrt_uninitialize_critical 00000001800146d4 f   MSVCRT:ucrt_stubs.obj
 0001:000136d4       __acrt_uninitialize_critical 00000001800146d4 f   MSVCRT:ucrt_stubs.obj
 0001:000136d4       __vcrt_uninitialize_critical 00000001800146d4 f   MSVCRT:ucrt_stubs.obj
 0001:000136d8       __scrt_stub_for_is_c_termination_complete 00000001800146d8 f   MSVCRT:ucrt_stubs.obj
 0001:000136d8       _is_c_termination_complete 00000001800146d8 f   MSVCRT:ucrt_stubs.obj
 0001:000136f0       _guard_dispatch_icall_nop  00000001800146f0 f   MSVCRT:_guard_dispatch_.obj
 0002:00000000       __imp_RtlCaptureContext    0000000180015000     kernel32:KERNEL32.dll
 0002:00000008       __imp_RtlLookupFunctionEntry 0000000180015008     kernel32:KERNEL32.dll
 0002:00000010       __imp_RtlVirtualUnwind     0000000180015010     kernel32:KERNEL32.dll
 0002:00000018       __imp_UnhandledExceptionFilter 0000000180015018     kernel32:KERNEL32.dll
 0002:00000020       __imp_SetUnhandledExceptionFilter 0000000180015020     kernel32:KERNEL32.dll
 0002:00000028       __imp_GetCurrentProcess    0000000180015028     kernel32:KERNEL32.dll
 0002:00000030       __imp_TerminateProcess     0000000180015030     kernel32:KERNEL32.dll
 0002:00000038       __imp_IsProcessorFeaturePresent 0000000180015038     kernel32:KERNEL32.dll
 0002:00000040       __imp_QueryPerformanceCounter 0000000180015040     kernel32:KERNEL32.dll
 0002:00000048       __imp_GetCurrentProcessId  0000000180015048     kernel32:KERNEL32.dll
 0002:00000050       __imp_GetCurrentThreadId   0000000180015050     kernel32:KERNEL32.dll
 0002:00000058       __imp_GetSystemTimeAsFileTime 0000000180015058     kernel32:KERNEL32.dll
 0002:00000060       __imp_DisableThreadLibraryCalls 0000000180015060     kernel32:KERNEL32.dll
 0002:00000068       __imp_InitializeSListHead  0000000180015068     kernel32:KERNEL32.dll
 0002:00000070       __imp_IsDebuggerPresent    0000000180015070     kernel32:KERNEL32.dll
 0002:00000078       __imp_GetStartupInfoW      0000000180015078     kernel32:KERNEL32.dll
 0002:00000080       __imp_GetModuleHandleW     0000000180015080     kernel32:KERNEL32.dll
 0002:00000088       \177KERNEL32_NULL_THUNK_DATA 0000000180015088     kernel32:KERNEL32.dll
 0002:00000090       __imp___C_specific_handler 0000000180015090     vcruntime:VCRUNTIME140.dll
 0002:00000098       __imp_memcpy               0000000180015098     vcruntime:VCRUNTIME140.dll
 0002:000000a0       __imp_memset               00000001800150a0     vcruntime:VCRUNTIME140.dll
 0002:000000a8       __imp___std_type_info_destroy_list 00000001800150a8     vcruntime:VCRUNTIME140.dll
 0002:000000b0       \177VCRUNTIME140_NULL_THUNK_DATA 00000001800150b0     vcruntime:VCRUNTIME140.dll
 0002:000000b8       __imp_malloc               00000001800150b8     ucrt:api-ms-win-crt-heap-l1-1-0.dll
 0002:000000c0       __imp_free                 00000001800150c0     ucrt:api-ms-win-crt-heap-l1-1-0.dll
 0002:000000c8       \177api-ms-win-crt-heap-l1-1-0_NULL_THUNK_DATA 00000001800150c8     ucrt:api-ms-win-crt-heap-l1-1-0.dll
 0002:000000d0       __imp__initterm            00000001800150d0     ucrt:api-ms-win-crt-runtime-l1-1-0.dll
 0002:000000d8       __imp__initterm_e          00000001800150d8     ucrt:api-ms-win-crt-runtime-l1-1-0.dll
 0002:000000e0       __imp__seh_filter_dll      00000001800150e0     ucrt:api-ms-win-crt-runtime-l1-1-0.dll
 0002:000000e8       __imp__configure_narrow_argv 00000001800150e8     ucrt:api-ms-win-crt-runtime-l1-1-0.dll
 0002:000000f0       __imp__initialize_narrow_environment 00000001800150f0     ucrt:api-ms-win-crt-runtime-l1-1-0.dll
 0002:000000f8       __imp__initialize_onexit_table 00000001800150f8     ucrt:api-ms-win-crt-runtime-l1-1-0.dll
 0002:00000100       __imp__register_onexit_function 0000000180015100     ucrt:api-ms-win-crt-runtime-l1-1-0.dll
 0002:00000108       __imp__execute_onexit_table 0000000180015108     ucrt:api-ms-win-crt-runtime-l1-1-0.dll
 0002:00000110       __imp__crt_atexit          0000000180015110     ucrt:api-ms-win-crt-runtime-l1-1-0.dll
 0002:00000118       __imp__crt_at_quick_exit   0000000180015118     ucrt:api-ms-win-crt-runtime-l1-1-0.dll
 0002:00000120       __imp__cexit               0000000180015120     ucrt:api-ms-win-crt-runtime-l1-1-0.dll
 0002:00000128       __imp_terminate            0000000180015128     ucrt:api-ms-win-crt-runtime-l1-1-0.dll
 0002:00000130       \177api-ms-win-crt-runtime-l1-1-0_NULL_THUNK_DATA 0000000180015130     ucrt:api-ms-win-crt-runtime-l1-1-0.dll
 0002:00000138       __imp___stdio_common_vsprintf 0000000180015138     ucrt:api-ms-win-crt-stdio-l1-1-0.dll
 0002:00000140       \177api-ms-win-crt-stdio-l1-1-0_NULL_THUNK_DATA 0000000180015140     ucrt:api-ms-win-crt-stdio-l1-1-0.dll
 0002:00000148       __imp_strlen               0000000180015148     ucrt:api-ms-win-crt-string-l1-1-0.dll
 0002:00000150       __imp_strcmp               0000000180015150     ucrt:api-ms-win-crt-string-l1-1-0.dll
 0002:00000158       \177api-ms-win-crt-string-l1-1-0_NULL_THUNK_DATA 0000000180015158     ucrt:api-ms-win-crt-string-l1-1-0.dll
 0002:00000160       __imp_emlrtNameCaptureMxArrayR2016a 0000000180015160     libemlrt:libemlrt.dll
 0002:00000168       \177libemlrt_NULL_THUNK_DATA 0000000180015168     libemlrt:libemlrt.dll
 0002:00000170       __imp_mexErrMsgTxt         0000000180015170     libmex:libmex.dll
 0002:00000178       __imp_mexWarnMsgTxt        0000000180015178     libmex:libmex.dll
 0002:00000180       __imp_mexIsLocked          0000000180015180     libmex:libmex.dll
 0002:00000188       __imp_mexUnlock            0000000180015188     libmex:libmex.dll
 0002:00000190       __imp_mexLock              0000000180015190     libmex:libmex.dll
 0002:00000198       __imp_mexCallMATLABWithObject 0000000180015198     libmex:libmex.dll
 0002:000001a0       __imp_mexMakeArrayPersistent 00000001800151a0     libmex:libmex.dll
 0002:000001a8       \177libmex_NULL_THUNK_DATA 00000001800151a8     libmex:libmex.dll
 0002:000001b0       __imp_muDoubleScalarAtan   00000001800151b0     libmwmathutil:libmwmathutil.dll
 0002:000001b8       \177libmwmathutil_NULL_THUNK_DATA 00000001800151b8     libmwmathutil:libmwmathutil.dll
 0002:000001c0       __imp_mxGetN               00000001800151c0     libmx:libmx.dll
 0002:000001c8       __imp_mxIsComplex          00000001800151c8     libmx:libmx.dll
 0002:000001d0       __imp_mxGetClassID         00000001800151d0     libmx:libmx.dll
 0002:000001d8       __imp_mxGetM               00000001800151d8     libmx:libmx.dll
 0002:000001e0       __imp_mxCalloc             00000001800151e0     libmx:libmx.dll
 0002:000001e8       __imp_mxCreateStructArray_730 00000001800151e8     libmx:libmx.dll
 0002:000001f0       __imp_mxCreateStructMatrix_730 00000001800151f0     libmx:libmx.dll
 0002:000001f8       __imp_mxCreateCellArray_730 00000001800151f8     libmx:libmx.dll
 0002:00000200       __imp_mxCreateCellMatrix_730 0000000180015200     libmx:libmx.dll
 0002:00000208       __imp_mxCreateString       0000000180015208     libmx:libmx.dll
 0002:00000210       __imp_mxCreateDoubleScalar 0000000180015210     libmx:libmx.dll
 0002:00000218       __imp_mxSetField_730       0000000180015218     libmx:libmx.dll
 0002:00000220       __imp_mxDuplicateArray     0000000180015220     libmx:libmx.dll
 0002:00000228       __imp_mxGetString_730      0000000180015228     libmx:libmx.dll
 0002:00000230       __imp_mxCreateDoubleMatrix_730 0000000180015230     libmx:libmx.dll
 0002:00000238       __imp_mxDestroyArray       0000000180015238     libmx:libmx.dll
 0002:00000240       __imp_mxGetScalar          0000000180015240     libmx:libmx.dll
 0002:00000248       __imp_mxGetPr              0000000180015248     libmx:libmx.dll
 0002:00000250       __imp_mxIsChar             0000000180015250     libmx:libmx.dll
 0002:00000258       __imp_mxIsNumeric          0000000180015258     libmx:libmx.dll
 0002:00000260       \177libmx_NULL_THUNK_DATA  0000000180015260     libmx:libmx.dll
 0002:00000268       __imp_utFree               0000000180015268     libut:libut.dll
 0002:00000270       __imp_utMalloc             0000000180015270     libut:libut.dll
 0002:00000278       \177libut_NULL_THUNK_DATA  0000000180015278     libut:libut.dll
 0002:00000280       __imp_sf_clear_error_manager_info 0000000180015280     sf_runtime:sf_runtime.dll
 0002:00000288       __imp_sf_debug_create_debug_instance_struct 0000000180015288     sf_runtime:sf_runtime.dll
 0002:00000290       __imp_sf_debug_call        0000000180015290     sf_runtime:sf_runtime.dll
 0002:00000298       __imp_sf_debug_api         0000000180015298     sf_runtime:sf_runtime.dll
 0002:000002a0       __imp_sf_get_hasSeparateUpdateOutputs 00000001800152a0     sf_runtime:sf_runtime.dll
 0002:000002a8       __imp_sf_get_ChartInfoStruct_CodeGen 00000001800152a8     sf_runtime:sf_runtime.dll
 0002:000002b0       __imp_sf_debug_set_script_translation 00000001800152b0     sf_runtime:sf_runtime.dll
 0002:000002b8       __imp_sf_debug_get_script_id 00000001800152b8     sf_runtime:sf_runtime.dll
 0002:000002c0       __imp_sf_debug_cv_init_state 00000001800152c0     sf_runtime:sf_runtime.dll
 0002:000002c8       __imp_sf_debug_cv_init_chart 00000001800152c8     sf_runtime:sf_runtime.dll
 0002:000002d0       __imp_sf_debug_cv_init_trans 00000001800152d0     sf_runtime:sf_runtime.dll
 0002:000002d8       __imp_sf_debug_data_range_wrapper 00000001800152d8     sf_runtime:sf_runtime.dll
 0002:000002e0       __imp_sf_debug_sub_assign_size_check_nd 00000001800152e0     sf_runtime:sf_runtime.dll
 0002:000002e8       __imp_sf_debug_set_chart_substate_count 00000001800152e8     sf_runtime:sf_runtime.dll
 0002:000002f0       __imp_sf_debug_set_chart_decomposition 00000001800152f0     sf_runtime:sf_runtime.dll
 0002:000002f8       __imp_sf_mex_error_direct_call 00000001800152f8     sf_runtime:sf_runtime.dll
 0002:00000300       __imp_sf_debug_set_chart_event_thresholds 0000000180015300     sf_runtime:sf_runtime.dll
 0002:00000308       __imp_sf_debug_set_chart_disable_implicit_casting 0000000180015308     sf_runtime:sf_runtime.dll
 0002:00000310       __imp_sf_debug_set_instance_data_value_ptr 0000000180015310     sf_runtime:sf_runtime.dll
 0002:00000318       __imp_sf_debug_symbol_scope_add_eml_dyn_emx_importable 0000000180015318     sf_runtime:sf_runtime.dll
 0002:00000320       __imp_sf_debug_symbol_scope_add_eml_importable 0000000180015320     sf_runtime:sf_runtime.dll
 0002:00000328       __imp_eml_debug_line_call  0000000180015328     sf_runtime:sf_runtime.dll
 0002:00000330       __imp_sf_debug_symbol_scope_add_eml 0000000180015330     sf_runtime:sf_runtime.dll
 0002:00000338       __imp_sf_debug_symbol_scope_pop 0000000180015338     sf_runtime:sf_runtime.dll
 0002:00000340       __imp_sf_debug_symbol_scope_push_eml 0000000180015340     sf_runtime:sf_runtime.dll
 0002:00000348       __imp_sf_debug_symbol_scope_push 0000000180015348     sf_runtime:sf_runtime.dll
 0002:00000350       __imp_sf_debug_set_chart_data_compiled_props 0000000180015350     sf_runtime:sf_runtime.dll
 0002:00000358       __imp_sf_debug_set_chart_data_props 0000000180015358     sf_runtime:sf_runtime.dll
 0002:00000360       __imp_sf_debug_check_for_state_inconsistency 0000000180015360     sf_runtime:sf_runtime.dll
 0002:00000368       __imp_sf_debug_reset_current_state_configuration 0000000180015368     sf_runtime:sf_runtime.dll
 0002:00000370       __imp_cv_script_init_fcn   0000000180015370     sf_runtime:sf_runtime.dll
 0002:00000378       __imp_cv_script_init_script 0000000180015378     sf_runtime:sf_runtime.dll
 0002:00000380       __imp_cv_script_eval       0000000180015380     sf_runtime:sf_runtime.dll
 0002:00000388       __imp_getRuntimeInstanceInfoAsVoid 0000000180015388     sf_runtime:sf_runtime.dll
 0002:00000390       __imp_call_sf_machine_global_method_dispatcher 0000000180015390     sf_runtime:sf_runtime.dll
 0002:00000398       __imp_sf_debug_set_chart_state_info 0000000180015398     sf_runtime:sf_runtime.dll
 0002:000003a0       __imp_cv_eml_init_relational 00000001800153a0     sf_runtime:sf_runtime.dll
 0002:000003a8       __imp_cv_eml_init_if       00000001800153a8     sf_runtime:sf_runtime.dll
 0002:000003b0       __imp_cv_eml_init_fcn      00000001800153b0     sf_runtime:sf_runtime.dll
 0002:000003b8       __imp_cv_eml_init_script   00000001800153b8     sf_runtime:sf_runtime.dll
 0002:000003c0       __imp_sf_debug_initialize_chart 00000001800153c0     sf_runtime:sf_runtime.dll
 0002:000003c8       __imp_sf_eml_array_bounds_check 00000001800153c8     sf_runtime:sf_runtime.dll
 0002:000003d0       __imp_ssGetOutputPortSignal_wrapper 00000001800153d0     sf_runtime:sf_runtime.dll
 0002:000003d8       __imp_ssGetInputPortSignal_wrapper 00000001800153d8     sf_runtime:sf_runtime.dll
 0002:000003e0       __imp_sf_mex_get_dimension 00000001800153e0     sf_runtime:sf_runtime.dll
 0002:000003e8       __imp_sf_mex_decode_encoded_mx_struct_array 00000001800153e8     sf_runtime:sf_runtime.dll
 0002:000003f0       __imp_sf_mex_import_vs     00000001800153f0     sf_runtime:sf_runtime.dll
 0002:000003f8       __imp_sf_mex_import        00000001800153f8     sf_runtime:sf_runtime.dll
 0002:00000400       __imp_sf_mex_destroy       0000000180015400     sf_runtime:sf_runtime.dll
 0002:00000408       __imp_sf_mex_dup           0000000180015408     sf_runtime:sf_runtime.dll
 0002:00000410       __imp_sf_mex_assign        0000000180015410     sf_runtime:sf_runtime.dll
 0002:00000418       __imp_sf_mex_getcell       0000000180015418     sf_runtime:sf_runtime.dll
 0002:00000420       __imp_sf_mex_setcell       0000000180015420     sf_runtime:sf_runtime.dll
 0002:00000428       __imp_sf_mex_createcellmatrix 0000000180015428     sf_runtime:sf_runtime.dll
 0002:00000430       __imp_sf_mex_create        0000000180015430     sf_runtime:sf_runtime.dll
 0002:00000438       __imp_sf_mex_error_message 0000000180015438     sf_runtime:sf_runtime.dll
 0002:00000440       __imp_sf_mex_call_debug    0000000180015440     sf_runtime:sf_runtime.dll
 0002:00000448       __imp_sf_register_codegen_names_for_scoped_functions_defined_by_chart 0000000180015448     sf_runtime:sf_runtime.dll
 0002:00000450       __imp_sf_set_chart_accesses_machine_info 0000000180015450     sf_runtime:sf_runtime.dll
 0002:00000458       __imp_sf_is_first_init_cond 0000000180015458     sf_runtime:sf_runtime.dll
 0002:00000460       __imp_sf_get_time          0000000180015460     sf_runtime:sf_runtime.dll
 0002:00000468       __imp_sf_set_rtw_dwork_info 0000000180015468     sf_runtime:sf_runtime.dll
 0002:00000470       __imp_sf_clear_rtw_identifier 0000000180015470     sf_runtime:sf_runtime.dll
 0002:00000478       __imp_cv_eval_relational   0000000180015478     sf_runtime:sf_runtime.dll
 0002:00000480       __imp_sf_mex_listen_for_ctrl_c_with_debugger 0000000180015480     sf_runtime:sf_runtime.dll
 0002:00000488       __imp_sim_mode_is_modelref_sim 0000000180015488     sf_runtime:sf_runtime.dll
 0002:00000490       __imp_sim_mode_is_external 0000000180015490     sf_runtime:sf_runtime.dll
 0002:00000498       __imp_cv_eml_eval          0000000180015498     sf_runtime:sf_runtime.dll
 0002:000004a0       __imp_sim_mode_is_rtw_gen  00000001800154a0     sf_runtime:sf_runtime.dll
 0002:000004a8       __imp_sf_mark_chart_expressionable_inputs 00000001800154a8     sf_runtime:sf_runtime.dll
 0002:000004b0       __imp_sf_mark_chart_reusable_outputs 00000001800154b0     sf_runtime:sf_runtime.dll
 0002:000004b8       __imp_sf_is_chart_inlinable 00000001800154b8     sf_runtime:sf_runtime.dll
 0002:000004c0       __imp_sf_update_buildInfo  00000001800154c0     sf_runtime:sf_runtime.dll
 0002:000004c8       __imp_sf_rtw_info_uint_prop 00000001800154c8     sf_runtime:sf_runtime.dll
 0002:000004d0       __imp_sf_get_chart_instance_ptr 00000001800154d0     sf_runtime:sf_runtime.dll
 0002:000004d8       __imp_sfrtGetEmlrtCtx      00000001800154d8     sf_runtime:sf_runtime.dll
 0002:000004e0       __imp_sf_free_ChartRunTimeInfo 00000001800154e0     sf_runtime:sf_runtime.dll
 0002:000004e8       __imp_sf_init_ChartRunTimeInfo 00000001800154e8     sf_runtime:sf_runtime.dll
 0002:000004f0       __imp_sf_debug_set_machine_data_thresholds 00000001800154f0     sf_runtime:sf_runtime.dll
 0002:000004f8       __imp_sf_debug_set_machine_event_thresholds 00000001800154f8     sf_runtime:sf_runtime.dll
 0002:00000500       __imp_callMdlMethodAndReportError 0000000180015500     sf_runtime:sf_runtime.dll
 0002:00000508       __imp_sf_debug_initialize_machine 0000000180015508     sf_runtime:sf_runtime.dll
 0002:00000510       __imp_sf_debug_terminate   0000000180015510     sf_runtime:sf_runtime.dll
 0002:00000518       __imp_sf_load_rtw_optimization_info 0000000180015518     sf_runtime:sf_runtime.dll
 0002:00000520       \177sf_runtime_NULL_THUNK_DATA 0000000180015520     sf_runtime:sf_runtime.dll
 0002:00000528       __guard_check_icall_fptr   0000000180015528     MSVCRT:guard_support.obj
 0002:00000530       __guard_dispatch_icall_fptr 0000000180015530     MSVCRT:guard_support.obj
 0002:00000538       __xc_a                     0000000180015538     MSVCRT:initializers.obj
 0002:00000540       __xc_z                     0000000180015540     MSVCRT:initializers.obj
 0002:00000548       __xi_a                     0000000180015548     MSVCRT:initializers.obj
 0002:00000550       __xi_z                     0000000180015550     MSVCRT:initializers.obj
 0002:00000558       __xp_a                     0000000180015558     MSVCRT:initializers.obj
 0002:00000560       __xp_z                     0000000180015560     MSVCRT:initializers.obj
 0002:00000568       __xt_a                     0000000180015568     MSVCRT:initializers.obj
 0002:00000570       __xt_z                     0000000180015570     MSVCRT:initializers.obj
 0002:00000580       __real@41bfcc8092000000    0000000180015580     modified_motor_sfun.obj
 0002:00000588       __real@41c89ac491800000    0000000180015588     modified_motor_sfun.obj
 0002:00000590       __real@41c9248248000000    0000000180015590     modified_motor_sfun.obj
 0002:00000598       __real@41d5d9811bc00000    0000000180015598     modified_motor_sfun.obj
 0002:000005a0       __real@41d5e5d945800000    00000001800155a0     modified_motor_sfun.obj
 0002:000005a8       __real@41d66eeeea800000    00000001800155a8     modified_motor_sfun.obj
 0002:000005b0       __real@41da8f3d09800000    00000001800155b0     modified_motor_sfun.obj
 0002:000005b8       __real@41e089b995000000    00000001800155b8     modified_motor_sfun.obj
 0002:000005c0       __real@41e631d633400000    00000001800155c0     modified_motor_sfun.obj
 0002:000005c8       __real@41e6cf2d8de00000    00000001800155c8     modified_motor_sfun.obj
 0002:000005d0       __real@41e9c26bff600000    00000001800155d0     modified_motor_sfun.obj
 0002:000005d8       __real@41ee02666f000000    00000001800155d8     modified_motor_sfun.obj
 0002:000005e0       __real@0000000000000000    00000001800155e0     c1_modified_motor.obj
 0002:000005e8       __real@3ff0000000000000    00000001800155e8     c1_modified_motor.obj
 0002:000005f0       __real@4000000000000000    00000001800155f0     c1_modified_motor.obj
 0002:000005f8       __real@4008000000000000    00000001800155f8     c1_modified_motor.obj
 0002:00000600       __real@4010000000000000    0000000180015600     c1_modified_motor.obj
 0002:00000608       __real@4024000000000000    0000000180015608     c1_modified_motor.obj
 0002:00000610       __real@4059000000000000    0000000180015610     c1_modified_motor.obj
 0002:00000618       __real@4069000000000000    0000000180015618     c1_modified_motor.obj
 0002:00000620       __real@4079000000000000    0000000180015620     c1_modified_motor.obj
 0002:00000628       __real@41e446154b600000    0000000180015628     c1_modified_motor.obj
 0002:00000630       __real@41e9f124d8200000    0000000180015630     c1_modified_motor.obj
 0002:00000638       __real@41ec462274a00000    0000000180015638     c1_modified_motor.obj
 0002:00000640       __real@41edc91eb8600000    0000000180015640     c1_modified_motor.obj
 0002:00000648       DYNAMIC_DIMENSION_DEF      0000000180015648     modified_motor_sfun_registry.obj
 0002:00000660       __real@41602cbca0000000    0000000180015660     modified_motor_sfun_registry.obj
 0002:00000668       __real@bff0000000000000    0000000180015668     modified_motor_sfun_registry.obj
 0002:00000680       _pRawDllMain               0000000180015680     MSVCRT:dll_dllmain.obj
 0002:00000680       _pDefaultRawDllMain        0000000180015680     MSVCRT:dll_dllmain.obj
 0002:000006b0       _load_config_used          00000001800156b0     MSVCRT:loadcfg.obj
 0002:00000970       __rtc_iaa                  0000000180015970     MSVCRT:_initsect_.obj
 0002:00000978       __rtc_izz                  0000000180015978     MSVCRT:_initsect_.obj
 0002:00000980       __rtc_taa                  0000000180015980     MSVCRT:_initsect_.obj
 0002:00000988       __rtc_tzz                  0000000180015988     MSVCRT:_initsect_.obj
 0002:0000138c       __IMPORT_DESCRIPTOR_sf_runtime 000000018001638c     sf_runtime:sf_runtime.dll
 0002:000013a0       __IMPORT_DESCRIPTOR_libmx  00000001800163a0     libmx:libmx.dll
 0002:000013b4       __IMPORT_DESCRIPTOR_libmex 00000001800163b4     libmex:libmex.dll
 0002:000013c8       __IMPORT_DESCRIPTOR_libut  00000001800163c8     libut:libut.dll
 0002:000013dc       __IMPORT_DESCRIPTOR_libmwmathutil 00000001800163dc     libmwmathutil:libmwmathutil.dll
 0002:000013f0       __IMPORT_DESCRIPTOR_libemlrt 00000001800163f0     libemlrt:libemlrt.dll
 0002:00001404       __IMPORT_DESCRIPTOR_KERNEL32 0000000180016404     kernel32:KERNEL32.dll
 0002:00001418       __IMPORT_DESCRIPTOR_VCRUNTIME140 0000000180016418     vcruntime:VCRUNTIME140.dll
 0002:0000142c       __IMPORT_DESCRIPTOR_api-ms-win-crt-string-l1-1-0 000000018001642c     ucrt:api-ms-win-crt-string-l1-1-0.dll
 0002:00001440       __IMPORT_DESCRIPTOR_api-ms-win-crt-heap-l1-1-0 0000000180016440     ucrt:api-ms-win-crt-heap-l1-1-0.dll
 0002:00001454       __IMPORT_DESCRIPTOR_api-ms-win-crt-stdio-l1-1-0 0000000180016454     ucrt:api-ms-win-crt-stdio-l1-1-0.dll
 0002:00001468       __IMPORT_DESCRIPTOR_api-ms-win-crt-runtime-l1-1-0 0000000180016468     ucrt:api-ms-win-crt-runtime-l1-1-0.dll
 0002:0000147c       __NULL_IMPORT_DESCRIPTOR   000000018001647c     sf_runtime:sf_runtime.dll
 0003:00001b68       DYNAMIC_DIMENSION          0000000180019b68     modified_motor_sfun_registry.obj
 0003:00003be0       __security_cookie          000000018001bbe0     MSVCRT:gs_cookie.obj
 0003:00003be8       __security_cookie_complement 000000018001bbe8     MSVCRT:gs_cookie.obj
 0003:00003bf0       _fltused                   000000018001bbf0     MSVCRT:dllsupp.obj
 0003:00003c00       __scrt_native_dllmain_reason 000000018001bc00     MSVCRT:utility.obj
 0003:00003c08       __isa_available            000000018001bc08     MSVCRT:_cpu_disp_.obj
 0003:00003c0c       __isa_enabled              000000018001bc0c     MSVCRT:_cpu_disp_.obj
 0003:00003c10       __memcpy_nt_iters          000000018001bc10     MSVCRT:_cpu_disp_.obj
 0003:00003c20       __scrt_ucrt_dll_is_in_use  000000018001bc20     MSVCRT:ucrt_stubs.obj
 0003:00003c58       sfGlobalDebugInstanceStruct 000000018001bc58     modified_motor_sfun_registry.obj
 0003:000051d8       __scrt_current_native_startup_state 000000018001d1d8     MSVCRT:utility.obj
 0003:000051e0       __scrt_native_startup_lock 000000018001d1e0     MSVCRT:utility.obj
 0003:00005220       ?__type_info_root_node@@3U__type_info_node@@A 000000018001d220     MSVCRT:tncleanup.obj
 0003:00005230       ?_OptionsStorage@?1??__local_stdio_printf_options@@9@4_KA 000000018001d230     MSVCRT:default_local_stdio_options.obj
 0003:00005238       ?_OptionsStorage@?1??__local_stdio_scanf_options@@9@4_KA 000000018001d238     MSVCRT:default_local_stdio_options.obj
 0003:00005240       __scrt_debugger_hook_flag  000000018001d240     MSVCRT:utility_desktop.obj
 0003:00005244       __favor                    000000018001d244     MSVCRT:_cpu_disp_.obj
 0003:00005248       ?_OptionsStorage@?1??__local_stdio_printf_options@@9@9 000000018001d248     <common>
 0003:00005250       _modified_motorMachineNumber_ 000000018001d250     <common>
 0003:00005258       __dyn_tls_init_callback    000000018001d258     <common>

 entry point at        0001:00012ac8

 Static symbols

 0000:00000000       .debug$S                   0000000180000000     sf_runtime:sf_runtime.dll
 0000:00000000       .debug$S                   0000000180000000     modified_motor_sfun.exp
 0000:00000000       .debug$S                   0000000180000000     sf_runtime:sf_runtime.dll
 0000:00000000       .debug$S                   0000000180000000     sf_runtime:sf_runtime.dll
 0000:00000000       .debug$S                   0000000180000000     sf_runtime:sf_runtime.dll
 0000:00000000       .debug$S                   0000000180000000     sf_runtime:sf_runtime.dll
 0000:00000000       .debug$S                   0000000180000000     sf_runtime:sf_runtime.dll
 0000:00000000       .debug$S                   0000000180000000     ucrt:api-ms-win-crt-heap-l1-1-0.dll
 0000:00000000       .debug$S                   0000000180000000     ucrt:api-ms-win-crt-heap-l1-1-0.dll
 0000:00000000       .debug$S                   0000000180000000     ucrt:api-ms-win-crt-runtime-l1-1-0.dll
 0000:00000000       .debug$S                   0000000180000000     ucrt:api-ms-win-crt-runtime-l1-1-0.dll
 0000:00000000       .debug$S                   0000000180000000     ucrt:api-ms-win-crt-runtime-l1-1-0.dll
 0000:00000000       .debug$S                   0000000180000000     ucrt:api-ms-win-crt-runtime-l1-1-0.dll
 0000:00000000       .debug$S                   0000000180000000     ucrt:api-ms-win-crt-runtime-l1-1-0.dll
 0000:00000000       .debug$S                   0000000180000000     ucrt:api-ms-win-crt-runtime-l1-1-0.dll
 0000:00000000       .debug$S                   0000000180000000     ucrt:api-ms-win-crt-runtime-l1-1-0.dll
 0000:00000000       .debug$S                   0000000180000000     ucrt:api-ms-win-crt-runtime-l1-1-0.dll
 0000:00000000       .debug$S                   0000000180000000     ucrt:api-ms-win-crt-runtime-l1-1-0.dll
 0000:00000000       .debug$S                   0000000180000000     ucrt:api-ms-win-crt-runtime-l1-1-0.dll
 0000:00000000       .debug$S                   0000000180000000     ucrt:api-ms-win-crt-runtime-l1-1-0.dll
 0000:00000000       .debug$S                   0000000180000000     ucrt:api-ms-win-crt-runtime-l1-1-0.dll
 0000:00000000       .debug$S                   0000000180000000     ucrt:api-ms-win-crt-stdio-l1-1-0.dll
 0000:00000000       .debug$S                   0000000180000000     sf_runtime:sf_runtime.dll
 0000:00000000       .debug$S                   0000000180000000     ucrt:api-ms-win-crt-string-l1-1-0.dll
 0000:00000000       .debug$S                   0000000180000000     ucrt:api-ms-win-crt-string-l1-1-0.dll
 0000:00000000       .debug$S                   0000000180000000     sf_runtime:sf_runtime.dll
 0000:00000000       .debug$S                   0000000180000000     vcruntime:VCRUNTIME140.dll
 0000:00000000       .debug$S                   0000000180000000     vcruntime:VCRUNTIME140.dll
 0000:00000000       .debug$S                   0000000180000000     vcruntime:VCRUNTIME140.dll
 0000:00000000       .debug$S                   0000000180000000     vcruntime:VCRUNTIME140.dll
 0000:00000000       .debug$S                   0000000180000000     sf_runtime:sf_runtime.dll
 0000:00000000       .debug$S                   0000000180000000     kernel32:KERNEL32.dll
 0000:00000000       .debug$S                   0000000180000000     kernel32:KERNEL32.dll
 0000:00000000       .debug$S                   0000000180000000     kernel32:KERNEL32.dll
 0000:00000000       .debug$S                   0000000180000000     kernel32:KERNEL32.dll
 0000:00000000       .debug$S                   0000000180000000     kernel32:KERNEL32.dll
 0000:00000000       .debug$S                   0000000180000000     kernel32:KERNEL32.dll
 0000:00000000       .debug$S                   0000000180000000     kernel32:KERNEL32.dll
 0000:00000000       .debug$S                   0000000180000000     kernel32:KERNEL32.dll
 0000:00000000       .debug$S                   0000000180000000     kernel32:KERNEL32.dll
 0000:00000000       .debug$S                   0000000180000000     kernel32:KERNEL32.dll
 0000:00000000       .debug$S                   0000000180000000     kernel32:KERNEL32.dll
 0000:00000000       .debug$S                   0000000180000000     kernel32:KERNEL32.dll
 0000:00000000       .debug$S                   0000000180000000     kernel32:KERNEL32.dll
 0000:00000000       .debug$S                   0000000180000000     kernel32:KERNEL32.dll
 0000:00000000       .debug$S                   0000000180000000     kernel32:KERNEL32.dll
 0000:00000000       .debug$S                   0000000180000000     kernel32:KERNEL32.dll
 0000:00000000       .debug$S                   0000000180000000     kernel32:KERNEL32.dll
 0000:00000000       .debug$S                   0000000180000000     sf_runtime:sf_runtime.dll
 0000:00000000       .debug$S                   0000000180000000     sf_runtime:sf_runtime.dll
 0000:00000000       .debug$S                   0000000180000000     sf_runtime:sf_runtime.dll
 0000:00000000       .debug$S                   0000000180000000     sf_runtime:sf_runtime.dll
 0000:00000000       .debug$S                   0000000180000000     sf_runtime:sf_runtime.dll
 0000:00000000       .debug$S                   0000000180000000     sf_runtime:sf_runtime.dll
 0000:00000000       .debug$S                   0000000180000000     sf_runtime:sf_runtime.dll
 0000:00000000       .debug$S                   0000000180000000     sf_runtime:sf_runtime.dll
 0000:00000000       .debug$S                   0000000180000000     sf_runtime:sf_runtime.dll
 0000:00000000       .debug$S                   0000000180000000     sf_runtime:sf_runtime.dll
 0000:00000000       .debug$S                   0000000180000000     sf_runtime:sf_runtime.dll
 0000:00000000       .debug$S                   0000000180000000     sf_runtime:sf_runtime.dll
 0000:00000000       .debug$S                   0000000180000000     sf_runtime:sf_runtime.dll
 0000:00000000       .debug$S                   0000000180000000     sf_runtime:sf_runtime.dll
 0000:00000000       .debug$S                   0000000180000000     sf_runtime:sf_runtime.dll
 0000:00000000       .debug$S                   0000000180000000     sf_runtime:sf_runtime.dll
 0000:00000000       .debug$S                   0000000180000000     sf_runtime:sf_runtime.dll
 0000:00000000       .debug$S                   0000000180000000     sf_runtime:sf_runtime.dll
 0000:00000000       .debug$S                   0000000180000000     sf_runtime:sf_runtime.dll
 0000:00000000       .debug$S                   0000000180000000     sf_runtime:sf_runtime.dll
 0000:00000000       .debug$S                   0000000180000000     sf_runtime:sf_runtime.dll
 0000:00000000       .debug$S                   0000000180000000     sf_runtime:sf_runtime.dll
 0000:00000000       .debug$S                   0000000180000000     sf_runtime:sf_runtime.dll
 0000:00000000       .debug$S                   0000000180000000     sf_runtime:sf_runtime.dll
 0000:00000000       .debug$S                   0000000180000000     sf_runtime:sf_runtime.dll
 0000:00000000       .debug$S                   0000000180000000     sf_runtime:sf_runtime.dll
 0000:00000000       .debug$S                   0000000180000000     sf_runtime:sf_runtime.dll
 0000:00000000       .debug$S                   0000000180000000     sf_runtime:sf_runtime.dll
 0000:00000000       .debug$S                   0000000180000000     sf_runtime:sf_runtime.dll
 0000:00000000       .debug$S                   0000000180000000     sf_runtime:sf_runtime.dll
 0000:00000000       .debug$S                   0000000180000000     sf_runtime:sf_runtime.dll
 0000:00000000       .debug$S                   0000000180000000     sf_runtime:sf_runtime.dll
 0000:00000000       .debug$S                   0000000180000000     sf_runtime:sf_runtime.dll
 0000:00000000       .debug$S                   0000000180000000     sf_runtime:sf_runtime.dll
 0000:00000000       .debug$S                   0000000180000000     sf_runtime:sf_runtime.dll
 0000:00000000       .debug$S                   0000000180000000     sf_runtime:sf_runtime.dll
 0000:00000000       .debug$S                   0000000180000000     sf_runtime:sf_runtime.dll
 0000:00000000       .debug$S                   0000000180000000     sf_runtime:sf_runtime.dll
 0000:00000000       .debug$S                   0000000180000000     sf_runtime:sf_runtime.dll
 0000:00000000       .debug$S                   0000000180000000     sf_runtime:sf_runtime.dll
 0000:00000000       .debug$S                   0000000180000000     sf_runtime:sf_runtime.dll
 0000:00000000       .debug$S                   0000000180000000     sf_runtime:sf_runtime.dll
 0000:00000000       .debug$S                   0000000180000000     sf_runtime:sf_runtime.dll
 0000:00000000       .debug$S                   0000000180000000     sf_runtime:sf_runtime.dll
 0000:00000000       .debug$S                   0000000180000000     sf_runtime:sf_runtime.dll
 0000:00000000       .debug$S                   0000000180000000     sf_runtime:sf_runtime.dll
 0000:00000000       .debug$S                   0000000180000000     sf_runtime:sf_runtime.dll
 0000:00000000       .debug$S                   0000000180000000     sf_runtime:sf_runtime.dll
 0000:00000000       .debug$S                   0000000180000000     sf_runtime:sf_runtime.dll
 0000:00000000       .debug$S                   0000000180000000     sf_runtime:sf_runtime.dll
 0000:00000000       .debug$S                   0000000180000000     sf_runtime:sf_runtime.dll
 0000:00000000       .debug$S                   0000000180000000     sf_runtime:sf_runtime.dll
 0000:00000000       .debug$S                   0000000180000000     sf_runtime:sf_runtime.dll
 0000:00000000       .debug$S                   0000000180000000     sf_runtime:sf_runtime.dll
 0000:00000000       .debug$S                   0000000180000000     sf_runtime:sf_runtime.dll
 0000:00000000       .debug$S                   0000000180000000     sf_runtime:sf_runtime.dll
 0000:00000000       .debug$S                   0000000180000000     sf_runtime:sf_runtime.dll
 0000:00000000       .debug$S                   0000000180000000     sf_runtime:sf_runtime.dll
 0000:00000000       .debug$S                   0000000180000000     sf_runtime:sf_runtime.dll
 0000:00000000       .debug$S                   0000000180000000     sf_runtime:sf_runtime.dll
 0000:00000000       .debug$S                   0000000180000000     sf_runtime:sf_runtime.dll
 0000:00000000       .debug$S                   0000000180000000     sf_runtime:sf_runtime.dll
 0000:00000000       .debug$S                   0000000180000000     sf_runtime:sf_runtime.dll
 0000:00000000       .debug$S                   0000000180000000     sf_runtime:sf_runtime.dll
 0000:00000000       .debug$S                   0000000180000000     sf_runtime:sf_runtime.dll
 0000:00000000       .debug$S                   0000000180000000     sf_runtime:sf_runtime.dll
 0000:00000000       .debug$S                   0000000180000000     libemlrt:libemlrt.dll
 0000:00000000       .debug$S                   0000000180000000     sf_runtime:sf_runtime.dll
 0000:00000000       .debug$S                   0000000180000000     libmwmathutil:libmwmathutil.dll
 0000:00000000       .debug$S                   0000000180000000     sf_runtime:sf_runtime.dll
 0000:00000000       .debug$S                   0000000180000000     libut:libut.dll
 0000:00000000       .debug$S                   0000000180000000     libut:libut.dll
 0000:00000000       .debug$S                   0000000180000000     sf_runtime:sf_runtime.dll
 0000:00000000       .debug$S                   0000000180000000     libmex:libmex.dll
 0000:00000000       .debug$S                   0000000180000000     libmex:libmex.dll
 0000:00000000       .debug$S                   0000000180000000     libmex:libmex.dll
 0000:00000000       .debug$S                   0000000180000000     libmex:libmex.dll
 0000:00000000       .debug$S                   0000000180000000     libmex:libmex.dll
 0000:00000000       .debug$S                   0000000180000000     libmex:libmex.dll
 0000:00000000       .debug$S                   0000000180000000     libmex:libmex.dll
 0000:00000000       .debug$S                   0000000180000000     sf_runtime:sf_runtime.dll
 0000:00000000       .debug$S                   0000000180000000     libmx:libmx.dll
 0000:00000000       .debug$S                   0000000180000000     libmx:libmx.dll
 0000:00000000       .debug$S                   0000000180000000     libmx:libmx.dll
 0000:00000000       .debug$S                   0000000180000000     libmx:libmx.dll
 0000:00000000       .debug$S                   0000000180000000     libmx:libmx.dll
 0000:00000000       .debug$S                   0000000180000000     libmx:libmx.dll
 0000:00000000       .debug$S                   0000000180000000     libmx:libmx.dll
 0000:00000000       .debug$S                   0000000180000000     libmx:libmx.dll
 0000:00000000       .debug$S                   0000000180000000     libmx:libmx.dll
 0000:00000000       .debug$S                   0000000180000000     libmx:libmx.dll
 0000:00000000       .debug$S                   0000000180000000     libmx:libmx.dll
 0000:00000000       .debug$S                   0000000180000000     libmx:libmx.dll
 0000:00000000       .debug$S                   0000000180000000     libmx:libmx.dll
 0000:00000000       .debug$S                   0000000180000000     libmx:libmx.dll
 0000:00000000       .debug$S                   0000000180000000     libmx:libmx.dll
 0000:00000000       .debug$S                   0000000180000000     libmx:libmx.dll
 0000:00000000       .debug$S                   0000000180000000     libmx:libmx.dll
 0000:00000000       .debug$S                   0000000180000000     libmx:libmx.dll
 0000:00000000       .debug$S                   0000000180000000     libmx:libmx.dll
 0000:00000000       .debug$S                   0000000180000000     libmx:libmx.dll
 0000:00000000       .debug$S                   0000000180000000     sf_runtime:sf_runtime.dll
 0000:00000000       .debug$S                   0000000180000000     sf_runtime:sf_runtime.dll
 0000:00000000       .debug$S                   0000000180000000     sf_runtime:sf_runtime.dll
 0000:00000000       .debug$S                   0000000180000000     sf_runtime:sf_runtime.dll
 0000:00000000       .debug$S                   0000000180000000     sf_runtime:sf_runtime.dll
 0001:00001330       chart_debug_initialization 0000000180002330 f   c1_modified_motor.obj
 0001:00002000       chart_debug_initialize_data_addresses 0000000180003000 f   c1_modified_motor.obj
 0001:000021e0       initialize_c1_modified_motor 00000001800031e0 f   c1_modified_motor.obj
 0001:00002250       initialize_params_c1_modified_motor 0000000180003250 f   c1_modified_motor.obj
 0001:00002260       enable_c1_modified_motor   0000000180003260 f   c1_modified_motor.obj
 0001:00002290       disable_c1_modified_motor  0000000180003290 f   c1_modified_motor.obj
 0001:000022c0       c1_update_debugger_state_c1_modified_motor 00000001800032c0 f   c1_modified_motor.obj
 0001:000022d0       get_sim_state_c1_modified_motor 00000001800032d0 f   c1_modified_motor.obj
 0001:00002440       set_sim_state_c1_modified_motor 0000000180003440 f   c1_modified_motor.obj
 0001:00002590       finalize_c1_modified_motor 0000000180003590 f   c1_modified_motor.obj
 0001:000025a0       sf_gateway_c1_modified_motor 00000001800035a0 f   c1_modified_motor.obj
 0001:000029c0       mdl_start_c1_modified_motor 00000001800039c0 f   c1_modified_motor.obj
 0001:000029d0       c1_chartstep_c1_modified_motor 00000001800039d0 f   c1_modified_motor.obj
 0001:000049d0       initSimStructsc1_modified_motor 00000001800059d0 f   c1_modified_motor.obj
 0001:000049e0       c1_rect_to_polar           00000001800059e0 f   c1_modified_motor.obj
 0001:00005910       init_script_number_translation 0000000180006910 f   c1_modified_motor.obj
 0001:00005960       c1_sf_marshallOut          0000000180006960 f   c1_modified_motor.obj
 0001:00005a70       c1_emlrt_marshallIn        0000000180006a70 f   c1_modified_motor.obj
 0001:00005ae0       c1_b_emlrt_marshallIn      0000000180006ae0 f   c1_modified_motor.obj
 0001:00005bd0       c1_sf_marshallIn           0000000180006bd0 f   c1_modified_motor.obj
 0001:00005ce0       c1_b_sf_marshallOut        0000000180006ce0 f   c1_modified_motor.obj
 0001:00005e40       c1_c_sf_marshallOut        0000000180006e40 f   c1_modified_motor.obj
 0001:00005ef0       c1_c_emlrt_marshallIn      0000000180006ef0 f   c1_modified_motor.obj
 0001:00005f80       c1_b_sf_marshallIn         0000000180006f80 f   c1_modified_motor.obj
 0001:00006030       c1_d_sf_marshallOut        0000000180007030 f   c1_modified_motor.obj
 0001:00006190       c1_d_emlrt_marshallIn      0000000180007190 f   c1_modified_motor.obj
 0001:00006310       c1_c_sf_marshallIn         0000000180007310 f   c1_modified_motor.obj
 0001:00006460       c1_e_sf_marshallOut        0000000180007460 f   c1_modified_motor.obj
 0001:00006620       c1_e_emlrt_marshallIn      0000000180007620 f   c1_modified_motor.obj
 0001:00006860       c1_d_sf_marshallIn         0000000180007860 f   c1_modified_motor.obj
 0001:00006a20       c1_f_sf_marshallOut        0000000180007a20 f   c1_modified_motor.obj
 0001:00006be0       c1_f_emlrt_marshallIn      0000000180007be0 f   c1_modified_motor.obj
 0001:00006e20       c1_e_sf_marshallIn         0000000180007e20 f   c1_modified_motor.obj
 0001:00006fe0       c1_g_sf_marshallOut        0000000180007fe0 f   c1_modified_motor.obj
 0001:000070e0       c1_g_emlrt_marshallIn      00000001800080e0 f   c1_modified_motor.obj
 0001:000071c0       c1_f_sf_marshallIn         00000001800081c0 f   c1_modified_motor.obj
 0001:000072a0       c1_i_emlrt_marshallIn      00000001800082a0 f   c1_modified_motor.obj
 0001:00007310       c1_j_emlrt_marshallIn      0000000180008310 f   c1_modified_motor.obj
 0001:000073a0       init_dsm_address_info      00000001800083a0 f   c1_modified_motor.obj
 0001:000073b0       init_simulink_io_address   00000001800083b0 f   c1_modified_motor.obj
 0001:00007fa0       sf_get_sim_state_info_c1_modified_motor 0000000180008fa0 f   c1_modified_motor.obj
 0001:00008070       sf_get_instance_specialization 0000000180009070 f   c1_modified_motor.obj
 0001:00008080       sf_opaque_initialize_c1_modified_motor 0000000180009080 f   c1_modified_motor.obj
 0001:000080c0       sf_opaque_enable_c1_modified_motor 00000001800090c0 f   c1_modified_motor.obj
 0001:000080e0       sf_opaque_disable_c1_modified_motor 00000001800090e0 f   c1_modified_motor.obj
 0001:00008100       sf_opaque_gateway_c1_modified_motor 0000000180009100 f   c1_modified_motor.obj
 0001:00008120       sf_opaque_get_sim_state_c1_modified_motor 0000000180009120 f   c1_modified_motor.obj
 0001:00008150       sf_opaque_set_sim_state_c1_modified_motor 0000000180009150 f   c1_modified_motor.obj
 0001:00008180       sf_opaque_terminate_c1_modified_motor 0000000180009180 f   c1_modified_motor.obj
 0001:00008220       mdlProcessParameters_c1_modified_motor 0000000180009220 f   c1_modified_motor.obj
 0001:000082e0       mdlSetWorkWidths_c1_modified_motor 00000001800092e0 f   c1_modified_motor.obj
 0001:00008a00       mdlRTW_c1_modified_motor   0000000180009a00 f   c1_modified_motor.obj
 0001:00008a40       mdlStart_c1_modified_motor 0000000180009a40 f   c1_modified_motor.obj
[...]
 0004:0000027c       $pdata$sf_get_sim_state_info_c1_modified_motor 000000018001e27c     c1_modified_motor.obj
 0004:00000288       $pdata$sf_opaque_initialize_c1_modified_motor 000000018001e288     c1_modified_motor.obj
 0004:00000294       $pdata$sf_opaque_enable_c1_modified_motor 000000018001e294     c1_modified_motor.obj
 0004:000002a0       $pdata$sf_opaque_disable_c1_modified_motor 000000018001e2a0     c1_modified_motor.obj
 0004:000002ac       $pdata$sf_opaque_gateway_c1_modified_motor 000000018001e2ac     c1_modified_motor.obj
 0004:000002b8       $pdata$sf_opaque_get_sim_state_c1_modified_motor 000000018001e2b8     c1_modified_motor.obj
 0004:000002c4       $pdata$sf_opaque_set_sim_state_c1_modified_motor 000000018001e2c4     c1_modified_motor.obj
 0004:000002d0       $pdata$sf_opaque_terminate_c1_modified_motor 000000018001e2d0     c1_modified_motor.obj
 0004:000002dc       $pdata$mdlProcessParameters_c1_modified_motor 000000018001e2dc     c1_modified_motor.obj
 0004:000002e8       $pdata$mdlSetWorkWidths_c1_modified_motor 000000018001e2e8     c1_modified_motor.obj
 0004:000002f4       $pdata$mdlRTW_c1_modified_motor 000000018001e2f4     c1_modified_motor.obj
 0004:00000300       $pdata$mdlStart_c1_modified_motor 000000018001e300     c1_modified_motor.obj
 0004:0000030c       $pdata$mexFunction         000000018001e30c     modified_motor_sfun_registry.obj
 0004:00000318       $pdata$_ssSetInputPortDirectFeedThroughFcn 000000018001e318     modified_motor_sfun_registry.obj
 0004:00000324       $pdata$_ssGetInputPortSignalPtrsFcn 000000018001e324     modified_motor_sfun_registry.obj
 0004:00000330       $pdata$_ssGetInputPortSignalFcn 000000018001e330     modified_motor_sfun_registry.obj
 0004:0000033c       $pdata$_ssSetInputPortReusableFcn 000000018001e33c     modified_motor_sfun_registry.obj
 0004:00000348       $pdata$_ssSetOutputPortReusableFcn 000000018001e348     modified_motor_sfun_registry.obj
 0004:00000354       $pdata$_ssSetSymbolicDimsSupport 000000018001e354     modified_motor_sfun_registry.obj
 0004:00000360       $pdata$_ssRegisterSymbolicDimsExpr 000000018001e360     modified_motor_sfun_registry.obj
 0004:0000036c       $pdata$_ssRegisterSymbolicDims 000000018001e36c     modified_motor_sfun_registry.obj
 0004:00000378       $pdata$_ssRegisterSymbolicDimsString 000000018001e378     modified_motor_sfun_registry.obj
 0004:00000384       $pdata$_ssRegisterSymbolicDimsIntValue 000000018001e384     modified_motor_sfun_registry.obj
 0004:00000390       $pdata$_ssRegisterSymbolicDimsPlus 000000018001e390     modified_motor_sfun_registry.obj
 0004:0000039c       $pdata$_ssRegisterSymbolicDimsMinus 000000018001e39c     modified_motor_sfun_registry.obj
 0004:000003a8       $pdata$_ssRegisterSymbolicDimsMultiply 000000018001e3a8     modified_motor_sfun_registry.obj
 0004:000003b4       $pdata$_ssRegisterSymbolicDimsDivide 000000018001e3b4     modified_motor_sfun_registry.obj
 0004:000003c0       $pdata$_ssGetNumSymbolicDims 000000018001e3c0     modified_motor_sfun_registry.obj
 0004:000003cc       $pdata$_ssGetSymbolicDim   000000018001e3cc     modified_motor_sfun_registry.obj
 0004:000003d8       $pdata$_ssSetInputPortSymbolicDimsId 000000018001e3d8     modified_motor_sfun_registry.obj
 0004:000003e4       $pdata$_ssGetCompInputPortSymbolicDimsId 000000018001e3e4     modified_motor_sfun_registry.obj
 0004:000003f0       $pdata$_ssSetCompInputPortSymbolicDimsId 000000018001e3f0     modified_motor_sfun_registry.obj
 0004:000003fc       $pdata$_ssSetOutputPortSymbolicDimsId 000000018001e3fc     modified_motor_sfun_registry.obj
 0004:00000408       $pdata$_ssGetCompOutputPortSymbolicDimsId 000000018001e408     modified_motor_sfun_registry.obj
 0004:00000414       $pdata$_ssSetCompOutputPortSymbolicDimsId 000000018001e414     modified_motor_sfun_registry.obj
 0004:00000420       $pdata$_ssSetCompDWorkSymbolicDimsId 000000018001e420     modified_motor_sfun_registry.obj
 0004:0000042c       $pdata$ssGetIsZeroCrossControlDisabled 000000018001e42c     modified_motor_sfun_registry.obj
 0004:00000438       $pdata$ssSetIsInputPortUsedForContZcSignal 000000018001e438     modified_motor_sfun_registry.obj
 0004:00000444       $pdata$ssSetZcSignalIsZcElementDisc 000000018001e444     modified_motor_sfun_registry.obj
 0004:00000450       $pdata$ssSetZcSignalName   000000018001e450     modified_motor_sfun_registry.obj
 0004:0000045c       $pdata$ssSetZcSignalWidth  000000018001e45c     modified_motor_sfun_registry.obj
 0004:00000468       $pdata$ssSetZcSignalZcEventType 000000018001e468     modified_motor_sfun_registry.obj
 0004:00000474       $pdata$ssSetZcSignalType   000000018001e474     modified_motor_sfun_registry.obj
 0004:00000480       $pdata$ssSetZcSignalZcTol  000000018001e480     modified_motor_sfun_registry.obj
 0004:0000048c       $pdata$ssSetZcSignalNeedsEventNotification 000000018001e48c     modified_motor_sfun_registry.obj
 0004:00000498       $pdata$ssCreateAndAddZcSignalInfo 000000018001e498     modified_motor_sfun_registry.obj
 0004:000004a4       $pdata$ssCloneAndAddZcSignalInfo 000000018001e4a4     modified_motor_sfun_registry.obj
 0004:000004b0       $pdata$ssGetNumZcSignals   000000018001e4b0     modified_motor_sfun_registry.obj
 0004:000004bc       $pdata$ssGetZcSignalVector 000000018001e4bc     modified_motor_sfun_registry.obj
 0004:000004c8       $pdata$ssGetZcSignalName   000000018001e4c8     modified_motor_sfun_registry.obj
 0004:000004d4       $pdata$ssGetZcSignalWidth  000000018001e4d4     modified_motor_sfun_registry.obj
 0004:000004e0       $pdata$ssGetZcSignalZcEventType 000000018001e4e0     modified_motor_sfun_registry.obj
 0004:000004ec       $pdata$ssGetZcSignalZcEvents 000000018001e4ec     modified_motor_sfun_registry.obj
 0004:000004f8       $pdata$ssGetZcSignalType   000000018001e4f8     modified_motor_sfun_registry.obj
 0004:00000504       $pdata$ssGetZcSignalZcTol  000000018001e504     modified_motor_sfun_registry.obj
 0004:00000510       $pdata$ssGetZcSignalNeedsEventNotification 000000018001e510     modified_motor_sfun_registry.obj
 0004:0000051c       $pdata$ssGetZcSignalIsZcElementDisc 000000018001e51c     modified_motor_sfun_registry.obj
 0004:00000528       $pdata$ssGetIsInputPortElementContinuous 000000018001e528     modified_motor_sfun_registry.obj
 0004:00000534       $pdata$_ssSetIWorkValueFcn 000000018001e534     modified_motor_sfun_registry.obj
 0004:00000540       $pdata$_ssGetIWorkValueFcn 000000018001e540     modified_motor_sfun_registry.obj
 0004:0000054c       $pdata$_ssSetRWorkValueFcn 000000018001e54c     modified_motor_sfun_registry.obj
 0004:00000558       $pdata$_ssGetRWorkValueFcn 000000018001e558     modified_motor_sfun_registry.obj
 0004:00000564       $pdata$_ssSetPWorkValueFcn 000000018001e564     modified_motor_sfun_registry.obj
 0004:00000570       $pdata$_ssGetPWorkValueFcn 000000018001e570     modified_motor_sfun_registry.obj
 0004:0000057c       $pdata$ssGetDTypeIdFromMxArray 000000018001e57c     modified_motor_sfun_registry.obj
 0004:00000588       $pdata$ssWriteRTWStr       000000018001e588     modified_motor_sfun_registry.obj
 0004:00000594       $pdata$ssWriteRTWNameValuePair 000000018001e594     modified_motor_sfun_registry.obj
 0004:000005a0       $pdata$ssWriteRTWParamSettings 000000018001e5a0     modified_motor_sfun_registry.obj
 0004:000005ac       $pdata$ssWriteRTWParameters 000000018001e5ac     modified_motor_sfun_registry.obj
 0004:000005b8       $pdata$ssWriteRTWWorkVect  000000018001e5b8     modified_motor_sfun_registry.obj
 0004:000005c4       $pdata$ssWriteRTWMxVectParam 000000018001e5c4     modified_motor_sfun_registry.obj
 0004:000005d0       $pdata$ssWriteRTWMx2dMatParam 000000018001e5d0     modified_motor_sfun_registry.obj
 0004:000005dc       $pdata$_ssSetInputPortMatrixDimensions 000000018001e5dc     modified_motor_sfun_registry.obj
 0004:000005e8       $pdata$_ssSetOutputPortMatrixDimensions 000000018001e5e8     modified_motor_sfun_registry.obj
 0004:000005f4       $pdata$_ssSetInputPortVectorDimension 000000018001e5f4     modified_motor_sfun_registry.obj
 0004:00000600       $pdata$_ssSetOutputPortVectorDimension 000000018001e600     modified_motor_sfun_registry.obj
 0004:0000060c       $pdata$ssIsRunTimeParamTunable 000000018001e60c     modified_motor_sfun_registry.obj
 0004:00000618       $pdata$ssGetSFuncBlockHandle 000000018001e618     modified_motor_sfun_registry.obj
 0004:00000624       $pdata$_ssGetCurrentInputPortWidth 000000018001e624     modified_motor_sfun_registry.obj
 0004:00000630       $pdata$_ssGetCurrentOutputPortWidth 000000018001e630     modified_motor_sfun_registry.obj
 0004:0000063c       $pdata$_ssGetCallSystemNumFcnCallDestinations 000000018001e63c     modified_motor_sfun_registry.obj
 0004:00000648       $pdata$ssGetParameterTuningCompliance 000000018001e648     modified_motor_sfun_registry.obj
 0004:00000654       $pdata$ssWarning           000000018001e654     modified_motor_sfun_registry.obj
 0004:00000660       $pdata$_ssGetAbsTol        000000018001e660     modified_motor_sfun_registry.obj
 0004:0000066c       $pdata$sf_process_check_sum_call 000000018001e66c     modified_motor_sfun_registry.obj
 0004:00000678       $pdata$sf_process_testpoint_info_call 000000018001e678     modified_motor_sfun_registry.obj
 0004:00000684       $pdata$sf_process_autoinheritance_call 000000018001e684     modified_motor_sfun_registry.obj
 0004:00000690       $pdata$sf_process_get_third_party_uses_info_call 000000018001e690     modified_motor_sfun_registry.obj
 0004:0000069c       $pdata$sf_process_get_jit_fallback_info_call 000000018001e69c     modified_motor_sfun_registry.obj
 0004:000006a8       $pdata$sf_process_get_updateBuildInfo_args_info_call 000000018001e6a8     modified_motor_sfun_registry.obj
 0004:000006b4       $pdata$sf_process_get_eml_resolved_functions_info_call 000000018001e6b4     modified_motor_sfun_registry.obj
 0004:000006c0       $pdata$sf_mex_unlock_call  000000018001e6c0     modified_motor_sfun_registry.obj
 0004:000006cc       $pdata$sf_debug_api_wrapper 000000018001e6cc     modified_motor_sfun_registry.obj
 0004:000006d8       $pdata$ProcessMexSfunctionCmdLineCall 000000018001e6d8     modified_motor_sfun_registry.obj
 0004:000006e4       $pdata$sf_machine_global_initializer_called 000000018001e6e4     modified_motor_sfun_registry.obj
 0004:000006f0       $pdata$sf_machine_global_method_dispatcher 000000018001e6f0     modified_motor_sfun_registry.obj
 0004:000006fc       $pdata$sf_machine_global_terminator 000000018001e6fc     modified_motor_sfun_registry.obj
 0004:00000708       $pdata$sf_register_machine_exported_symbols 000000018001e708     modified_motor_sfun_registry.obj
 0004:00000714       $pdata$sf_machine_global_initializer 000000018001e714     modified_motor_sfun_registry.obj
 0004:00000720       $pdata$mdlGetSimState      000000018001e720     modified_motor_sfun_registry.obj
 0004:0000072c       $pdata$mdlSetSimState      000000018001e72c     modified_motor_sfun_registry.obj
 0004:00000738       $pdata$mdlSetWorkWidths    000000018001e738     modified_motor_sfun_registry.obj
 0004:00000744       $pdata$mdlProcessParameters 000000018001e744     modified_motor_sfun_registry.obj
 0004:00000750       $pdata$mdl_start_processing 000000018001e750     modified_motor_sfun_registry.obj
 0004:0000075c       $pdata$mdl_terminate_processing 000000018001e75c     modified_motor_sfun_registry.obj
 0004:00000768       $pdata$mdlStart            000000018001e768     modified_motor_sfun_registry.obj
 0004:00000774       $pdata$mdlTerminate        000000018001e774     modified_motor_sfun_registry.obj
 0004:00000780       $pdata$mdlInitializeSizes  000000018001e780     modified_motor_sfun_registry.obj
 0004:0000078c       $pdata$mdlInitializeSampleTimes 000000018001e78c     modified_motor_sfun_registry.obj
 0004:00000798       $pdata$mdl_outputs_continuous_legacy 000000018001e798     modified_motor_sfun_registry.obj
 0004:000007a4       $pdata$mdl_outputs_processing 000000018001e7a4     modified_motor_sfun_registry.obj
 0004:000007b0       $pdata$mdl_zeroCrossings_processing 000000018001e7b0     modified_motor_sfun_registry.obj
 0004:000007bc       $pdata$mdlZeroCrossings    000000018001e7bc     modified_motor_sfun_registry.obj
 0004:000007c8       $pdata$mdl_derivatives_processing 000000018001e7c8     modified_motor_sfun_registry.obj
 0004:000007d4       $pdata$mdlDerivatives      000000018001e7d4     modified_motor_sfun_registry.obj
 0004:000007e0       $pdata$mdl_initialize_conditions_processing 000000018001e7e0     modified_motor_sfun_registry.obj
 0004:000007ec       $pdata$mdlInitializeConditions 000000018001e7ec     modified_motor_sfun_registry.obj
 0004:000007f8       $pdata$mdl_ext_mode_exec_processing 000000018001e7f8     modified_motor_sfun_registry.obj
 0004:00000804       $pdata$mdlExtModeExec      000000018001e804     modified_motor_sfun_registry.obj
 0004:00000810       $pdata$mdlRTW              000000018001e810     modified_motor_sfun_registry.obj
 0004:0000081c       $pdata$mdl_enable_processing 000000018001e81c     modified_motor_sfun_registry.obj
 0004:00000828       $pdata$mdlEnable           000000018001e828     modified_motor_sfun_registry.obj
 0004:00000834       $pdata$mdl_disable_processing 000000018001e834     modified_motor_sfun_registry.obj
 0004:00000840       $pdata$mdlDisable          000000018001e840     modified_motor_sfun_registry.obj
 0004:0000084c       $pdata$mdlOutputs          000000018001e84c     modified_motor_sfun_registry.obj
 0004:00000858       $pdata$mdl_update_processing 000000018001e858     modified_motor_sfun_registry.obj
 0004:00000864       $pdata$mdlUpdate           000000018001e864     modified_motor_sfun_registry.obj
 0004:00000870       $pdata$ProcessMexSfunctionEveryCall 000000018001e870     modified_motor_sfun_registry.obj
 0004:0000087c       $pdata$_RegNumInputPortsCB 000000018001e87c     modified_motor_sfun_registry.obj
 0004:00000888       $pdata$_RegNumOutputPortsCB 000000018001e888     modified_motor_sfun_registry.obj
 0004:00000894       $pdata$_CreateSimStruct    000000018001e894     modified_motor_sfun_registry.obj
 0004:000008a0       $pdata$_ProcessMexSfunctionCmdLineCall 000000018001e8a0     modified_motor_sfun_registry.obj
 0004:000008ac       $pdata$ReportIndexOutOfBoundsError 000000018001e8ac     modified_motor_sfun_registry.obj
 0004:000008b8       $pdata$_vsnprintf_l        000000018001e8b8     modified_motor_sfun_registry.obj
 0004:000008c4       $pdata$_vsprintf_l         000000018001e8c4     modified_motor_sfun_registry.obj
 0004:000008d0       $pdata$sprintf             000000018001e8d0     modified_motor_sfun_registry.obj
 0004:000008dc       $pdata$__raise_securityfailure 000000018001e8dc     MSVCRT:gs_report.obj
 0004:000008e8       $pdata$__report_gsfailure  000000018001e8e8     MSVCRT:gs_report.obj
 0004:000008f4       $pdata$__report_rangecheckfailure 000000018001e8f4     MSVCRT:gs_report.obj
 0004:00000900       $pdata$__report_securityfailure 000000018001e900     MSVCRT:gs_report.obj
 0004:0000090c       $pdata$__report_securityfailureEx 000000018001e90c     MSVCRT:gs_report.obj
 0004:00000918       $pdata$capture_current_context 000000018001e918     MSVCRT:gs_report.obj
 0004:00000924       $pdata$capture_previous_context 000000018001e924     MSVCRT:gs_report.obj
 0004:00000930       $pdata$__GSHandlerCheck    000000018001e930     MSVCRT:_gshandler_.obj
 0004:0000093c       $pdata$__GSHandlerCheckCommon 000000018001e93c     MSVCRT:_gshandler_.obj
 0004:00000960       $pdata$?dllmain_crt_dispatch@@YAHQEAUHINSTANCE__@@KQEAX@Z 000000018001e960     MSVCRT:dll_dllmain.obj
 0004:0000096c       $pdata$?dllmain_crt_process_attach@@YAHQEAUHINSTANCE__@@QEAX@Z 000000018001e96c     MSVCRT:dll_dllmain.obj
 0004:00000978       $pdata$?dllmain_crt_process_detach@@YAH_N@Z 000000018001e978     MSVCRT:dll_dllmain.obj
 0004:00000984       $pdata$?dllmain_dispatch@@YAHQEAUHINSTANCE__@@KQEAX@Z 000000018001e984     MSVCRT:dll_dllmain.obj
 0004:00000990       $pdata$?dllmain_raw@@YAHQEAUHINSTANCE__@@KQEAX@Z 000000018001e990     MSVCRT:dll_dllmain.obj
 0004:0000099c       $pdata$_DllMainCRTStartup  000000018001e99c     MSVCRT:dll_dllmain.obj
 0004:000009a8       $pdata$?configure_argv@__scrt_narrow_argv_policy@@SAHXZ 000000018001e9a8     MSVCRT:utility.obj
 0004:000009b4       $pdata$__scrt_acquire_startup_lock 000000018001e9b4     MSVCRT:utility.obj
 0004:000009c0       $pdata$__scrt_dllmain_after_initialize_c 000000018001e9c0     MSVCRT:utility.obj
 0004:000009cc       $pdata$__scrt_dllmain_before_initialize_c 000000018001e9cc     MSVCRT:utility.obj
 0004:000009d8       $pdata$__scrt_dllmain_crt_thread_attach 000000018001e9d8     MSVCRT:utility.obj
 0004:000009e4       $pdata$__scrt_dllmain_crt_thread_detach 000000018001e9e4     MSVCRT:utility.obj
 0004:000009f0       $pdata$__scrt_dllmain_exception_filter 000000018001e9f0     MSVCRT:utility.obj
 0004:000009fc       $pdata$__scrt_dllmain_uninitialize_c 000000018001e9fc     MSVCRT:utility.obj
 0004:00000a08       $pdata$__scrt_dllmain_uninitialize_critical 000000018001ea08     MSVCRT:utility.obj
 0004:00000a14       $pdata$__scrt_initialize_crt 000000018001ea14     MSVCRT:utility.obj
 0004:00000a20       $pdata$__scrt_initialize_onexit_tables 000000018001ea20     MSVCRT:utility.obj
 0004:00000a2c       $pdata$__scrt_is_nonwritable_in_current_image 000000018001ea2c     MSVCRT:utility.obj
 0004:00000a38       $pdata$__scrt_release_startup_lock 000000018001ea38     MSVCRT:utility.obj
 0004:00000a44       $pdata$__scrt_uninitialize_crt 000000018001ea44     MSVCRT:utility.obj
 0004:00000a50       $pdata$_onexit             000000018001ea50     MSVCRT:utility.obj
 0004:00000a5c       $pdata$atexit              000000018001ea5c     MSVCRT:utility.obj
 0004:00000a68       $pdata$__security_init_cookie 000000018001ea68     MSVCRT:gs_support.obj
 0004:00000a74       $pdata$DllMain             000000018001ea74     MSVCRT:dll_dllmain_stub.obj
 0004:00000a80       $pdata$__scrt_initialize_default_local_stdio_options 000000018001ea80     MSVCRT:default_local_stdio_options.obj
 0004:00000a8c       $pdata$__scrt_fastfail     000000018001ea8c     MSVCRT:utility_desktop.obj
 0004:00000a98       $pdata$__scrt_get_show_window_mode 000000018001ea98     MSVCRT:utility_desktop.obj
 0004:00000aa4       $pdata$__scrt_is_managed_app 000000018001eaa4     MSVCRT:utility_desktop.obj
 0004:00000ab0       $pdata$__scrt_unhandled_exception_filter 000000018001eab0     MSVCRT:utility_desktop.obj
 0004:00000abc       $pdata$_RTC_Initialize     000000018001eabc     MSVCRT:_initsect_.obj
 0004:00000ac8       $pdata$_RTC_Terminate      000000018001eac8     MSVCRT:_initsect_.obj
 0004:00000ad4       $pdata$__isa_available_init 000000018001ead4     MSVCRT:_cpu_disp_.obj
 0004:00000aec       $pdata$?fin$0@?0??dllmain_crt_process_attach@@YAHQEAUHINSTANCE__@@QEAX@Z@4HA 000000018001eaec     MSVCRT:dll_dllmain.obj
 0004:00000af8       $pdata$?fin$0@?0??dllmain_crt_process_detach@@YAH_N@Z@4HA 000000018001eaf8     MSVCRT:dll_dllmain.obj
 0004:00000b04       $pdata$?filt$0@?0??dllmain_dispatch@@YAHQEAUHINSTANCE__@@KQEAX@Z@4HA 000000018001eb04     MSVCRT:dll_dllmain.obj
 0004:00000b10       $pdata$__scrt_is_nonwritable_in_current_image$filt$0 000000018001eb10     MSVCRT:utility.obj
 0005:00000000       __guard_fids_?dllmain_crt_process_attach@@YAHQEAUHINSTANCE__@@QEAX@Z 000000018001f000     MSVCRT:dll_dllmain.obj
 0005:00000008       __guard_fids_?dllmain_dispatch@@YAHQEAUHINSTANCE__@@KQEAX@Z 000000018001f008     MSVCRT:dll_dllmain.obj
 0005:0000000c       __guard_fids___scrt_set_unhandled_exception_filter 000000018001f00c     MSVCRT:utility_desktop.obj
 0005:00000010       __guard_fids__             000000018001f010     MSVCRT:guard_support.obj
 0005:00000014       __guard_fids__guard_icall_checks_enforced 000000018001f014     MSVCRT:guard_support.obj
